Archive member included because of file (symbol)

/usr/local/Cellar/arm-none-eabi-gcc/20130916/bin/../lib/gcc/arm-none-eabi/4.7.4/../../../../arm-none-eabi/lib/armv7-m/libg.a(lib_a-init.o)
                              ./Src/User/startup_stm32f10x_hd.o (__libc_init_array)
/usr/local/Cellar/arm-none-eabi-gcc/20130916/bin/../lib/gcc/arm-none-eabi/4.7.4/../../../../arm-none-eabi/lib/armv7-m/libg.a(lib_a-printf.o)
                              ./Src/User/Interrupt.o (printf)
/usr/local/Cellar/arm-none-eabi-gcc/20130916/bin/../lib/gcc/arm-none-eabi/4.7.4/../../../../arm-none-eabi/lib/armv7-m/libg.a(lib_a-puts.o)
                              ./Src/User/Interrupt.o (puts)
/usr/local/Cellar/arm-none-eabi-gcc/20130916/bin/../lib/gcc/arm-none-eabi/4.7.4/../../../../arm-none-eabi/lib/armv7-m/libg.a(lib_a-strlen.o)
                              /usr/local/Cellar/arm-none-eabi-gcc/20130916/bin/../lib/gcc/arm-none-eabi/4.7.4/../../../../arm-none-eabi/lib/armv7-m/libg.a(lib_a-puts.o) (strlen)
/usr/local/Cellar/arm-none-eabi-gcc/20130916/bin/../lib/gcc/arm-none-eabi/4.7.4/../../../../arm-none-eabi/lib/armv7-m/libg.a(lib_a-vfprintf.o)
                              /usr/local/Cellar/arm-none-eabi-gcc/20130916/bin/../lib/gcc/arm-none-eabi/4.7.4/../../../../arm-none-eabi/lib/armv7-m/libg.a(lib_a-printf.o) (_vfprintf_r)
/usr/local/Cellar/arm-none-eabi-gcc/20130916/bin/../lib/gcc/arm-none-eabi/4.7.4/../../../../arm-none-eabi/lib/armv7-m/libg.a(lib_a-wsetup.o)
                              /usr/local/Cellar/arm-none-eabi-gcc/20130916/bin/../lib/gcc/arm-none-eabi/4.7.4/../../../../arm-none-eabi/lib/armv7-m/libg.a(lib_a-vfprintf.o) (__swsetup_r)
/usr/local/Cellar/arm-none-eabi-gcc/20130916/bin/../lib/gcc/arm-none-eabi/4.7.4/../../../../arm-none-eabi/lib/armv7-m/libg.a(lib_a-dtoa.o)
                              /usr/local/Cellar/arm-none-eabi-gcc/20130916/bin/../lib/gcc/arm-none-eabi/4.7.4/../../../../arm-none-eabi/lib/armv7-m/libg.a(lib_a-vfprintf.o) (_dtoa_r)
/usr/local/Cellar/arm-none-eabi-gcc/20130916/bin/../lib/gcc/arm-none-eabi/4.7.4/../../../../arm-none-eabi/lib/armv7-m/libg.a(lib_a-fflush.o)
                              /usr/local/Cellar/arm-none-eabi-gcc/20130916/bin/../lib/gcc/arm-none-eabi/4.7.4/../../../../arm-none-eabi/lib/armv7-m/libg.a(lib_a-vfprintf.o) (_fflush_r)
/usr/local/Cellar/arm-none-eabi-gcc/20130916/bin/../lib/gcc/arm-none-eabi/4.7.4/../../../../arm-none-eabi/lib/armv7-m/libg.a(lib_a-findfp.o)
                              /usr/local/Cellar/arm-none-eabi-gcc/20130916/bin/../lib/gcc/arm-none-eabi/4.7.4/../../../../arm-none-eabi/lib/armv7-m/libg.a(lib_a-vfprintf.o) (__sinit)
/usr/local/Cellar/arm-none-eabi-gcc/20130916/bin/../lib/gcc/arm-none-eabi/4.7.4/../../../../arm-none-eabi/lib/armv7-m/libg.a(lib_a-freer.o)
                              /usr/local/Cellar/arm-none-eabi-gcc/20130916/bin/../lib/gcc/arm-none-eabi/4.7.4/../../../../arm-none-eabi/lib/armv7-m/libg.a(lib_a-wsetup.o) (_free_r)
/usr/local/Cellar/arm-none-eabi-gcc/20130916/bin/../lib/gcc/arm-none-eabi/4.7.4/../../../../arm-none-eabi/lib/armv7-m/libg.a(lib_a-fvwrite.o)
                              /usr/local/Cellar/arm-none-eabi-gcc/20130916/bin/../lib/gcc/arm-none-eabi/4.7.4/../../../../arm-none-eabi/lib/armv7-m/libg.a(lib_a-puts.o) (__sfvwrite_r)
/usr/local/Cellar/arm-none-eabi-gcc/20130916/bin/../lib/gcc/arm-none-eabi/4.7.4/../../../../arm-none-eabi/lib/armv7-m/libg.a(lib_a-fwalk.o)
                              /usr/local/Cellar/arm-none-eabi-gcc/20130916/bin/../lib/gcc/arm-none-eabi/4.7.4/../../../../arm-none-eabi/lib/armv7-m/libg.a(lib_a-findfp.o) (_fwalk)
/usr/local/Cellar/arm-none-eabi-gcc/20130916/bin/../lib/gcc/arm-none-eabi/4.7.4/../../../../arm-none-eabi/lib/armv7-m/libg.a(lib_a-impure.o)
                              /usr/local/Cellar/arm-none-eabi-gcc/20130916/bin/../lib/gcc/arm-none-eabi/4.7.4/../../../../arm-none-eabi/lib/armv7-m/libg.a(lib_a-fflush.o) (_global_impure_ptr)
/usr/local/Cellar/arm-none-eabi-gcc/20130916/bin/../lib/gcc/arm-none-eabi/4.7.4/../../../../arm-none-eabi/lib/armv7-m/libg.a(lib_a-locale.o)
                              /usr/local/Cellar/arm-none-eabi-gcc/20130916/bin/../lib/gcc/arm-none-eabi/4.7.4/../../../../arm-none-eabi/lib/armv7-m/libg.a(lib_a-vfprintf.o) (_localeconv_r)
/usr/local/Cellar/arm-none-eabi-gcc/20130916/bin/../lib/gcc/arm-none-eabi/4.7.4/../../../../arm-none-eabi/lib/armv7-m/libg.a(lib_a-makebuf.o)
                              /usr/local/Cellar/arm-none-eabi-gcc/20130916/bin/../lib/gcc/arm-none-eabi/4.7.4/../../../../arm-none-eabi/lib/armv7-m/libg.a(lib_a-wsetup.o) (__smakebuf_r)
/usr/local/Cellar/arm-none-eabi-gcc/20130916/bin/../lib/gcc/arm-none-eabi/4.7.4/../../../../arm-none-eabi/lib/armv7-m/libg.a(lib_a-mallocr.o)
                              /usr/local/Cellar/arm-none-eabi-gcc/20130916/bin/../lib/gcc/arm-none-eabi/4.7.4/../../../../arm-none-eabi/lib/armv7-m/libg.a(lib_a-findfp.o) (_malloc_r)
[...]
Memory Configuration

Name             Origin             Length             Attributes
FLASH            0x0000000008000000 0x0000000000080000 xr
RAM              0x0000000020000000 0x0000000000010000 xrw
MEMORY_B1        0x0000000060000000 0x0000000000000000 xr
*default*        0x0000000000000000 0xffffffffffffffff

Linker script and memory map

LOAD ./Src/User/Interrupt.o
LOAD ./Src/User/startup_stm32f10x_hd.o
LOAD ./Src/Lib/StdPeriph/Src/misc.o
LOAD ./Src/Lib/StdPeriph/Src/stm32f10x_adc.o
LOAD ./Src/Lib/StdPeriph/Src/stm32f10x_bkp.o
LOAD ./Src/Lib/StdPeriph/Src/stm32f10x_can.o
LOAD ./Src/Lib/StdPeriph/Src/stm32f10x_cec.o
LOAD ./Src/Lib/StdPeriph/Src/stm32f10x_crc.o
LOAD ./Src/Lib/StdPeriph/Src/stm32f10x_dac.o
LOAD ./Src/Lib/StdPeriph/Src/stm32f10x_dbgmcu.o
LOAD ./Src/Lib/StdPeriph/Src/stm32f10x_dma.o
LOAD ./Src/Lib/StdPeriph/Src/stm32f10x_exti.o
LOAD ./Src/Lib/StdPeriph/Src/stm32f10x_flash.o
LOAD ./Src/Lib/StdPeriph/Src/stm32f10x_fsmc.o
LOAD ./Src/Lib/StdPeriph/Src/stm32f10x_gpio.o
LOAD ./Src/Lib/StdPeriph/Src/stm32f10x_i2c.o
LOAD ./Src/Lib/StdPeriph/Src/stm32f10x_iwdg.o
LOAD ./Src/Lib/StdPeriph/Src/stm32f10x_pwr.o
LOAD ./Src/Lib/StdPeriph/Src/stm32f10x_rcc.o
LOAD ./Src/Lib/StdPeriph/Src/stm32f10x_rtc.o
LOAD ./Src/Lib/StdPeriph/Src/stm32f10x_sdio.o
LOAD ./Src/Lib/StdPeriph/Src/stm32f10x_spi.o
LOAD ./Src/Lib/StdPeriph/Src/stm32f10x_tim.o
LOAD ./Src/Lib/StdPeriph/Src/stm32f10x_usart.o
LOAD ./Src/Lib/StdPeriph/Src/stm32f10x_wwdg.o
LOAD ./Src/Lib/Debug/Src/ITM.o
LOAD ./Src/Lib/CMSIS/Src/core_cm3.o
LOAD ./Src/Lib/CMSIS/Src/startup_stm32f10x.o
LOAD ./Src/Lib/CMSIS/Src/system_stm32f10x.o
LOAD ./Src/BeatOS_Main.o
START GROUP
LOAD /usr/local/Cellar/arm-none-eabi-gcc/20130916/bin/../lib/gcc/arm-none-eabi/4.7.4/armv7-m/libgcc.a
LOAD /usr/local/Cellar/arm-none-eabi-gcc/20130916/bin/../lib/gcc/arm-none-eabi/4.7.4/../../../../arm-none-eabi/lib/armv7-m/libg.a
LOAD /usr/local/Cellar/arm-none-eabi-gcc/20130916/bin/../lib/gcc/arm-none-eabi/4.7.4/../../../../arm-none-eabi/lib/armv7-m/libc.a
END GROUP
START GROUP
LOAD /usr/local/Cellar/arm-none-eabi-gcc/20130916/bin/../lib/gcc/arm-none-eabi/4.7.4/armv7-m/libgcc.a
LOAD /usr/local/Cellar/arm-none-eabi-gcc/20130916/bin/../lib/gcc/arm-none-eabi/4.7.4/../../../../arm-none-eabi/lib/armv7-m/libg.a
LOAD /usr/local/Cellar/arm-none-eabi-gcc/20130916/bin/../lib/gcc/arm-none-eabi/4.7.4/../../../../arm-none-eabi/lib/armv7-m/libc.a
LOAD /usr/local/Cellar/arm-none-eabi-gcc/20130916/bin/../lib/gcc/arm-none-eabi/4.7.4/../../../../arm-none-eabi/lib/armv7-m/libm.a
LOAD /usr/local/Cellar/arm-none-eabi-gcc/20130916/bin/../lib/gcc/arm-none-eabi/4.7.4/../../../../arm-none-eabi/lib/armv7-m/libnosys.a
END GROUP
                0x0000000020010000                _estack = 0x20010000
                0x0000000000000000                _Min_Heap_Size = 0x0
                0x0000000000000400                _Min_Stack_Size = 0x400
                0x00000000200008e4                PROVIDE (_Heap_Begin, _ebss)
                0x000000002000fc00                PROVIDE (_Heap_Limit, (_estack - _Min_Stack_Size))

.isr_vector     0x0000000008000000      0x1e4
                0x0000000008000000                . = ALIGN (0x4)
 *(.isr_vector)
 .isr_vector    0x0000000008000000      0x1e4 ./Src/User/startup_stm32f10x_hd.o
                0x0000000008000000                g_pfnVectors
                0x00000000080001e4                . = ALIGN (0x4)

.text           0x00000000080001e8     0x7a08
                0x00000000080001e8                . = ALIGN (0x4)
 *(.text)
 .text          0x00000000080001e8      0x370 /usr/local/Cellar/arm-none-eabi-gcc/20130916/bin/../lib/gcc/arm-none-eabi/4.7.4/armv7-m/libgcc.a(_arm_addsubdf3.o)
                0x00000000080001e8                __aeabi_drsub
                0x00000000080001f0                __subdf3
                0x00000000080001f0                __aeabi_dsub
                0x00000000080001f4                __aeabi_dadd
                0x00000000080001f4                __adddf3
                0x000000000800046c                __aeabi_ui2d
                0x000000000800046c                __floatunsidf
                0x000000000800048c                __floatsidf
                0x000000000800048c                __aeabi_i2d
                0x00000000080004b0                __extendsfdf2
                0x00000000080004b0                __aeabi_f2d
                0x00000000080004ec                __aeabi_ul2d
                0x00000000080004ec                __floatundidf
                0x00000000080004fc                __aeabi_l2d
                0x00000000080004fc                __floatdidf
 .text          0x0000000008000558      0x424 /usr/local/Cellar/arm-none-eabi-gcc/20130916/bin/../lib/gcc/arm-none-eabi/4.7.4/armv7-m/libgcc.a(_arm_muldivdf3.o)
                0x0000000008000558                __aeabi_dmul
                0x0000000008000558                __muldf3
                0x00000000080007ac                __aeabi_ddiv
                0x00000000080007ac                __divdf3
 .text          0x000000000800097c      0x110 /usr/local/Cellar/arm-none-eabi-gcc/20130916/bin/../lib/gcc/arm-none-eabi/4.7.4/armv7-m/libgcc.a(_arm_cmpdf2.o)
                0x000000000800097c                __gtdf2
                0x000000000800097c                __gedf2
                0x0000000008000984                __ltdf2
                0x0000000008000984                __ledf2
                0x000000000800098c                __eqdf2
                0x000000000800098c                __nedf2
                0x000000000800098c                __cmpdf2
                0x0000000008000a08                __aeabi_cdrcmple
                0x0000000008000a18                __aeabi_cdcmple
                0x0000000008000a18                __aeabi_cdcmpeq
                0x0000000008000a28                __aeabi_dcmpeq
                0x0000000008000a3c                __aeabi_dcmplt
                0x0000000008000a50                __aeabi_dcmple
                0x0000000008000a64                __aeabi_dcmpge
                0x0000000008000a78                __aeabi_dcmpgt
 .text          0x0000000008000a8c       0x50 /usr/local/Cellar/arm-none-eabi-gcc/20130916/bin/../lib/gcc/arm-none-eabi/4.7.4/armv7-m/libgcc.a(_arm_fixdfsi.o)
                0x0000000008000a8c                __fixdfsi
                0x0000000008000a8c                __aeabi_d2iz
 .text          0x0000000008000adc       0x2c /usr/local/Cellar/arm-none-eabi-gcc/20130916/bin/../lib/gcc/arm-none-eabi/4.7.4/armv7-m/libgcc.a(_aeabi_uldivmod.o)
                0x0000000008000adc                __aeabi_uldivmod
 .text          0x0000000008000b08       0x60 /usr/local/Cellar/arm-none-eabi-gcc/20130916/bin/../lib/gcc/arm-none-eabi/4.7.4/armv7-m/libgcc.a(bpabi.o)
                0x0000000008000b08                __gnu_ldivmod_helper
                0x0000000008000b38                __gnu_uldivmod_helper
 .text          0x0000000008000b68        0x4 /usr/local/Cellar/arm-none-eabi-gcc/20130916/bin/../lib/gcc/arm-none-eabi/4.7.4/armv7-m/libgcc.a(_dvmd_tls.o)
                0x0000000008000b68                __aeabi_ldiv0
                0x0000000008000b68                __aeabi_idiv0
 .text          0x0000000008000b6c      0x2bc /usr/local/Cellar/arm-none-eabi-gcc/20130916/bin/../lib/gcc/arm-none-eabi/4.7.4/armv7-m/libgcc.a(_divdi3.o)
                0x0000000008000b6c                __divdi3
 .text          0x0000000008000e28      0x28c /usr/local/Cellar/arm-none-eabi-gcc/20130916/bin/../lib/gcc/arm-none-eabi/4.7.4/armv7-m/libgcc.a(_udivdi3.o)
                0x0000000008000e28                __udivdi3
 *(.text*)
 .text.NMI_Handler
                0x00000000080010b4        0xc ./Src/User/Interrupt.o
                0x00000000080010b4                NMI_Handler
 .text.HardFault_Handler
                0x00000000080010c0      0x298 ./Src/User/Interrupt.o
                0x00000000080010c0                HardFault_Handler
 .text.MemManage_Handler
                0x0000000008001358        0x8 ./Src/User/Interrupt.o
                0x0000000008001358                MemManage_Handler
 .text.BusFault_Handler
                0x0000000008001360        0x8 ./Src/User/Interrupt.o
                0x0000000008001360                BusFault_Handler
 .text.UsageFault_Handler
                0x0000000008001368        0x8 ./Src/User/Interrupt.o
                0x0000000008001368                UsageFault_Handler
 .text.SVC_Handler
                0x0000000008001370        0xc ./Src/User/Interrupt.o
                0x0000000008001370                SVC_Handler
 .text.DebugMon_Handler
                0x000000000800137c        0xc ./Src/User/Interrupt.o
                0x000000000800137c                DebugMon_Handler
 .text.PendSV_Handler
                0x0000000008001388        0xc ./Src/User/Interrupt.o
                0x0000000008001388                PendSV_Handler
 .text.SDIO_IRQHandler
                0x0000000008001394        0xc ./Src/User/Interrupt.o
                0x0000000008001394                SDIO_IRQHandler
 .text.USART1_IRQHandler
                0x00000000080013a0        0xc ./Src/User/Interrupt.o
                0x00000000080013a0                USART1_IRQHandler
 .text.EXTI9_5_IRQHandler
                0x00000000080013ac        0xc ./Src/User/Interrupt.o
                0x00000000080013ac                EXTI9_5_IRQHandler
 .text.Reset_Handler
                0x00000000080013b8       0x50 ./Src/User/startup_stm32f10x_hd.o
                0x00000000080013b8                Reset_Handler
 .text.Default_Handler
                0x0000000008001408        0x4 ./Src/User/startup_stm32f10x_hd.o
                0x0000000008001408                DMA2_Channel3_IRQHandler
                0x0000000008001408                TIM8_TRG_COM_IRQHandler
                0x0000000008001408                TIM8_CC_IRQHandler
                0x0000000008001408                TIM1_CC_IRQHandler
                0x0000000008001408                TIM6_IRQHandler
                0x0000000008001408                PVD_IRQHandler
                0x0000000008001408                EXTI3_IRQHandler
                0x0000000008001408                EXTI0_IRQHandler
                0x0000000008001408                I2C2_EV_IRQHandler
                0x0000000008001408                ADC1_2_IRQHandler
                0x0000000008001408                SPI1_IRQHandler
                0x0000000008001408                TAMPER_IRQHandler
                0x0000000008001408                TIM8_UP_IRQHandler
                0x0000000008001408                DMA2_Channel2_IRQHandler
                0x0000000008001408                DMA1_Channel4_IRQHandler
                0x0000000008001408                USART3_IRQHandler
                0x0000000008001408                RTC_IRQHandler
                0x0000000008001408                DMA1_Channel7_IRQHandler
                0x0000000008001408                CAN1_RX1_IRQHandler
                0x0000000008001408                UART5_IRQHandler
                0x0000000008001408                ADC3_IRQHandler
                0x0000000008001408                TIM4_IRQHandler
                0x0000000008001408                DMA2_Channel1_IRQHandler
                0x0000000008001408                I2C1_EV_IRQHandler
                0x0000000008001408                DMA1_Channel6_IRQHandler
                0x0000000008001408                UART4_IRQHandler
                0x0000000008001408                TIM3_IRQHandler
                0x0000000008001408                RCC_IRQHandler
                0x0000000008001408                TIM1_TRG_COM_IRQHandler
                0x0000000008001408                DMA1_Channel1_IRQHandler
                0x0000000008001408                Default_Handler
                0x0000000008001408                EXTI15_10_IRQHandler
                0x0000000008001408                TIM7_IRQHandler
                0x0000000008001408                TIM5_IRQHandler
                0x0000000008001408                SPI2_IRQHandler
                0x0000000008001408                DMA1_Channel5_IRQHandler
                0x0000000008001408                EXTI4_IRQHandler
                0x0000000008001408                USB_LP_CAN1_RX0_IRQHandler
                0x0000000008001408                USB_HP_CAN1_TX_IRQHandler
                0x0000000008001408                DMA1_Channel3_IRQHandler
                0x0000000008001408                FSMC_IRQHandler
                0x0000000008001408                TIM1_UP_IRQHandler
                0x0000000008001408                WWDG_IRQHandler
                0x0000000008001408                TIM2_IRQHandler
                0x0000000008001408                TIM1_BRK_IRQHandler
                0x0000000008001408                EXTI1_IRQHandler
                0x0000000008001408                RTCAlarm_IRQHandler
                0x0000000008001408                DMA2_Channel4_5_IRQHandler
                0x0000000008001408                USART2_IRQHandler
                0x0000000008001408                I2C2_ER_IRQHandler
                0x0000000008001408                DMA1_Channel2_IRQHandler
                0x0000000008001408                TIM8_BRK_IRQHandler
                0x0000000008001408                CAN1_SCE_IRQHandler
                0x0000000008001408                FLASH_IRQHandler
                0x0000000008001408                SPI3_IRQHandler
                0x0000000008001408                I2C1_ER_IRQHandler
                0x0000000008001408                USBWakeUp_IRQHandler
                0x0000000008001408                EXTI2_IRQHandler
 .text.GPIO_Init
                0x000000000800140c      0x1b0 ./Src/Lib/StdPeriph/Src/stm32f10x_gpio.o
                0x000000000800140c                GPIO_Init
 .text.GPIO_SetBits
                0x00000000080015bc       0x1c ./Src/Lib/StdPeriph/Src/stm32f10x_gpio.o
                0x00000000080015bc                GPIO_SetBits
 .text.GPIO_ResetBits
                0x00000000080015d8       0x1c ./Src/Lib/StdPeriph/Src/stm32f10x_gpio.o
                0x00000000080015d8                GPIO_ResetBits
 .text.RCC_APB2PeriphClockCmd
                0x00000000080015f4       0x54 ./Src/Lib/StdPeriph/Src/stm32f10x_rcc.o
                0x00000000080015f4                RCC_APB2PeriphClockCmd
 .text.ITM_SendChar
                0x0000000008001648       0x60 ./Src/Lib/Debug/Src/ITM.o
 .text._write_trace_swo
                0x00000000080016a8       0x44 ./Src/Lib/Debug/Src/ITM.o
                0x00000000080016a8                _write_trace_swo
 .text._write   0x00000000080016ec       0x2c ./Src/Lib/Debug/Src/ITM.o
                0x00000000080016ec                _write
 .text._init    0x0000000008001718        0xc ./Src/Lib/Debug/Src/ITM.o
                0x0000000008001718                _init
 .text.SystemInit
                0x0000000008001724       0xa8 ./Src/Lib/CMSIS/Src/system_stm32f10x.o
                0x0000000008001724                SystemInit
 .text.SetSysClock
                0x00000000080017cc        0xc ./Src/Lib/CMSIS/Src/system_stm32f10x.o
 .text.SetSysClockTo72
                0x00000000080017d8      0x1ac ./Src/Lib/CMSIS/Src/system_stm32f10x.o
 .text.NVIC_SetPriority
                0x0000000008001984       0x5c ./Src/BeatOS_Main.o
 .text.SysTick_Config
                0x00000000080019e0       0x64 ./Src/BeatOS_Main.o
 .text.main     0x0000000008001a44       0xb0 ./Src/BeatOS_Main.o
                0x0000000008001a44                main
 .text.Delay    0x0000000008001af4       0x30 ./Src/BeatOS_Main.o
 .text.TimingDelay_Decrement
                0x0000000008001b24       0x30 ./Src/BeatOS_Main.o
 .text.SysTick_Handler
                0x0000000008001b54        0xc ./Src/BeatOS_Main.o
                0x0000000008001b54                SysTick_Handler
 .text.__libc_init_array
                0x0000000008001b60       0x94 /usr/local/Cellar/arm-none-eabi-gcc/20130916/bin/../lib/gcc/arm-none-eabi/4.7.4/../../../../arm-none-eabi/lib/armv7-m/libg.a(lib_a-init.o)
                0x0000000008001b60                __libc_init_array
 .text.printf   0x0000000008001bf4       0x2c /usr/local/Cellar/arm-none-eabi-gcc/20130916/bin/../lib/gcc/arm-none-eabi/4.7.4/../../../../arm-none-eabi/lib/armv7-m/libg.a(lib_a-printf.o)
                0x0000000008001bf4                printf
 .text._puts_r  0x0000000008001c20       0x68 /usr/local/Cellar/arm-none-eabi-gcc/20130916/bin/../lib/gcc/arm-none-eabi/4.7.4/../../../../arm-none-eabi/lib/armv7-m/libg.a(lib_a-puts.o)
                0x0000000008001c20                _puts_r
 .text.puts     0x0000000008001c88       0x10 /usr/local/Cellar/arm-none-eabi-gcc/20130916/bin/../lib/gcc/arm-none-eabi/4.7.4/../../../../arm-none-eabi/lib/armv7-m/libg.a(lib_a-puts.o)
                0x0000000008001c88                puts
 .text.strlen   0x0000000008001c98       0x60 /usr/local/Cellar/arm-none-eabi-gcc/20130916/bin/../lib/gcc/arm-none-eabi/4.7.4/../../../../arm-none-eabi/lib/armv7-m/libg.a(lib_a-strlen.o)
                0x0000000008001c98                strlen
 .text._vfprintf_r
                0x0000000008001cf8     0x1c48 /usr/local/Cellar/arm-none-eabi-gcc/20130916/bin/../lib/gcc/arm-none-eabi/4.7.4/../../../../arm-none-eabi/lib/armv7-m/libg.a(lib_a-vfprintf.o)
                0x0000000008001cf8                _vfprintf_r
 .text.__sbprintf
                0x0000000008003940       0x80 /usr/local/Cellar/arm-none-eabi-gcc/20130916/bin/../lib/gcc/arm-none-eabi/4.7.4/../../../../arm-none-eabi/lib/armv7-m/libg.a(lib_a-vfprintf.o)
 .text.__swsetup_r
                0x00000000080039c0       0xc4 /usr/local/Cellar/arm-none-eabi-gcc/20130916/bin/../lib/gcc/arm-none-eabi/4.7.4/../../../../arm-none-eabi/lib/armv7-m/libg.a(lib_a-wsetup.o)
                0x00000000080039c0                __swsetup_r
 .text.quorem   0x0000000008003a84      0x2ec /usr/local/Cellar/arm-none-eabi-gcc/20130916/bin/../lib/gcc/arm-none-eabi/4.7.4/../../../../arm-none-eabi/lib/armv7-m/libg.a(lib_a-dtoa.o)
 .text._dtoa_r  0x0000000008003d70     0x11f8 /usr/local/Cellar/arm-none-eabi-gcc/20130916/bin/../lib/gcc/arm-none-eabi/4.7.4/../../../../arm-none-eabi/lib/armv7-m/libg.a(lib_a-dtoa.o)
                0x0000000008003d70                _dtoa_r
 .text._fflush_r
                0x0000000008004f68      0x164 /usr/local/Cellar/arm-none-eabi-gcc/20130916/bin/../lib/gcc/arm-none-eabi/4.7.4/../../../../arm-none-eabi/lib/armv7-m/libg.a(lib_a-fflush.o)
                0x0000000008004f68                _fflush_r
 .text._cleanup_r
                0x00000000080050cc        0xc /usr/local/Cellar/arm-none-eabi-gcc/20130916/bin/../lib/gcc/arm-none-eabi/4.7.4/../../../../arm-none-eabi/lib/armv7-m/libg.a(lib_a-findfp.o)
                0x00000000080050cc                _cleanup_r
 .text.std.isra.0
                0x00000000080050d8       0x50 /usr/local/Cellar/arm-none-eabi-gcc/20130916/bin/../lib/gcc/arm-none-eabi/4.7.4/../../../../arm-none-eabi/lib/armv7-m/libg.a(lib_a-findfp.o)
 .text.__sinit  0x0000000008005128       0x4c /usr/local/Cellar/arm-none-eabi-gcc/20130916/bin/../lib/gcc/arm-none-eabi/4.7.4/../../../../arm-none-eabi/lib/armv7-m/libg.a(lib_a-findfp.o)
                0x0000000008005128                __sinit
 .text.__sfp_lock_acquire
                0x0000000008005174        0x4 /usr/local/Cellar/arm-none-eabi-gcc/20130916/bin/../lib/gcc/arm-none-eabi/4.7.4/../../../../arm-none-eabi/lib/armv7-m/libg.a(lib_a-findfp.o)
                0x0000000008005174                __sfp_lock_acquire
 .text.__sfp_lock_release
                0x0000000008005178        0x4 /usr/local/Cellar/arm-none-eabi-gcc/20130916/bin/../lib/gcc/arm-none-eabi/4.7.4/../../../../arm-none-eabi/lib/armv7-m/libg.a(lib_a-findfp.o)
                0x0000000008005178                __sfp_lock_release
 .text._malloc_trim_r
                0x000000000800517c       0x98 /usr/local/Cellar/arm-none-eabi-gcc/20130916/bin/../lib/gcc/arm-none-eabi/4.7.4/../../../../arm-none-eabi/lib/armv7-m/libg.a(lib_a-freer.o)
                0x000000000800517c                _malloc_trim_r
 .text._free_r  0x0000000008005214      0x194 /usr/local/Cellar/arm-none-eabi-gcc/20130916/bin/../lib/gcc/arm-none-eabi/4.7.4/../../../../arm-none-eabi/lib/armv7-m/libg.a(lib_a-freer.o)
                0x0000000008005214                _free_r
 .text.__sfvwrite_r
                0x00000000080053a8      0x314 /usr/local/Cellar/arm-none-eabi-gcc/20130916/bin/../lib/gcc/arm-none-eabi/4.7.4/../../../../arm-none-eabi/lib/armv7-m/libg.a(lib_a-fvwrite.o)
                0x00000000080053a8                __sfvwrite_r
 .text._fwalk   0x00000000080056bc       0xb8 /usr/local/Cellar/arm-none-eabi-gcc/20130916/bin/../lib/gcc/arm-none-eabi/4.7.4/../../../../arm-none-eabi/lib/armv7-m/libg.a(lib_a-fwalk.o)
                0x00000000080056bc                _fwalk
 .text.__locale_charset
                0x0000000008005774        0xc /usr/local/Cellar/arm-none-eabi-gcc/20130916/bin/../lib/gcc/arm-none-eabi/4.7.4/../../../../arm-none-eabi/lib/armv7-m/libg.a(lib_a-locale.o)
                0x0000000008005774                __locale_charset
 .text.__locale_mb_cur_max
                0x0000000008005780        0xc /usr/local/Cellar/arm-none-eabi-gcc/20130916/bin/../lib/gcc/arm-none-eabi/4.7.4/../../../../arm-none-eabi/lib/armv7-m/libg.a(lib_a-locale.o)
                0x0000000008005780                __locale_mb_cur_max
 .text._localeconv_r
                0x000000000800578c        0xc /usr/local/Cellar/arm-none-eabi-gcc/20130916/bin/../lib/gcc/arm-none-eabi/4.7.4/../../../../arm-none-eabi/lib/armv7-m/libg.a(lib_a-locale.o)
                0x000000000800578c                _localeconv_r
 .text.__smakebuf_r
                0x0000000008005798       0xe8 /usr/local/Cellar/arm-none-eabi-gcc/20130916/bin/../lib/gcc/arm-none-eabi/4.7.4/../../../../arm-none-eabi/lib/armv7-m/libg.a(lib_a-makebuf.o)
                0x0000000008005798                __smakebuf_r
 .text._malloc_r
                0x0000000008005880      0x530 /usr/local/Cellar/arm-none-eabi-gcc/20130916/bin/../lib/gcc/arm-none-eabi/4.7.4/../../../../arm-none-eabi/lib/armv7-m/libg.a(lib_a-mallocr.o)
                0x0000000008005880                _malloc_r
 .text.memchr   0x0000000008005db0      0x140 /usr/local/Cellar/arm-none-eabi-gcc/20130916/bin/../lib/gcc/arm-none-eabi/4.7.4/../../../../arm-none-eabi/lib/armv7-m/libg.a(lib_a-memchr.o)
                0x0000000008005db0                memchr
 .text.memcpy   0x0000000008005ef0      0x15c /usr/local/Cellar/arm-none-eabi-gcc/20130916/bin/../lib/gcc/arm-none-eabi/4.7.4/../../../../arm-none-eabi/lib/armv7-m/libg.a(lib_a-memcpy.o)
                0x0000000008005ef0                memcpy
 .text.memmove  0x000000000800604c      0x1b0 /usr/local/Cellar/arm-none-eabi-gcc/20130916/bin/../lib/gcc/arm-none-eabi/4.7.4/../../../../arm-none-eabi/lib/armv7-m/libg.a(lib_a-memmove.o)
                0x000000000800604c                memmove
 .text.memset   0x00000000080061fc      0x12c /usr/local/Cellar/arm-none-eabi-gcc/20130916/bin/../lib/gcc/arm-none-eabi/4.7.4/../../../../arm-none-eabi/lib/armv7-m/libg.a(lib_a-memset.o)
                0x00000000080061fc                memset
 .text.__malloc_lock
                0x0000000008006328        0x4 /usr/local/Cellar/arm-none-eabi-gcc/20130916/bin/../lib/gcc/arm-none-eabi/4.7.4/../../../../arm-none-eabi/lib/armv7-m/libg.a(lib_a-mlock.o)
                0x0000000008006328                __malloc_lock
 .text.__malloc_unlock
                0x000000000800632c        0x4 /usr/local/Cellar/arm-none-eabi-gcc/20130916/bin/../lib/gcc/arm-none-eabi/4.7.4/../../../../arm-none-eabi/lib/armv7-m/libg.a(lib_a-mlock.o)
                0x000000000800632c                __malloc_unlock
 .text._Balloc  0x0000000008006330       0x4c /usr/local/Cellar/arm-none-eabi-gcc/20130916/bin/../lib/gcc/arm-none-eabi/4.7.4/../../../../arm-none-eabi/lib/armv7-m/libg.a(lib_a-mprec.o)
                0x0000000008006330                _Balloc
 .text._Bfree   0x000000000800637c       0x14 /usr/local/Cellar/arm-none-eabi-gcc/20130916/bin/../lib/gcc/arm-none-eabi/4.7.4/../../../../arm-none-eabi/lib/armv7-m/libg.a(lib_a-mprec.o)
                0x000000000800637c                _Bfree
 .text.__multadd
                0x0000000008006390       0xfc /usr/local/Cellar/arm-none-eabi-gcc/20130916/bin/../lib/gcc/arm-none-eabi/4.7.4/../../../../arm-none-eabi/lib/armv7-m/libg.a(lib_a-mprec.o)
                0x0000000008006390                __multadd
 .text.__hi0bits
                0x000000000800648c       0x3c /usr/local/Cellar/arm-none-eabi-gcc/20130916/bin/../lib/gcc/arm-none-eabi/4.7.4/../../../../arm-none-eabi/lib/armv7-m/libg.a(lib_a-mprec.o)
                0x000000000800648c                __hi0bits
 .text.__lo0bits
                0x00000000080064c8       0x5c /usr/local/Cellar/arm-none-eabi-gcc/20130916/bin/../lib/gcc/arm-none-eabi/4.7.4/../../../../arm-none-eabi/lib/armv7-m/libg.a(lib_a-mprec.o)
                0x00000000080064c8                __lo0bits
 .text.__i2b    0x0000000008006524       0x14 /usr/local/Cellar/arm-none-eabi-gcc/20130916/bin/../lib/gcc/arm-none-eabi/4.7.4/../../../../arm-none-eabi/lib/armv7-m/libg.a(lib_a-mprec.o)
                0x0000000008006524                __i2b
 .text.__multiply
                0x0000000008006538      0x2d0 /usr/local/Cellar/arm-none-eabi-gcc/20130916/bin/../lib/gcc/arm-none-eabi/4.7.4/../../../../arm-none-eabi/lib/armv7-m/libg.a(lib_a-mprec.o)
                0x0000000008006538                __multiply
 .text.__pow5mult
                0x0000000008006808       0x94 /usr/local/Cellar/arm-none-eabi-gcc/20130916/bin/../lib/gcc/arm-none-eabi/4.7.4/../../../../arm-none-eabi/lib/armv7-m/libg.a(lib_a-mprec.o)
                0x0000000008006808                __pow5mult
 .text.__lshift
                0x000000000800689c      0x16c /usr/local/Cellar/arm-none-eabi-gcc/20130916/bin/../lib/gcc/arm-none-eabi/4.7.4/../../../../arm-none-eabi/lib/armv7-m/libg.a(lib_a-mprec.o)
                0x000000000800689c                __lshift
 .text.__mcmp   0x0000000008006a08       0x5c /usr/local/Cellar/arm-none-eabi-gcc/20130916/bin/../lib/gcc/arm-none-eabi/4.7.4/../../../../arm-none-eabi/lib/armv7-m/libg.a(lib_a-mprec.o)
                0x0000000008006a08                __mcmp
 .text.__mdiff  0x0000000008006a64      0x218 /usr/local/Cellar/arm-none-eabi-gcc/20130916/bin/../lib/gcc/arm-none-eabi/4.7.4/../../../../arm-none-eabi/lib/armv7-m/libg.a(lib_a-mprec.o)
                0x0000000008006a64                __mdiff
 .text.__d2b    0x0000000008006c7c       0xc0 /usr/local/Cellar/arm-none-eabi-gcc/20130916/bin/../lib/gcc/arm-none-eabi/4.7.4/../../../../arm-none-eabi/lib/armv7-m/libg.a(lib_a-mprec.o)
                0x0000000008006c7c                __d2b
 .text._realloc_r
                0x0000000008006d3c      0x3ec /usr/local/Cellar/arm-none-eabi-gcc/20130916/bin/../lib/gcc/arm-none-eabi/4.7.4/../../../../arm-none-eabi/lib/armv7-m/libg.a(lib_a-reallocr.o)
                0x0000000008006d3c                _realloc_r
 .text.__fpclassifyd
                0x0000000008007128       0x68 /usr/local/Cellar/arm-none-eabi-gcc/20130916/bin/../lib/gcc/arm-none-eabi/4.7.4/../../../../arm-none-eabi/lib/armv7-m/libg.a(lib_a-s_fpclassify.o)
                0x0000000008007128                __fpclassifyd
 .text._sbrk_r  0x0000000008007190       0x24 /usr/local/Cellar/arm-none-eabi-gcc/20130916/bin/../lib/gcc/arm-none-eabi/4.7.4/../../../../arm-none-eabi/lib/armv7-m/libg.a(lib_a-sbrkr.o)
                0x0000000008007190                _sbrk_r
 .text.__sread  0x00000000080071b4       0x24 /usr/local/Cellar/arm-none-eabi-gcc/20130916/bin/../lib/gcc/arm-none-eabi/4.7.4/../../../../arm-none-eabi/lib/armv7-m/libg.a(lib_a-stdio.o)
                0x00000000080071b4                __sread
 .text.__swrite
                0x00000000080071d8       0x44 /usr/local/Cellar/arm-none-eabi-gcc/20130916/bin/../lib/gcc/arm-none-eabi/4.7.4/../../../../arm-none-eabi/lib/armv7-m/libg.a(lib_a-stdio.o)
                0x00000000080071d8                __swrite
 .text.__sseek  0x000000000800721c       0x24 /usr/local/Cellar/arm-none-eabi-gcc/20130916/bin/../lib/gcc/arm-none-eabi/4.7.4/../../../../arm-none-eabi/lib/armv7-m/libg.a(lib_a-stdio.o)
                0x000000000800721c                __sseek
 .text.__sclose
                0x0000000008007240        0x8 /usr/local/Cellar/arm-none-eabi-gcc/20130916/bin/../lib/gcc/arm-none-eabi/4.7.4/../../../../arm-none-eabi/lib/armv7-m/libg.a(lib_a-stdio.o)
                0x0000000008007240                __sclose
 .text.__sprint_r
                0x0000000008007248       0xc0 /usr/local/Cellar/arm-none-eabi-gcc/20130916/bin/../lib/gcc/arm-none-eabi/4.7.4/../../../../arm-none-eabi/lib/armv7-m/libg.a(lib_a-vfiprintf.o)
                0x0000000008007248                __sprint_r
 .text._write_r
                0x0000000008007308       0x28 /usr/local/Cellar/arm-none-eabi-gcc/20130916/bin/../lib/gcc/arm-none-eabi/4.7.4/../../../../arm-none-eabi/lib/armv7-m/libg.a(lib_a-writer.o)
                0x0000000008007308                _write_r
 .text._calloc_r
                0x0000000008007330       0x60 /usr/local/Cellar/arm-none-eabi-gcc/20130916/bin/../lib/gcc/arm-none-eabi/4.7.4/../../../../arm-none-eabi/lib/armv7-m/libg.a(lib_a-callocr.o)
                0x0000000008007330                _calloc_r
 .text._close_r
                0x0000000008007390       0x24 /usr/local/Cellar/arm-none-eabi-gcc/20130916/bin/../lib/gcc/arm-none-eabi/4.7.4/../../../../arm-none-eabi/lib/armv7-m/libg.a(lib_a-closer.o)
                0x0000000008007390                _close_r
 .text._fclose_r
                0x00000000080073b4       0x94 /usr/local/Cellar/arm-none-eabi-gcc/20130916/bin/../lib/gcc/arm-none-eabi/4.7.4/../../../../arm-none-eabi/lib/armv7-m/libg.a(lib_a-fclose.o)
                0x00000000080073b4                _fclose_r
 .text.fclose   0x0000000008007448       0x10 /usr/local/Cellar/arm-none-eabi-gcc/20130916/bin/../lib/gcc/arm-none-eabi/4.7.4/../../../../arm-none-eabi/lib/armv7-m/libg.a(lib_a-fclose.o)
                0x0000000008007448                fclose
 .text._fputwc_r
                0x0000000008007458      0x1b0 /usr/local/Cellar/arm-none-eabi-gcc/20130916/bin/../lib/gcc/arm-none-eabi/4.7.4/../../../../arm-none-eabi/lib/armv7-m/libg.a(lib_a-fputwc.o)
                0x0000000008007458                _fputwc_r
 .text._fstat_r
                0x0000000008007608       0x28 /usr/local/Cellar/arm-none-eabi-gcc/20130916/bin/../lib/gcc/arm-none-eabi/4.7.4/../../../../arm-none-eabi/lib/armv7-m/libg.a(lib_a-fstatr.o)
                0x0000000008007608                _fstat_r
 .text._isatty_r
                0x0000000008007630       0x24 /usr/local/Cellar/arm-none-eabi-gcc/20130916/bin/../lib/gcc/arm-none-eabi/4.7.4/../../../../arm-none-eabi/lib/armv7-m/libg.a(lib_a-isattyr.o)
                0x0000000008007630                _isatty_r
 .text._lseek_r
                0x0000000008007654       0x28 /usr/local/Cellar/arm-none-eabi-gcc/20130916/bin/../lib/gcc/arm-none-eabi/4.7.4/../../../../arm-none-eabi/lib/armv7-m/libg.a(lib_a-lseekr.o)
                0x0000000008007654                _lseek_r
 .text._read_r  0x000000000800767c       0x28 /usr/local/Cellar/arm-none-eabi-gcc/20130916/bin/../lib/gcc/arm-none-eabi/4.7.4/../../../../arm-none-eabi/lib/armv7-m/libg.a(lib_a-readr.o)
                0x000000000800767c                _read_r
 .text.__swbuf_r
                0x00000000080076a4       0xbc /usr/local/Cellar/arm-none-eabi-gcc/20130916/bin/../lib/gcc/arm-none-eabi/4.7.4/../../../../arm-none-eabi/lib/armv7-m/libg.a(lib_a-wbuf.o)
                0x00000000080076a4                __swbuf_r
 .text._wcrtomb_r
                0x0000000008007760       0x50 /usr/local/Cellar/arm-none-eabi-gcc/20130916/bin/../lib/gcc/arm-none-eabi/4.7.4/../../../../arm-none-eabi/lib/armv7-m/libg.a(lib_a-wcrtomb.o)
                0x0000000008007760                _wcrtomb_r
 .text.__ascii_wctomb
                0x00000000080077b0       0x1c /usr/local/Cellar/arm-none-eabi-gcc/20130916/bin/../lib/gcc/arm-none-eabi/4.7.4/../../../../arm-none-eabi/lib/armv7-m/libg.a(lib_a-wctomb_r.o)
                0x00000000080077b0                __ascii_wctomb
 .text._close   0x00000000080077cc       0x14 /usr/local/Cellar/arm-none-eabi-gcc/20130916/bin/../lib/gcc/arm-none-eabi/4.7.4/../../../../arm-none-eabi/lib/armv7-m/libnosys.a(close.o)
                0x00000000080077cc                _close
 .text._fstat   0x00000000080077e0       0x14 /usr/local/Cellar/arm-none-eabi-gcc/20130916/bin/../lib/gcc/arm-none-eabi/4.7.4/../../../../arm-none-eabi/lib/armv7-m/libnosys.a(fstat.o)
                0x00000000080077e0                _fstat
 .text._isatty  0x00000000080077f4       0x10 /usr/local/Cellar/arm-none-eabi-gcc/20130916/bin/../lib/gcc/arm-none-eabi/4.7.4/../../../../arm-none-eabi/lib/armv7-m/libnosys.a(isatty.o)
                0x00000000080077f4                _isatty
 .text._lseek   0x0000000008007804       0x14 /usr/local/Cellar/arm-none-eabi-gcc/20130916/bin/../lib/gcc/arm-none-eabi/4.7.4/../../../../arm-none-eabi/lib/armv7-m/libnosys.a(lseek.o)
                0x0000000008007804                _lseek
 .text._read    0x0000000008007818       0x14 /usr/local/Cellar/arm-none-eabi-gcc/20130916/bin/../lib/gcc/arm-none-eabi/4.7.4/../../../../arm-none-eabi/lib/armv7-m/libnosys.a(read.o)
                0x0000000008007818                _read
 .text._sbrk    0x000000000800782c       0x34 /usr/local/Cellar/arm-none-eabi-gcc/20130916/bin/../lib/gcc/arm-none-eabi/4.7.4/../../../../arm-none-eabi/lib/armv7-m/libnosys.a(sbrk.o)
                0x000000000800782c                _sbrk
 *(.rodata)
 .rodata        0x0000000008007860      0x1e8 ./Src/User/Interrupt.o
 .rodata        0x0000000008007a48       0x20 ./Src/BeatOS_Main.o
 *(.rodata*)
 .rodata.str1.4
                0x0000000008007a68        0x2 /usr/local/Cellar/arm-none-eabi-gcc/20130916/bin/../lib/gcc/arm-none-eabi/4.7.4/../../../../arm-none-eabi/lib/armv7-m/libg.a(lib_a-puts.o)
                                          0x4 (size before relaxing)
 *fill*         0x0000000008007a6a        0x2 00
 .rodata.blanks.6735
                0x0000000008007a6c       0x10 /usr/local/Cellar/arm-none-eabi-gcc/20130916/bin/../lib/gcc/arm-none-eabi/4.7.4/../../../../arm-none-eabi/lib/armv7-m/libg.a(lib_a-vfprintf.o)
 .rodata.str1.4
                0x0000000008007a7c       0x42 /usr/local/Cellar/arm-none-eabi-gcc/20130916/bin/../lib/gcc/arm-none-eabi/4.7.4/../../../../arm-none-eabi/lib/armv7-m/libg.a(lib_a-vfprintf.o)
                                         0x44 (size before relaxing)
 *fill*         0x0000000008007abe        0x2 00
 .rodata.zeroes.6736
                0x0000000008007ac0       0x10 /usr/local/Cellar/arm-none-eabi-gcc/20130916/bin/../lib/gcc/arm-none-eabi/4.7.4/../../../../arm-none-eabi/lib/armv7-m/libg.a(lib_a-vfprintf.o)
 .rodata.str1.4
                0x0000000008007ad0       0x10 /usr/local/Cellar/arm-none-eabi-gcc/20130916/bin/../lib/gcc/arm-none-eabi/4.7.4/../../../../arm-none-eabi/lib/armv7-m/libg.a(lib_a-dtoa.o)
                                         0x14 (size before relaxing)
 .rodata.str1.4
                0x0000000008007ae0        0x2 /usr/local/Cellar/arm-none-eabi-gcc/20130916/bin/../lib/gcc/arm-none-eabi/4.7.4/../../../../arm-none-eabi/lib/armv7-m/libg.a(lib_a-impure.o)
                                          0x4 (size before relaxing)
 *fill*         0x0000000008007ae2        0x2 00
 .rodata.str1.4
                0x0000000008007ae4        0xc /usr/local/Cellar/arm-none-eabi-gcc/20130916/bin/../lib/gcc/arm-none-eabi/4.7.4/../../../../arm-none-eabi/lib/armv7-m/libg.a(lib_a-locale.o)
                                         0x14 (size before relaxing)
 .rodata.p05.5242
                0x0000000008007af0        0xc /usr/local/Cellar/arm-none-eabi-gcc/20130916/bin/../lib/gcc/arm-none-eabi/4.7.4/../../../../arm-none-eabi/lib/armv7-m/libg.a(lib_a-mprec.o)
 *fill*         0x0000000008007afc        0x4 00
 .rodata.__mprec_tens
                0x0000000008007b00       0xc8 /usr/local/Cellar/arm-none-eabi-gcc/20130916/bin/../lib/gcc/arm-none-eabi/4.7.4/../../../../arm-none-eabi/lib/armv7-m/libg.a(lib_a-mprec.o)
                0x0000000008007b00                __mprec_tens
 .rodata.__mprec_bigtens
                0x0000000008007bc8       0x28 /usr/local/Cellar/arm-none-eabi-gcc/20130916/bin/../lib/gcc/arm-none-eabi/4.7.4/../../../../arm-none-eabi/lib/armv7-m/libg.a(lib_a-mprec.o)
                0x0000000008007bc8                __mprec_bigtens
 *(.glue_7)
 .glue_7        0x0000000000000000        0x0 linker stubs
 *(.glue_7t)
 .glue_7t       0x0000000000000000        0x0 linker stubs
 *(.init)
 *(.fini)
                0x0000000008007bf0                . = ALIGN (0x4)
                0x0000000008007bf0                _etext = .

.vfp11_veneer   0x0000000008007bf0        0x0
 .vfp11_veneer  0x0000000000000000        0x0 linker stubs

.v4_bx          0x0000000008007bf0        0x0
 .v4_bx         0x0000000000000000        0x0 linker stubs

.iplt           0x0000000008007bf0        0x0
 .iplt          0x0000000000000000        0x0 ./Src/User/Interrupt.o

.ARM.extab
 *(.ARM.extab* .gnu.linkonce.armextab.*)

.ARM            0x0000000008007bf0        0x8
                0x0000000008007bf0                __exidx_start = .
 *(.ARM.exidx*)
 .ARM.exidx     0x0000000008007bf0        0x8 /usr/local/Cellar/arm-none-eabi-gcc/20130916/bin/../lib/gcc/arm-none-eabi/4.7.4/armv7-m/libgcc.a(_divdi3.o)
 .ARM.exidx     0x0000000008007bf8        0x0 /usr/local/Cellar/arm-none-eabi-gcc/20130916/bin/../lib/gcc/arm-none-eabi/4.7.4/armv7-m/libgcc.a(_udivdi3.o)
                                          0x8 (size before relaxing)
                0x0000000008007bf8                __exidx_end = .

.rel.dyn        0x0000000008007bf8        0x0
 .rel.iplt      0x0000000000000000        0x0 ./Src/User/Interrupt.o

.ARM.attributes
                0x0000000008007bf8       0x31
 *(.ARM.attributes)
 .ARM.attributes
                0x0000000008007bf8       0x33 ./Src/User/Interrupt.o
 .ARM.attributes
                0x0000000008007c2b       0x21 ./Src/User/startup_stm32f10x_hd.o
 .ARM.attributes
                0x0000000008007c4c       0x33 ./Src/Lib/StdPeriph/Src/stm32f10x_gpio.o
 .ARM.attributes
                0x0000000008007c7f       0x33 ./Src/Lib/StdPeriph/Src/stm32f10x_rcc.o
 .ARM.attributes
                0x0000000008007cb2       0x33 ./Src/Lib/Debug/Src/ITM.o
 .ARM.attributes
                0x0000000008007ce5       0x33 ./Src/Lib/CMSIS/Src/system_stm32f10x.o
 .ARM.attributes
                0x0000000008007d18       0x33 ./Src/BeatOS_Main.o
 .ARM.attributes
                0x0000000008007d4b       0x2d /usr/local/Cellar/arm-none-eabi-gcc/20130916/bin/../lib/gcc/arm-none-eabi/4.7.4/../../../../arm-none-eabi/lib/armv7-m/libg.a(lib_a-init.o)
 .ARM.attributes
                0x0000000008007d78       0x2d /usr/local/Cellar/arm-none-eabi-gcc/20130916/bin/../lib/gcc/arm-none-eabi/4.7.4/../../../../arm-none-eabi/lib/armv7-m/libg.a(lib_a-printf.o)
 .ARM.attributes
                0x0000000008007da5       0x2d /usr/local/Cellar/arm-none-eabi-gcc/20130916/bin/../lib/gcc/arm-none-eabi/4.7.4/../../../../arm-none-eabi/lib/armv7-m/libg.a(lib_a-puts.o)
 .ARM.attributes
                0x0000000008007dd2       0x2d /usr/local/Cellar/arm-none-eabi-gcc/20130916/bin/../lib/gcc/arm-none-eabi/4.7.4/../../../../arm-none-eabi/lib/armv7-m/libg.a(lib_a-strlen.o)
 .ARM.attributes
                0x0000000008007dff       0x2d /usr/local/Cellar/arm-none-eabi-gcc/20130916/bin/../lib/gcc/arm-none-eabi/4.7.4/../../../../arm-none-eabi/lib/armv7-m/libg.a(lib_a-vfprintf.o)
 .ARM.attributes
                0x0000000008007e2c       0x2d /usr/local/Cellar/arm-none-eabi-gcc/20130916/bin/../lib/gcc/arm-none-eabi/4.7.4/../../../../arm-none-eabi/lib/armv7-m/libg.a(lib_a-wsetup.o)
 .ARM.attributes
                0x0000000008007e59       0x2d /usr/local/Cellar/arm-none-eabi-gcc/20130916/bin/../lib/gcc/arm-none-eabi/4.7.4/../../../../arm-none-eabi/lib/armv7-m/libg.a(lib_a-dtoa.o)
 .ARM.attributes
                0x0000000008007e86       0x2d /usr/local/Cellar/arm-none-eabi-gcc/20130916/bin/../lib/gcc/arm-none-eabi/4.7.4/../../../../arm-none-eabi/lib/armv7-m/libg.a(lib_a-fflush.o)
 .ARM.attributes
                0x0000000008007eb3       0x2d /usr/local/Cellar/arm-none-eabi-gcc/20130916/bin/../lib/gcc/arm-none-eabi/4.7.4/../../../../arm-none-eabi/lib/armv7-m/libg.a(lib_a-findfp.o)
 .ARM.attributes
                0x0000000008007ee0       0x2d /usr/local/Cellar/arm-none-eabi-gcc/20130916/bin/../lib/gcc/arm-none-eabi/4.7.4/../../../../arm-none-eabi/lib/armv7-m/libg.a(lib_a-freer.o)
 .ARM.attributes
                0x0000000008007f0d       0x2d /usr/local/Cellar/arm-none-eabi-gcc/20130916/bin/../lib/gcc/arm-none-eabi/4.7.4/../../../../arm-none-eabi/lib/armv7-m/libg.a(lib_a-fvwrite.o)
 .ARM.attributes
                0x0000000008007f3a       0x2d /usr/local/Cellar/arm-none-eabi-gcc/20130916/bin/../lib/gcc/arm-none-eabi/4.7.4/../../../../arm-none-eabi/lib/armv7-m/libg.a(lib_a-fwalk.o)
 .ARM.attributes
                0x0000000008007f67       0x2d /usr/local/Cellar/arm-none-eabi-gcc/20130916/bin/../lib/gcc/arm-none-eabi/4.7.4/../../../../arm-none-eabi/lib/armv7-m/libg.a(lib_a-impure.o)
 .ARM.attributes
                0x0000000008007f94       0x2d /usr/local/Cellar/arm-none-eabi-gcc/20130916/bin/../lib/gcc/arm-none-eabi/4.7.4/../../../../arm-none-eabi/lib/armv7-m/libg.a(lib_a-locale.o)
 .ARM.attributes
                0x0000000008007fc1       0x2d /usr/local/Cellar/arm-none-eabi-gcc/20130916/bin/../lib/gcc/arm-none-eabi/4.7.4/../../../../arm-none-eabi/lib/armv7-m/libg.a(lib_a-makebuf.o)
 .ARM.attributes
                0x0000000008007fee       0x2d /usr/local/Cellar/arm-none-eabi-gcc/20130916/bin/../lib/gcc/arm-none-eabi/4.7.4/../../../../arm-none-eabi/lib/armv7-m/libg.a(lib_a-mallocr.o)
 .ARM.attributes
                0x000000000800801b       0x2d /usr/local/Cellar/arm-none-eabi-gcc/20130916/bin/../lib/gcc/arm-none-eabi/4.7.4/../../../../arm-none-eabi/lib/armv7-m/libg.a(lib_a-memchr.o)
 .ARM.attributes
                0x0000000008008048       0x2d /usr/local/Cellar/arm-none-eabi-gcc/20130916/bin/../lib/gcc/arm-none-eabi/4.7.4/../../../../arm-none-eabi/lib/armv7-m/libg.a(lib_a-memcpy.o)
 .ARM.attributes
                0x0000000008008075       0x2d /usr/local/Cellar/arm-none-eabi-gcc/20130916/bin/../lib/gcc/arm-none-eabi/4.7.4/../../../../arm-none-eabi/lib/armv7-m/libg.a(lib_a-memmove.o)
 .ARM.attributes
                0x00000000080080a2       0x2d /usr/local/Cellar/arm-none-eabi-gcc/20130916/bin/../lib/gcc/arm-none-eabi/4.7.4/../../../../arm-none-eabi/lib/armv7-m/libg.a(lib_a-memset.o)
 .ARM.attributes
                0x00000000080080cf       0x2d /usr/local/Cellar/arm-none-eabi-gcc/20130916/bin/../lib/gcc/arm-none-eabi/4.7.4/../../../../arm-none-eabi/lib/armv7-m/libg.a(lib_a-mlock.o)
 .ARM.attributes
                0x00000000080080fc       0x2d /usr/local/Cellar/arm-none-eabi-gcc/20130916/bin/../lib/gcc/arm-none-eabi/4.7.4/../../../../arm-none-eabi/lib/armv7-m/libg.a(lib_a-mprec.o)
 .ARM.attributes
                0x0000000008008129       0x2d /usr/local/Cellar/arm-none-eabi-gcc/20130916/bin/../lib/gcc/arm-none-eabi/4.7.4/../../../../arm-none-eabi/lib/armv7-m/libg.a(lib_a-reallocr.o)
 .ARM.attributes
                0x0000000008008156       0x2d /usr/local/Cellar/arm-none-eabi-gcc/20130916/bin/../lib/gcc/arm-none-eabi/4.7.4/../../../../arm-none-eabi/lib/armv7-m/libg.a(lib_a-s_fpclassify.o)
 .ARM.attributes
                0x0000000008008183       0x2d /usr/local/Cellar/arm-none-eabi-gcc/20130916/bin/../lib/gcc/arm-none-eabi/4.7.4/../../../../arm-none-eabi/lib/armv7-m/libg.a(lib_a-sbrkr.o)
 .ARM.attributes
                0x00000000080081b0       0x2d /usr/local/Cellar/arm-none-eabi-gcc/20130916/bin/../lib/gcc/arm-none-eabi/4.7.4/../../../../arm-none-eabi/lib/armv7-m/libg.a(lib_a-stdio.o)
 .ARM.attributes
                0x00000000080081dd       0x2d /usr/local/Cellar/arm-none-eabi-gcc/20130916/bin/../lib/gcc/arm-none-eabi/4.7.4/../../../../arm-none-eabi/lib/armv7-m/libg.a(lib_a-vfiprintf.o)
 .ARM.attributes
                0x000000000800820a       0x2d /usr/local/Cellar/arm-none-eabi-gcc/20130916/bin/../lib/gcc/arm-none-eabi/4.7.4/../../../../arm-none-eabi/lib/armv7-m/libg.a(lib_a-writer.o)
 .ARM.attributes
                0x0000000008008237       0x2d /usr/local/Cellar/arm-none-eabi-gcc/20130916/bin/../lib/gcc/arm-none-eabi/4.7.4/../../../../arm-none-eabi/lib/armv7-m/libg.a(lib_a-callocr.o)
 .ARM.attributes
                0x0000000008008264       0x2d /usr/local/Cellar/arm-none-eabi-gcc/20130916/bin/../lib/gcc/arm-none-eabi/4.7.4/../../../../arm-none-eabi/lib/armv7-m/libg.a(lib_a-closer.o)
 .ARM.attributes
                0x0000000008008291       0x2d /usr/local/Cellar/arm-none-eabi-gcc/20130916/bin/../lib/gcc/arm-none-eabi/4.7.4/../../../../arm-none-eabi/lib/armv7-m/libg.a(lib_a-fclose.o)
 .ARM.attributes
                0x00000000080082be       0x2d /usr/local/Cellar/arm-none-eabi-gcc/20130916/bin/../lib/gcc/arm-none-eabi/4.7.4/../../../../arm-none-eabi/lib/armv7-m/libg.a(lib_a-fputwc.o)
 .ARM.attributes
                0x00000000080082eb       0x2d /usr/local/Cellar/arm-none-eabi-gcc/20130916/bin/../lib/gcc/arm-none-eabi/4.7.4/../../../../arm-none-eabi/lib/armv7-m/libg.a(lib_a-fstatr.o)
 .ARM.attributes
                0x0000000008008318       0x2d /usr/local/Cellar/arm-none-eabi-gcc/20130916/bin/../lib/gcc/arm-none-eabi/4.7.4/../../../../arm-none-eabi/lib/armv7-m/libg.a(lib_a-isattyr.o)
 .ARM.attributes
                0x0000000008008345       0x2d /usr/local/Cellar/arm-none-eabi-gcc/20130916/bin/../lib/gcc/arm-none-eabi/4.7.4/../../../../arm-none-eabi/lib/armv7-m/libg.a(lib_a-lseekr.o)
 .ARM.attributes
                0x0000000008008372       0x2d /usr/local/Cellar/arm-none-eabi-gcc/20130916/bin/../lib/gcc/arm-none-eabi/4.7.4/../../../../arm-none-eabi/lib/armv7-m/libg.a(lib_a-readr.o)
 .ARM.attributes
                0x000000000800839f       0x2d /usr/local/Cellar/arm-none-eabi-gcc/20130916/bin/../lib/gcc/arm-none-eabi/4.7.4/../../../../arm-none-eabi/lib/armv7-m/libg.a(lib_a-reent.o)
 .ARM.attributes
                0x00000000080083cc       0x2d /usr/local/Cellar/arm-none-eabi-gcc/20130916/bin/../lib/gcc/arm-none-eabi/4.7.4/../../../../arm-none-eabi/lib/armv7-m/libg.a(lib_a-wbuf.o)
 .ARM.attributes
                0x00000000080083f9       0x2d /usr/local/Cellar/arm-none-eabi-gcc/20130916/bin/../lib/gcc/arm-none-eabi/4.7.4/../../../../arm-none-eabi/lib/armv7-m/libg.a(lib_a-wcrtomb.o)
 .ARM.attributes
                0x0000000008008426       0x2d /usr/local/Cellar/arm-none-eabi-gcc/20130916/bin/../lib/gcc/arm-none-eabi/4.7.4/../../../../arm-none-eabi/lib/armv7-m/libg.a(lib_a-wctomb_r.o)
 .ARM.attributes
                0x0000000008008453       0x1d /usr/local/Cellar/arm-none-eabi-gcc/20130916/bin/../lib/gcc/arm-none-eabi/4.7.4/armv7-m/libgcc.a(_arm_addsubdf3.o)
 .ARM.attributes
                0x0000000008008470       0x1d /usr/local/Cellar/arm-none-eabi-gcc/20130916/bin/../lib/gcc/arm-none-eabi/4.7.4/armv7-m/libgcc.a(_arm_muldivdf3.o)
 .ARM.attributes
                0x000000000800848d       0x1d /usr/local/Cellar/arm-none-eabi-gcc/20130916/bin/../lib/gcc/arm-none-eabi/4.7.4/armv7-m/libgcc.a(_arm_cmpdf2.o)
 .ARM.attributes
                0x00000000080084aa       0x1d /usr/local/Cellar/arm-none-eabi-gcc/20130916/bin/../lib/gcc/arm-none-eabi/4.7.4/armv7-m/libgcc.a(_arm_fixdfsi.o)
 .ARM.attributes
                0x00000000080084c7       0x1d /usr/local/Cellar/arm-none-eabi-gcc/20130916/bin/../lib/gcc/arm-none-eabi/4.7.4/armv7-m/libgcc.a(_aeabi_uldivmod.o)
 .ARM.attributes
                0x00000000080084e4       0x2d /usr/local/Cellar/arm-none-eabi-gcc/20130916/bin/../lib/gcc/arm-none-eabi/4.7.4/armv7-m/libgcc.a(bpabi.o)
 .ARM.attributes
                0x0000000008008511       0x1d /usr/local/Cellar/arm-none-eabi-gcc/20130916/bin/../lib/gcc/arm-none-eabi/4.7.4/armv7-m/libgcc.a(_dvmd_tls.o)
 .ARM.attributes
                0x000000000800852e       0x2d /usr/local/Cellar/arm-none-eabi-gcc/20130916/bin/../lib/gcc/arm-none-eabi/4.7.4/armv7-m/libgcc.a(_divdi3.o)
 .ARM.attributes
                0x000000000800855b       0x2d /usr/local/Cellar/arm-none-eabi-gcc/20130916/bin/../lib/gcc/arm-none-eabi/4.7.4/armv7-m/libgcc.a(_udivdi3.o)
 .ARM.attributes
                0x0000000008008588       0x2d /usr/local/Cellar/arm-none-eabi-gcc/20130916/bin/../lib/gcc/arm-none-eabi/4.7.4/../../../../arm-none-eabi/lib/armv7-m/libnosys.a(close.o)
 .ARM.attributes
                0x00000000080085b5       0x2d /usr/local/Cellar/arm-none-eabi-gcc/20130916/bin/../lib/gcc/arm-none-eabi/4.7.4/../../../../arm-none-eabi/lib/armv7-m/libnosys.a(fstat.o)
 .ARM.attributes
                0x00000000080085e2       0x2d /usr/local/Cellar/arm-none-eabi-gcc/20130916/bin/../lib/gcc/arm-none-eabi/4.7.4/../../../../arm-none-eabi/lib/armv7-m/libnosys.a(isatty.o)
 .ARM.attributes
                0x000000000800860f       0x2d /usr/local/Cellar/arm-none-eabi-gcc/20130916/bin/../lib/gcc/arm-none-eabi/4.7.4/../../../../arm-none-eabi/lib/armv7-m/libnosys.a(lseek.o)
 .ARM.attributes
                0x000000000800863c       0x2d /usr/local/Cellar/arm-none-eabi-gcc/20130916/bin/../lib/gcc/arm-none-eabi/4.7.4/../../../../arm-none-eabi/lib/armv7-m/libnosys.a(read.o)
 .ARM.attributes
                0x0000000008008669       0x2d /usr/local/Cellar/arm-none-eabi-gcc/20130916/bin/../lib/gcc/arm-none-eabi/4.7.4/../../../../arm-none-eabi/lib/armv7-m/libnosys.a(sbrk.o)

.preinit_array  0x0000000008007bf8        0x0
                0x0000000008007bf8                PROVIDE (__preinit_array_start, .)
 *(.preinit_array*)
                0x0000000008007bf8                PROVIDE (__preinit_array_end, .)

.init_array     0x0000000008007bf8        0x0
                0x0000000008007bf8                PROVIDE (__init_array_start, .)
 *(SORT(.init_array.*))
 *(.init_array*)
                0x0000000008007bf8                PROVIDE (__init_array_end, .)

.fini_array     0x0000000008007bf8        0x0
                0x0000000008007bf8                PROVIDE (__fini_array_start, .)
 *(.fini_array*)
 *(SORT(.fini_array.*))
                0x0000000008007bf8                PROVIDE (__fini_array_end, .)
                0x0000000008007bf8                _sidata = .

.data           0x0000000020000000      0x8a4 load address 0x0000000008007bf8
                0x0000000020000000                . = ALIGN (0x4)
                0x0000000020000000                _sdata = .
 *(.data)
 *(.data*)
 .data.SystemCoreClock
                0x0000000020000000        0x4 ./Src/Lib/CMSIS/Src/system_stm32f10x.o
                0x0000000020000000                SystemCoreClock
 *fill*         0x0000000020000004        0x4 00
 .data.impure_data
                0x0000000020000008      0x428 /usr/local/Cellar/arm-none-eabi-gcc/20130916/bin/../lib/gcc/arm-none-eabi/4.7.4/../../../../arm-none-eabi/lib/armv7-m/libg.a(lib_a-impure.o)
 .data._impure_ptr
                0x0000000020000430        0x4 /usr/local/Cellar/arm-none-eabi-gcc/20130916/bin/../lib/gcc/arm-none-eabi/4.7.4/../../../../arm-none-eabi/lib/armv7-m/libg.a(lib_a-impure.o)
                0x0000000020000430                _impure_ptr
 .data.lconv    0x0000000020000434       0x38 /usr/local/Cellar/arm-none-eabi-gcc/20130916/bin/../lib/gcc/arm-none-eabi/4.7.4/../../../../arm-none-eabi/lib/armv7-m/libg.a(lib_a-locale.o)
 .data.lc_ctype_charset
                0x000000002000046c       0x20 /usr/local/Cellar/arm-none-eabi-gcc/20130916/bin/../lib/gcc/arm-none-eabi/4.7.4/../../../../arm-none-eabi/lib/armv7-m/libg.a(lib_a-locale.o)
 .data.__mb_cur_max
                0x000000002000048c        0x4 /usr/local/Cellar/arm-none-eabi-gcc/20130916/bin/../lib/gcc/arm-none-eabi/4.7.4/../../../../arm-none-eabi/lib/armv7-m/libg.a(lib_a-locale.o)
                0x000000002000048c                __mb_cur_max
 .data.__malloc_av_
                0x0000000020000490      0x408 /usr/local/Cellar/arm-none-eabi-gcc/20130916/bin/../lib/gcc/arm-none-eabi/4.7.4/../../../../arm-none-eabi/lib/armv7-m/libg.a(lib_a-mallocr.o)
                0x0000000020000490                __malloc_av_
 .data.__malloc_trim_threshold
                0x0000000020000898        0x4 /usr/local/Cellar/arm-none-eabi-gcc/20130916/bin/../lib/gcc/arm-none-eabi/4.7.4/../../../../arm-none-eabi/lib/armv7-m/libg.a(lib_a-mallocr.o)
                0x0000000020000898                __malloc_trim_threshold
 .data.__malloc_sbrk_base
                0x000000002000089c        0x4 /usr/local/Cellar/arm-none-eabi-gcc/20130916/bin/../lib/gcc/arm-none-eabi/4.7.4/../../../../arm-none-eabi/lib/armv7-m/libg.a(lib_a-mallocr.o)
                0x000000002000089c                __malloc_sbrk_base
 .data.__wctomb
                0x00000000200008a0        0x4 /usr/local/Cellar/arm-none-eabi-gcc/20130916/bin/../lib/gcc/arm-none-eabi/4.7.4/../../../../arm-none-eabi/lib/armv7-m/libg.a(lib_a-wctomb_r.o)
                0x00000000200008a0                __wctomb
                0x00000000200008a4                . = ALIGN (0x4)
                0x00000000200008a4                _edata = .

.igot.plt       0x00000000200008a4        0x0 load address 0x000000000800849c
 .igot.plt      0x0000000000000000        0x0 ./Src/User/Interrupt.o
                0x00000000200008a4                . = ALIGN (0x4)

.bss            0x00000000200008a4       0x40 load address 0x000000000800849c
                0x00000000200008a4                _sbss = .
                0x00000000200008a4                __bss_start__ = _sbss
 *(.bss)
 *(.bss*)
 .bss.uwTimingDelay
                0x00000000200008a4        0x4 ./Src/BeatOS_Main.o
 .bss.__malloc_max_total_mem
                0x00000000200008a8        0x4 /usr/local/Cellar/arm-none-eabi-gcc/20130916/bin/../lib/gcc/arm-none-eabi/4.7.4/../../../../arm-none-eabi/lib/armv7-m/libg.a(lib_a-mallocr.o)
                0x00000000200008a8                __malloc_max_total_mem
 .bss.__malloc_max_sbrked_mem
                0x00000000200008ac        0x4 /usr/local/Cellar/arm-none-eabi-gcc/20130916/bin/../lib/gcc/arm-none-eabi/4.7.4/../../../../arm-none-eabi/lib/armv7-m/libg.a(lib_a-mallocr.o)
                0x00000000200008ac                __malloc_max_sbrked_mem
 .bss.__malloc_top_pad
                0x00000000200008b0        0x4 /usr/local/Cellar/arm-none-eabi-gcc/20130916/bin/../lib/gcc/arm-none-eabi/4.7.4/../../../../arm-none-eabi/lib/armv7-m/libg.a(lib_a-mallocr.o)
                0x00000000200008b0                __malloc_top_pad
 .bss.__malloc_current_mallinfo
                0x00000000200008b4       0x28 /usr/local/Cellar/arm-none-eabi-gcc/20130916/bin/../lib/gcc/arm-none-eabi/4.7.4/../../../../arm-none-eabi/lib/armv7-m/libg.a(lib_a-mallocr.o)
                0x00000000200008b4                __malloc_current_mallinfo
 .bss.heap_end.4231
                0x00000000200008dc        0x4 /usr/local/Cellar/arm-none-eabi-gcc/20130916/bin/../lib/gcc/arm-none-eabi/4.7.4/../../../../arm-none-eabi/lib/armv7-m/libnosys.a(sbrk.o)
 *(COMMON)
 COMMON         0x00000000200008e0        0x4 /usr/local/Cellar/arm-none-eabi-gcc/20130916/bin/../lib/gcc/arm-none-eabi/4.7.4/../../../../arm-none-eabi/lib/armv7-m/libg.a(lib_a-reent.o)
                0x00000000200008e0                errno
                0x00000000200008e4                . = ALIGN (0x4)
                0x00000000200008e4                _ebss = .
                0x00000000200008e4                __bss_end__ = _ebss
                0x00000000200008e4                PROVIDE (end, _ebss)
                0x00000000200008e4                PROVIDE (_end, _ebss)

._user_heap_stack
                0x00000000200008e4      0x400 load address 0x00000000080084dc
                0x00000000200008e4                . = ALIGN (0x4)
                0x00000000200008e4                . = (. + _Min_Heap_Size)
                0x0000000020000ce4                . = (. + _Min_Stack_Size)
 *fill*         0x00000000200008e4      0x400 00
                0x0000000020000ce4                . = ALIGN (0x4)

.memory_b1_text
 *(.mb1text)
 *(.mb1text*)
 *(.mb1rodata)
 *(.mb1rodata*)

/DISCARD/
 libc.a(*)
 libm.a(*)
 libgcc.a(*)

.stab           0x0000000000000000       0x84
 *(.stab)
 .stab          0x0000000000000000       0x24 /usr/local/Cellar/arm-none-eabi-gcc/20130916/bin/../lib/gcc/arm-none-eabi/4.7.4/../../../../arm-none-eabi/lib/armv7-m/libnosys.a(close.o)
 .stab          0x0000000000000024       0x18 /usr/local/Cellar/arm-none-eabi-gcc/20130916/bin/../lib/gcc/arm-none-eabi/4.7.4/../../../../arm-none-eabi/lib/armv7-m/libnosys.a(fstat.o)
                                         0x24 (size before relaxing)
 .stab          0x000000000000003c       0x18 /usr/local/Cellar/arm-none-eabi-gcc/20130916/bin/../lib/gcc/arm-none-eabi/4.7.4/../../../../arm-none-eabi/lib/armv7-m/libnosys.a(isatty.o)
                                         0x24 (size before relaxing)
 .stab          0x0000000000000054       0x18 /usr/local/Cellar/arm-none-eabi-gcc/20130916/bin/../lib/gcc/arm-none-eabi/4.7.4/../../../../arm-none-eabi/lib/armv7-m/libnosys.a(lseek.o)
                                         0x24 (size before relaxing)
 .stab          0x000000000000006c       0x18 /usr/local/Cellar/arm-none-eabi-gcc/20130916/bin/../lib/gcc/arm-none-eabi/4.7.4/../../../../arm-none-eabi/lib/armv7-m/libnosys.a(read.o)
                                         0x24 (size before relaxing)

.stabstr        0x0000000000000000      0x117
 *(.stabstr)
 .stabstr       0x0000000000000000      0x117 /usr/local/Cellar/arm-none-eabi-gcc/20130916/bin/../lib/gcc/arm-none-eabi/4.7.4/../../../../arm-none-eabi/lib/armv7-m/libnosys.a(close.o)

.stab.excl
 *(.stab.excl)

.stab.exclstr
 *(.stab.exclstr)

.stab.index
 *(.stab.index)

.stab.indexstr
 *(.stab.indexstr)

.comment        0x0000000000000000       0x70
 *(.comment)
 .comment       0x0000000000000000       0x70 ./Src/User/Interrupt.o
                                         0x71 (size before relaxing)
 .comment       0x0000000000000000       0x71 ./Src/Lib/StdPeriph/Src/stm32f10x_gpio.o
 .comment       0x0000000000000000       0x71 ./Src/Lib/StdPeriph/Src/stm32f10x_rcc.o
 .comment       0x0000000000000000       0x71 ./Src/Lib/Debug/Src/ITM.o
 .comment       0x0000000000000000       0x71 ./Src/Lib/CMSIS/Src/system_stm32f10x.o
 .comment       0x0000000000000000       0x71 ./Src/BeatOS_Main.o

.debug
 *(.debug)

.line
 *(.line)

.debug_srcinfo
 *(.debug_srcinfo)

.debug_sfnames
 *(.debug_sfnames)

.debug_aranges  0x0000000000000000      0x310
 *(.debug_aranges)
 .debug_aranges
                0x0000000000000000       0x70 ./Src/User/Interrupt.o
 .debug_aranges
                0x0000000000000070       0x28 ./Src/User/startup_stm32f10x_hd.o
 .debug_aranges
                0x0000000000000098       0xa8 ./Src/Lib/StdPeriph/Src/stm32f10x_gpio.o
 .debug_aranges
                0x0000000000000140      0x118 ./Src/Lib/StdPeriph/Src/stm32f10x_rcc.o
 .debug_aranges
                0x0000000000000258       0x38 ./Src/Lib/Debug/Src/ITM.o
 .debug_aranges
                0x0000000000000290       0x38 ./Src/Lib/CMSIS/Src/system_stm32f10x.o
 .debug_aranges
                0x00000000000002c8       0x48 ./Src/BeatOS_Main.o

.debug_pubnames
 *(.debug_pubnames)

.debug_info     0x0000000000000000     0x234c
 *(.debug_info .gnu.linkonce.wi.*)
 .debug_info    0x0000000000000000      0x1bf ./Src/User/Interrupt.o
 .debug_info    0x00000000000001bf       0x7b ./Src/User/startup_stm32f10x_hd.o
 .debug_info    0x000000000000023a      0x73d ./Src/Lib/StdPeriph/Src/stm32f10x_gpio.o
 .debug_info    0x0000000000000977      0x929 ./Src/Lib/StdPeriph/Src/stm32f10x_rcc.o
 .debug_info    0x00000000000012a0      0x44c ./Src/Lib/Debug/Src/ITM.o
 .debug_info    0x00000000000016ec      0x488 ./Src/Lib/CMSIS/Src/system_stm32f10x.o
 .debug_info    0x0000000000001b74      0x7d8 ./Src/BeatOS_Main.o

.debug_abbrev   0x0000000000000000      0x901
 *(.debug_abbrev)
 .debug_abbrev  0x0000000000000000       0xa2 ./Src/User/Interrupt.o
 .debug_abbrev  0x00000000000000a2       0x12 ./Src/User/startup_stm32f10x_hd.o
 .debug_abbrev  0x00000000000000b4      0x1cf ./Src/Lib/StdPeriph/Src/stm32f10x_gpio.o
 .debug_abbrev  0x0000000000000283      0x1c1 ./Src/Lib/StdPeriph/Src/stm32f10x_rcc.o
 .debug_abbrev  0x0000000000000444      0x157 ./Src/Lib/Debug/Src/ITM.o
 .debug_abbrev  0x000000000000059b      0x17e ./Src/Lib/CMSIS/Src/system_stm32f10x.o
 .debug_abbrev  0x0000000000000719      0x1e8 ./Src/BeatOS_Main.o

.debug_line     0x0000000000000000     0x292f
 *(.debug_line)
 .debug_line    0x0000000000000000      0x671 ./Src/User/Interrupt.o
 .debug_line    0x0000000000000671       0x7f ./Src/User/startup_stm32f10x_hd.o
 .debug_line    0x00000000000006f0      0x752 ./Src/Lib/StdPeriph/Src/stm32f10x_gpio.o
 .debug_line    0x0000000000000e42      0x861 ./Src/Lib/StdPeriph/Src/stm32f10x_rcc.o
 .debug_line    0x00000000000016a3      0x616 ./Src/Lib/Debug/Src/ITM.o
 .debug_line    0x0000000000001cb9      0x634 ./Src/Lib/CMSIS/Src/system_stm32f10x.o
 .debug_line    0x00000000000022ed      0x642 ./Src/BeatOS_Main.o

.debug_frame    0x0000000000000000     0x1710
 *(.debug_frame)
 .debug_frame   0x0000000000000000      0x120 ./Src/User/Interrupt.o
 .debug_frame   0x0000000000000120      0x210 ./Src/Lib/StdPeriph/Src/stm32f10x_gpio.o
 .debug_frame   0x0000000000000330      0x388 ./Src/Lib/StdPeriph/Src/stm32f10x_rcc.o
 .debug_frame   0x00000000000006b8       0x84 ./Src/Lib/Debug/Src/ITM.o
 .debug_frame   0x000000000000073c       0x80 ./Src/Lib/CMSIS/Src/system_stm32f10x.o
 .debug_frame   0x00000000000007bc       0xbc ./Src/BeatOS_Main.o
 .debug_frame   0x0000000000000878       0x30 /usr/local/Cellar/arm-none-eabi-gcc/20130916/bin/../lib/gcc/arm-none-eabi/4.7.4/../../../../arm-none-eabi/lib/armv7-m/libg.a(lib_a-init.o)
 .debug_frame   0x00000000000008a8       0x5c /usr/local/Cellar/arm-none-eabi-gcc/20130916/bin/../lib/gcc/arm-none-eabi/4.7.4/../../../../arm-none-eabi/lib/armv7-m/libg.a(lib_a-printf.o)
 .debug_frame   0x0000000000000904       0x40 /usr/local/Cellar/arm-none-eabi-gcc/20130916/bin/../lib/gcc/arm-none-eabi/4.7.4/../../../../arm-none-eabi/lib/armv7-m/libg.a(lib_a-puts.o)
 .debug_frame   0x0000000000000944       0x20 /usr/local/Cellar/arm-none-eabi-gcc/20130916/bin/../lib/gcc/arm-none-eabi/4.7.4/../../../../arm-none-eabi/lib/armv7-m/libg.a(lib_a-strlen.o)
 .debug_frame   0x0000000000000964       0x80 /usr/local/Cellar/arm-none-eabi-gcc/20130916/bin/../lib/gcc/arm-none-eabi/4.7.4/../../../../arm-none-eabi/lib/armv7-m/libg.a(lib_a-vfprintf.o)
 .debug_frame   0x00000000000009e4       0x2c /usr/local/Cellar/arm-none-eabi-gcc/20130916/bin/../lib/gcc/arm-none-eabi/4.7.4/../../../../arm-none-eabi/lib/armv7-m/libg.a(lib_a-wsetup.o)
 .debug_frame   0x0000000000000a10       0x64 /usr/local/Cellar/arm-none-eabi-gcc/20130916/bin/../lib/gcc/arm-none-eabi/4.7.4/../../../../arm-none-eabi/lib/armv7-m/libg.a(lib_a-dtoa.o)
 .debug_frame   0x0000000000000a74       0x40 /usr/local/Cellar/arm-none-eabi-gcc/20130916/bin/../lib/gcc/arm-none-eabi/4.7.4/../../../../arm-none-eabi/lib/armv7-m/libg.a(lib_a-fflush.o)
 .debug_frame   0x0000000000000ab4      0x120 /usr/local/Cellar/arm-none-eabi-gcc/20130916/bin/../lib/gcc/arm-none-eabi/4.7.4/../../../../arm-none-eabi/lib/armv7-m/libg.a(lib_a-findfp.o)
 .debug_frame   0x0000000000000bd4       0x50 /usr/local/Cellar/arm-none-eabi-gcc/20130916/bin/../lib/gcc/arm-none-eabi/4.7.4/../../../../arm-none-eabi/lib/armv7-m/libg.a(lib_a-freer.o)
 .debug_frame   0x0000000000000c24       0x38 /usr/local/Cellar/arm-none-eabi-gcc/20130916/bin/../lib/gcc/arm-none-eabi/4.7.4/../../../../arm-none-eabi/lib/armv7-m/libg.a(lib_a-fvwrite.o)
 .debug_frame   0x0000000000000c5c       0x5c /usr/local/Cellar/arm-none-eabi-gcc/20130916/bin/../lib/gcc/arm-none-eabi/4.7.4/../../../../arm-none-eabi/lib/armv7-m/libg.a(lib_a-fwalk.o)
 .debug_frame   0x0000000000000cb8       0xa0 /usr/local/Cellar/arm-none-eabi-gcc/20130916/bin/../lib/gcc/arm-none-eabi/4.7.4/../../../../arm-none-eabi/lib/armv7-m/libg.a(lib_a-locale.o)
 .debug_frame   0x0000000000000d58       0x30 /usr/local/Cellar/arm-none-eabi-gcc/20130916/bin/../lib/gcc/arm-none-eabi/4.7.4/../../../../arm-none-eabi/lib/armv7-m/libg.a(lib_a-makebuf.o)
 .debug_frame   0x0000000000000d88       0x38 /usr/local/Cellar/arm-none-eabi-gcc/20130916/bin/../lib/gcc/arm-none-eabi/4.7.4/../../../../arm-none-eabi/lib/armv7-m/libg.a(lib_a-mallocr.o)
 .debug_frame   0x0000000000000dc0       0x2c /usr/local/Cellar/arm-none-eabi-gcc/20130916/bin/../lib/gcc/arm-none-eabi/4.7.4/../../../../arm-none-eabi/lib/armv7-m/libg.a(lib_a-memchr.o)
 .debug_frame   0x0000000000000dec       0x30 /usr/local/Cellar/arm-none-eabi-gcc/20130916/bin/../lib/gcc/arm-none-eabi/4.7.4/../../../../arm-none-eabi/lib/armv7-m/libg.a(lib_a-memcpy.o)
 .debug_frame   0x0000000000000e1c       0x30 /usr/local/Cellar/arm-none-eabi-gcc/20130916/bin/../lib/gcc/arm-none-eabi/4.7.4/../../../../arm-none-eabi/lib/armv7-m/libg.a(lib_a-memmove.o)
 .debug_frame   0x0000000000000e4c       0x2c /usr/local/Cellar/arm-none-eabi-gcc/20130916/bin/../lib/gcc/arm-none-eabi/4.7.4/../../../../arm-none-eabi/lib/armv7-m/libg.a(lib_a-memset.o)
 .debug_frame   0x0000000000000e78       0x30 /usr/local/Cellar/arm-none-eabi-gcc/20130916/bin/../lib/gcc/arm-none-eabi/4.7.4/../../../../arm-none-eabi/lib/armv7-m/libg.a(lib_a-mlock.o)
 .debug_frame   0x0000000000000ea8      0x238 /usr/local/Cellar/arm-none-eabi-gcc/20130916/bin/../lib/gcc/arm-none-eabi/4.7.4/../../../../arm-none-eabi/lib/armv7-m/libg.a(lib_a-mprec.o)
 .debug_frame   0x00000000000010e0       0x38 /usr/local/Cellar/arm-none-eabi-gcc/20130916/bin/../lib/gcc/arm-none-eabi/4.7.4/../../../../arm-none-eabi/lib/armv7-m/libg.a(lib_a-reallocr.o)
 .debug_frame   0x0000000000001118       0x20 /usr/local/Cellar/arm-none-eabi-gcc/20130916/bin/../lib/gcc/arm-none-eabi/4.7.4/../../../../arm-none-eabi/lib/armv7-m/libg.a(lib_a-s_fpclassify.o)
 .debug_frame   0x0000000000001138       0x2c /usr/local/Cellar/arm-none-eabi-gcc/20130916/bin/../lib/gcc/arm-none-eabi/4.7.4/../../../../arm-none-eabi/lib/armv7-m/libg.a(lib_a-sbrkr.o)
 .debug_frame   0x0000000000001164       0x80 /usr/local/Cellar/arm-none-eabi-gcc/20130916/bin/../lib/gcc/arm-none-eabi/4.7.4/../../../../arm-none-eabi/lib/armv7-m/libg.a(lib_a-stdio.o)
 .debug_frame   0x00000000000011e4       0xa8 /usr/local/Cellar/arm-none-eabi-gcc/20130916/bin/../lib/gcc/arm-none-eabi/4.7.4/../../../../arm-none-eabi/lib/armv7-m/libg.a(lib_a-vfiprintf.o)
 .debug_frame   0x000000000000128c       0x2c /usr/local/Cellar/arm-none-eabi-gcc/20130916/bin/../lib/gcc/arm-none-eabi/4.7.4/../../../../arm-none-eabi/lib/armv7-m/libg.a(lib_a-writer.o)
 .debug_frame   0x00000000000012b8       0x28 /usr/local/Cellar/arm-none-eabi-gcc/20130916/bin/../lib/gcc/arm-none-eabi/4.7.4/../../../../arm-none-eabi/lib/armv7-m/libg.a(lib_a-callocr.o)
 .debug_frame   0x00000000000012e0       0x2c /usr/local/Cellar/arm-none-eabi-gcc/20130916/bin/../lib/gcc/arm-none-eabi/4.7.4/../../../../arm-none-eabi/lib/armv7-m/libg.a(lib_a-closer.o)
 .debug_frame   0x000000000000130c       0x3c /usr/local/Cellar/arm-none-eabi-gcc/20130916/bin/../lib/gcc/arm-none-eabi/4.7.4/../../../../arm-none-eabi/lib/armv7-m/libg.a(lib_a-fclose.o)
 .debug_frame   0x0000000000001348       0x54 /usr/local/Cellar/arm-none-eabi-gcc/20130916/bin/../lib/gcc/arm-none-eabi/4.7.4/../../../../arm-none-eabi/lib/armv7-m/libg.a(lib_a-fputwc.o)
 .debug_frame   0x000000000000139c       0x2c /usr/local/Cellar/arm-none-eabi-gcc/20130916/bin/../lib/gcc/arm-none-eabi/4.7.4/../../../../arm-none-eabi/lib/armv7-m/libg.a(lib_a-fstatr.o)
 .debug_frame   0x00000000000013c8       0x2c /usr/local/Cellar/arm-none-eabi-gcc/20130916/bin/../lib/gcc/arm-none-eabi/4.7.4/../../../../arm-none-eabi/lib/armv7-m/libg.a(lib_a-isattyr.o)
 .debug_frame   0x00000000000013f4       0x2c /usr/local/Cellar/arm-none-eabi-gcc/20130916/bin/../lib/gcc/arm-none-eabi/4.7.4/../../../../arm-none-eabi/lib/armv7-m/libg.a(lib_a-lseekr.o)
 .debug_frame   0x0000000000001420       0x2c /usr/local/Cellar/arm-none-eabi-gcc/20130916/bin/../lib/gcc/arm-none-eabi/4.7.4/../../../../arm-none-eabi/lib/armv7-m/libg.a(lib_a-readr.o)
 .debug_frame   0x000000000000144c       0x6c /usr/local/Cellar/arm-none-eabi-gcc/20130916/bin/../lib/gcc/arm-none-eabi/4.7.4/../../../../arm-none-eabi/lib/armv7-m/libg.a(lib_a-reent.o)
 .debug_frame   0x00000000000014b8       0x44 /usr/local/Cellar/arm-none-eabi-gcc/20130916/bin/../lib/gcc/arm-none-eabi/4.7.4/../../../../arm-none-eabi/lib/armv7-m/libg.a(lib_a-wbuf.o)
 .debug_frame   0x00000000000014fc       0x58 /usr/local/Cellar/arm-none-eabi-gcc/20130916/bin/../lib/gcc/arm-none-eabi/4.7.4/../../../../arm-none-eabi/lib/armv7-m/libg.a(lib_a-wcrtomb.o)
 .debug_frame   0x0000000000001554       0x44 /usr/local/Cellar/arm-none-eabi-gcc/20130916/bin/../lib/gcc/arm-none-eabi/4.7.4/../../../../arm-none-eabi/lib/armv7-m/libg.a(lib_a-wctomb_r.o)
 .debug_frame   0x0000000000001598       0x50 /usr/local/Cellar/arm-none-eabi-gcc/20130916/bin/../lib/gcc/arm-none-eabi/4.7.4/armv7-m/libgcc.a(bpabi.o)
 .debug_frame   0x00000000000015e8       0x34 /usr/local/Cellar/arm-none-eabi-gcc/20130916/bin/../lib/gcc/arm-none-eabi/4.7.4/armv7-m/libgcc.a(_divdi3.o)
 .debug_frame   0x000000000000161c       0x34 /usr/local/Cellar/arm-none-eabi-gcc/20130916/bin/../lib/gcc/arm-none-eabi/4.7.4/armv7-m/libgcc.a(_udivdi3.o)
 .debug_frame   0x0000000000001650       0x20 /usr/local/Cellar/arm-none-eabi-gcc/20130916/bin/../lib/gcc/arm-none-eabi/4.7.4/../../../../arm-none-eabi/lib/armv7-m/libnosys.a(close.o)
 .debug_frame   0x0000000000001670       0x20 /usr/local/Cellar/arm-none-eabi-gcc/20130916/bin/../lib/gcc/arm-none-eabi/4.7.4/../../../../arm-none-eabi/lib/armv7-m/libnosys.a(fstat.o)
 .debug_frame   0x0000000000001690       0x20 /usr/local/Cellar/arm-none-eabi-gcc/20130916/bin/../lib/gcc/arm-none-eabi/4.7.4/../../../../arm-none-eabi/lib/armv7-m/libnosys.a(isatty.o)
 .debug_frame   0x00000000000016b0       0x20 /usr/local/Cellar/arm-none-eabi-gcc/20130916/bin/../lib/gcc/arm-none-eabi/4.7.4/../../../../arm-none-eabi/lib/armv7-m/libnosys.a(lseek.o)
 .debug_frame   0x00000000000016d0       0x20 /usr/local/Cellar/arm-none-eabi-gcc/20130916/bin/../lib/gcc/arm-none-eabi/4.7.4/../../../../arm-none-eabi/lib/armv7-m/libnosys.a(read.o)
 .debug_frame   0x00000000000016f0       0x20 /usr/local/Cellar/arm-none-eabi-gcc/20130916/bin/../lib/gcc/arm-none-eabi/4.7.4/../../../../arm-none-eabi/lib/armv7-m/libnosys.a(sbrk.o)

.debug_str      0x0000000000000000    0x505a6
 *(.debug_str)
 .debug_str     0x0000000000000000    0x4ec27 ./Src/User/Interrupt.o
                                      0x4edd4 (size before relaxing)
 .debug_str     0x000000000004ec27      0x5f9 ./Src/Lib/StdPeriph/Src/stm32f10x_gpio.o
                                      0x4f2e4 (size before relaxing)
 .debug_str     0x000000000004f220      0xb5a ./Src/Lib/StdPeriph/Src/stm32f10x_rcc.o
                                      0x4f8ca (size before relaxing)
 .debug_str     0x000000000004fd7a      0x1f4 ./Src/Lib/Debug/Src/ITM.o
                                      0x4eefa (size before relaxing)
 .debug_str     0x000000000004ff6e      0x10c ./Src/Lib/CMSIS/Src/system_stm32f10x.o
                                      0x4ee95 (size before relaxing)
 .debug_str     0x000000000005007a      0x52c ./Src/BeatOS_Main.o
                                      0x4f3ef (size before relaxing)

.debug_loc      0x0000000000000000      0xf84
 *(.debug_loc)
 .debug_loc     0x0000000000000000      0x1f0 ./Src/User/Interrupt.o
 .debug_loc     0x00000000000001f0      0x3e4 ./Src/Lib/StdPeriph/Src/stm32f10x_gpio.o
 .debug_loc     0x00000000000005d4      0x6dc ./Src/Lib/StdPeriph/Src/stm32f10x_rcc.o
 .debug_loc     0x0000000000000cb0       0xd4 ./Src/Lib/Debug/Src/ITM.o
 .debug_loc     0x0000000000000d84       0xc8 ./Src/Lib/CMSIS/Src/system_stm32f10x.o
 .debug_loc     0x0000000000000e4c      0x138 ./Src/BeatOS_Main.o

.debug_macinfo
 *(.debug_macinfo)

.debug_weaknames
 *(.debug_weaknames)

.debug_funcnames
 *(.debug_funcnames)

.debug_typenames
 *(.debug_typenames)

.debug_varnames
 *(.debug_varnames)
OUTPUT(BeatOS-STM32.elf elf32-littlearm)

.debug_ranges   0x0000000000000000      0x2a8
 .debug_ranges  0x0000000000000000       0x60 ./Src/User/Interrupt.o
 .debug_ranges  0x0000000000000060       0x20 ./Src/User/startup_stm32f10x_hd.o
 .debug_ranges  0x0000000000000080       0x98 ./Src/Lib/StdPeriph/Src/stm32f10x_gpio.o
 .debug_ranges  0x0000000000000118      0x108 ./Src/Lib/StdPeriph/Src/stm32f10x_rcc.o
 .debug_ranges  0x0000000000000220       0x28 ./Src/Lib/Debug/Src/ITM.o
 .debug_ranges  0x0000000000000248       0x28 ./Src/Lib/CMSIS/Src/system_stm32f10x.o
 .debug_ranges  0x0000000000000270       0x38 ./Src/BeatOS_Main.o

.debug_macro    0x0000000000000000     0xddd4
 .debug_macro   0x0000000000000000      0x243 ./Src/User/Interrupt.o
 .debug_macro   0x0000000000000243      0x7f6 ./Src/User/Interrupt.o
 .debug_macro   0x0000000000000a39       0x16 ./Src/User/Interrupt.o
 .debug_macro   0x0000000000000a4f       0x16 ./Src/User/Interrupt.o
 .debug_macro   0x0000000000000a65       0x3a ./Src/User/Interrupt.o
 .debug_macro   0x0000000000000a9f       0x10 ./Src/User/Interrupt.o
 .debug_macro   0x0000000000000aaf       0x2e ./Src/User/Interrupt.o
 .debug_macro   0x0000000000000add       0xa2 ./Src/User/Interrupt.o
 .debug_macro   0x0000000000000b7f       0x10 ./Src/User/Interrupt.o
 .debug_macro   0x0000000000000b8f       0x89 ./Src/User/Interrupt.o
 .debug_macro   0x0000000000000c18       0x10 ./Src/User/Interrupt.o
 .debug_macro   0x0000000000000c28       0x3a ./Src/User/Interrupt.o
 .debug_macro   0x0000000000000c62       0x52 ./Src/User/Interrupt.o
 .debug_macro   0x0000000000000cb4       0x19 ./Src/User/Interrupt.o
 .debug_macro   0x0000000000000ccd      0x16d ./Src/User/Interrupt.o
 .debug_macro   0x0000000000000e3a       0x10 ./Src/User/Interrupt.o
 .debug_macro   0x0000000000000e4a       0xf5 ./Src/User/Interrupt.o
 .debug_macro   0x0000000000000f3f       0x22 ./Src/User/Interrupt.o
 .debug_macro   0x0000000000000f61       0x91 ./Src/User/Interrupt.o
 .debug_macro   0x0000000000000ff2       0x16 ./Src/User/Interrupt.o
 .debug_macro   0x0000000000001008      0x16d ./Src/User/Interrupt.o
 .debug_macro   0x0000000000001175       0x50 ./Src/User/Interrupt.o
 .debug_macro   0x00000000000011c5       0x22 ./Src/User/Interrupt.o
 .debug_macro   0x00000000000011e7      0x214 ./Src/User/Interrupt.o
 .debug_macro   0x00000000000013fb      0x69f ./Src/User/Interrupt.o
 .debug_macro   0x0000000000001a9a     0x7e6d ./Src/User/Interrupt.o
 .debug_macro   0x0000000000009907      0x2e5 ./Src/User/Interrupt.o
 .debug_macro   0x0000000000009bec      0x144 ./Src/User/Interrupt.o
 .debug_macro   0x0000000000009d30      0x3cf ./Src/User/Interrupt.o
 .debug_macro   0x000000000000a0ff       0xc8 ./Src/User/Interrupt.o
 .debug_macro   0x000000000000a1c7      0x17a ./Src/User/Interrupt.o
 .debug_macro   0x000000000000a341       0xac ./Src/User/Interrupt.o
 .debug_macro   0x000000000000a3ed      0x3ad ./Src/User/Interrupt.o
 .debug_macro   0x000000000000a79a       0x9a ./Src/User/Interrupt.o
 .debug_macro   0x000000000000a834      0x2cf ./Src/User/Interrupt.o
 .debug_macro   0x000000000000ab03      0x279 ./Src/User/Interrupt.o
 .debug_macro   0x000000000000ad7c      0x2ac ./Src/User/Interrupt.o
 .debug_macro   0x000000000000b028      0x2b1 ./Src/User/Interrupt.o
 .debug_macro   0x000000000000b2d9       0x64 ./Src/User/Interrupt.o
 .debug_macro   0x000000000000b33d       0x82 ./Src/User/Interrupt.o
 .debug_macro   0x000000000000b3bf      0x3e2 ./Src/User/Interrupt.o
 .debug_macro   0x000000000000b7a1       0x58 ./Src/User/Interrupt.o
 .debug_macro   0x000000000000b7f9      0x341 ./Src/User/Interrupt.o
 .debug_macro   0x000000000000bb3a      0x2c4 ./Src/User/Interrupt.o
 .debug_macro   0x000000000000bdfe      0x711 ./Src/User/Interrupt.o
 .debug_macro   0x000000000000c50f      0x220 ./Src/User/Interrupt.o
 .debug_macro   0x000000000000c72f       0x34 ./Src/User/Interrupt.o
 .debug_macro   0x000000000000c763       0x8b ./Src/User/Interrupt.o
 .debug_macro   0x000000000000c7ee       0x35 ./Src/User/Interrupt.o
 .debug_macro   0x000000000000c823      0x291 ./Src/Lib/StdPeriph/Src/stm32f10x_gpio.o
 .debug_macro   0x000000000000cab4      0x2a6 ./Src/Lib/StdPeriph/Src/stm32f10x_gpio.o
 .debug_macro   0x000000000000cd5a      0x35f ./Src/Lib/StdPeriph/Src/stm32f10x_rcc.o
 .debug_macro   0x000000000000d0b9      0x3dc ./Src/Lib/StdPeriph/Src/stm32f10x_rcc.o
 .debug_macro   0x000000000000d495      0x258 ./Src/Lib/Debug/Src/ITM.o
 .debug_macro   0x000000000000d6ed      0x20e ./Src/Lib/Debug/Src/ITM.o
 .debug_macro   0x000000000000d8fb       0x22 ./Src/Lib/Debug/Src/ITM.o
 .debug_macro   0x000000000000d91d      0x246 ./Src/Lib/CMSIS/Src/system_stm32f10x.o
 .debug_macro   0x000000000000db63      0x271 ./Src/BeatOS_Main.o
