Archive member included because of file (symbol)

/usr/local/Cellar/arm-none-eabi-gcc/20130916/bin/../lib/gcc/arm-none-eabi/4.7.4/../../../../arm-none-eabi/lib/armv7-m/libg.a(lib_a-init.o)
                              ./Src/User/startup_stm32f10x_hd.o (__libc_init_array)
/usr/local/Cellar/arm-none-eabi-gcc/20130916/bin/../lib/gcc/arm-none-eabi/4.7.4/../../../../arm-none-eabi/lib/armv7-m/libg.a(lib_a-malloc.o)
                              ./Src/Kernel/BeatFS/BeatFS.o (malloc)
/usr/local/Cellar/arm-none-eabi-gcc/20130916/bin/../lib/gcc/arm-none-eabi/4.7.4/../../../../arm-none-eabi/lib/armv7-m/libg.a(lib_a-mallocr.o)
                              /usr/local/Cellar/arm-none-eabi-gcc/20130916/bin/../lib/gcc/arm-none-eabi/4.7.4/../../../../arm-none-eabi/lib/armv7-m/libg.a(lib_a-malloc.o) (_malloc_r)
/usr/local/Cellar/arm-none-eabi-gcc/20130916/bin/../lib/gcc/arm-none-eabi/4.7.4/../../../../arm-none-eabi/lib/armv7-m/libg.a(lib_a-memset.o)
                              ./Src/BeatOS_Main.o (memset)
/usr/local/Cellar/arm-none-eabi-gcc/20130916/bin/../lib/gcc/arm-none-eabi/4.7.4/../../../../arm-none-eabi/lib/armv7-m/libg.a(lib_a-mlock.o)
                              /usr/local/Cellar/arm-none-eabi-gcc/20130916/bin/../lib/gcc/arm-none-eabi/4.7.4/../../../../arm-none-eabi/lib/armv7-m/libg.a(lib_a-mallocr.o) (__malloc_lock)
/usr/local/Cellar/arm-none-eabi-gcc/20130916/bin/../lib/gcc/arm-none-eabi/4.7.4/../../../../arm-none-eabi/lib/armv7-m/libg.a(lib_a-printf.o)
                              ./Src/User/Interrupt.o (printf)
/usr/local/Cellar/arm-none-eabi-gcc/20130916/bin/../lib/gcc/arm-none-eabi/4.7.4/../../../../arm-none-eabi/lib/armv7-m/libg.a(lib_a-puts.o)
                              ./Src/User/Interrupt.o (puts)
/usr/local/Cellar/arm-none-eabi-gcc/20130916/bin/../lib/gcc/arm-none-eabi/4.7.4/../../../../arm-none-eabi/lib/armv7-m/libg.a(lib_a-sbrkr.o)
                              /usr/local/Cellar/arm-none-eabi-gcc/20130916/bin/../lib/gcc/arm-none-eabi/4.7.4/../../../../arm-none-eabi/lib/armv7-m/libg.a(lib_a-mallocr.o) (_sbrk_r)
/usr/local/Cellar/arm-none-eabi-gcc/20130916/bin/../lib/gcc/arm-none-eabi/4.7.4/../../../../arm-none-eabi/lib/armv7-m/libg.a(lib_a-strcmp.o)
                              ./Src/Kernel/BeatFS/BeatFS.o (strcmp)
/usr/local/Cellar/arm-none-eabi-gcc/20130916/bin/../lib/gcc/arm-none-eabi/4.7.4/../../../../arm-none-eabi/lib/armv7-m/libg.a(lib_a-strcpy.o)
                              ./Src/Kernel/BeatFS/BeatFS.o (strcpy)
/usr/local/Cellar/arm-none-eabi-gcc/20130916/bin/../lib/gcc/arm-none-eabi/4.7.4/../../../../arm-none-eabi/lib/armv7-m/libg.a(lib_a-strlen.o)
                              ./Src/Kernel/BeatFS/BeatFS.o (strlen)
/usr/local/Cellar/arm-none-eabi-gcc/20130916/bin/../lib/gcc/arm-none-eabi/4.7.4/../../../../arm-none-eabi/lib/armv7-m/libg.a(lib_a-strsep.o)
                              ./Src/Kernel/BeatFS/BeatFS.o (strsep)
/usr/local/Cellar/arm-none-eabi-gcc/20130916/bin/../lib/gcc/arm-none-eabi/4.7.4/../../../../arm-none-eabi/lib/armv7-m/libg.a(lib_a-strtok_r.o)
                              /usr/local/Cellar/arm-none-eabi-gcc/20130916/bin/../lib/gcc/arm-none-eabi/4.7.4/../../../../arm-none-eabi/lib/armv7-m/libg.a(lib_a-strsep.o) (__strtok_r)
/usr/local/Cellar/arm-none-eabi-gcc/20130916/bin/../lib/gcc/arm-none-eabi/4.7.4/../../../../arm-none-eabi/lib/armv7-m/libg.a(lib_a-vfprintf.o)
                              /usr/local/Cellar/arm-none-eabi-gcc/20130916/bin/../lib/gcc/arm-none-eabi/4.7.4/../../../../arm-none-eabi/lib/armv7-m/libg.a(lib_a-printf.o) (_vfprintf_r)
/usr/local/Cellar/arm-none-eabi-gcc/20130916/bin/../lib/gcc/arm-none-eabi/4.7.4/../../../../arm-none-eabi/lib/armv7-m/libg.a(lib_a-wsetup.o)
                              /usr/local/Cellar/arm-none-eabi-gcc/20130916/bin/../lib/gcc/arm-none-eabi/4.7.4/../../../../arm-none-eabi/lib/armv7-m/libg.a(lib_a-vfprintf.o) (__swsetup_r)
/usr/local/Cellar/arm-none-eabi-gcc/20130916/bin/../lib/gcc/arm-none-eabi/4.7.4/../../../../arm-none-eabi/lib/armv7-m/libg.a(lib_a-dtoa.o)
                              /usr/local/Cellar/arm-none-eabi-gcc/20130916/bin/../lib/gcc/arm-none-eabi/4.7.4/../../../../arm-none-eabi/lib/armv7-m/libg.a(lib_a-vfprintf.o) (_dtoa_r)
/usr/local/Cellar/arm-none-eabi-gcc/20130916/bin/../lib/gcc/arm-none-eabi/4.7.4/../../../../arm-none-eabi/lib/armv7-m/libg.a(lib_a-fflush.o)
                              /usr/local/Cellar/arm-none-eabi-gcc/20130916/bin/../lib/gcc/arm-none-eabi/4.7.4/../../../../arm-none-eabi/lib/armv7-m/libg.a(lib_a-vfprintf.o) (_fflush_r)
/usr/local/Cellar/arm-none-eabi-gcc/20130916/bin/../lib/gcc/arm-none-eabi/4.7.4/../../../../arm-none-eabi/lib/armv7-m/libg.a(lib_a-findfp.o)
                              /usr/local/Cellar/arm-none-eabi-gcc/20130916/bin/../lib/gcc/arm-none-eabi/4.7.4/../../../../arm-none-eabi/lib/armv7-m/libg.a(lib_a-vfprintf.o) (__sinit)
/usr/local/Cellar/arm-none-eabi-gcc/20130916/bin/../lib/gcc/arm-none-eabi/4.7.4/../../../../arm-none-eabi/lib/armv7-m/libg.a(lib_a-freer.o)
[...]
Memory Configuration

Name             Origin             Length             Attributes
FLASH            0x0000000008000000 0x0000000000080000 xr
RAM              0x0000000020000000 0x0000000000010000 xrw
MEMORY_B1        0x0000000060000000 0x0000000000000000 xr
*default*        0x0000000000000000 0xffffffffffffffff

Linker script and memory map

LOAD ./Src/User/Interrupt.o
LOAD ./Src/User/startup_stm32f10x_hd.o
LOAD ./Src/Lib/StdPeriph/Src/misc.o
LOAD ./Src/Lib/StdPeriph/Src/stm32f10x_adc.o
LOAD ./Src/Lib/StdPeriph/Src/stm32f10x_bkp.o
LOAD ./Src/Lib/StdPeriph/Src/stm32f10x_can.o
LOAD ./Src/Lib/StdPeriph/Src/stm32f10x_cec.o
LOAD ./Src/Lib/StdPeriph/Src/stm32f10x_crc.o
LOAD ./Src/Lib/StdPeriph/Src/stm32f10x_dac.o
LOAD ./Src/Lib/StdPeriph/Src/stm32f10x_dbgmcu.o
LOAD ./Src/Lib/StdPeriph/Src/stm32f10x_dma.o
LOAD ./Src/Lib/StdPeriph/Src/stm32f10x_exti.o
LOAD ./Src/Lib/StdPeriph/Src/stm32f10x_flash.o
LOAD ./Src/Lib/StdPeriph/Src/stm32f10x_fsmc.o
LOAD ./Src/Lib/StdPeriph/Src/stm32f10x_gpio.o
LOAD ./Src/Lib/StdPeriph/Src/stm32f10x_i2c.o
LOAD ./Src/Lib/StdPeriph/Src/stm32f10x_iwdg.o
LOAD ./Src/Lib/StdPeriph/Src/stm32f10x_pwr.o
LOAD ./Src/Lib/StdPeriph/Src/stm32f10x_rcc.o
LOAD ./Src/Lib/StdPeriph/Src/stm32f10x_rtc.o
LOAD ./Src/Lib/StdPeriph/Src/stm32f10x_sdio.o
LOAD ./Src/Lib/StdPeriph/Src/stm32f10x_spi.o
LOAD ./Src/Lib/StdPeriph/Src/stm32f10x_tim.o
LOAD ./Src/Lib/StdPeriph/Src/stm32f10x_usart.o
LOAD ./Src/Lib/StdPeriph/Src/stm32f10x_wwdg.o
LOAD ./Src/Lib/Debug/Src/ITM.o
LOAD ./Src/Lib/CMSIS/Src/core_cm3.o
LOAD ./Src/Lib/CMSIS/Src/startup_stm32f10x.o
LOAD ./Src/Lib/CMSIS/Src/system_stm32f10x.o
LOAD ./Src/Kernel/BeatFS/BeatFS.o
LOAD ./Src/BeatOS_Main.o
START GROUP
LOAD /usr/local/Cellar/arm-none-eabi-gcc/20130916/bin/../lib/gcc/arm-none-eabi/4.7.4/armv7-m/libgcc.a
LOAD /usr/local/Cellar/arm-none-eabi-gcc/20130916/bin/../lib/gcc/arm-none-eabi/4.7.4/../../../../arm-none-eabi/lib/armv7-m/libg.a
LOAD /usr/local/Cellar/arm-none-eabi-gcc/20130916/bin/../lib/gcc/arm-none-eabi/4.7.4/../../../../arm-none-eabi/lib/armv7-m/libc.a
END GROUP
START GROUP
LOAD /usr/local/Cellar/arm-none-eabi-gcc/20130916/bin/../lib/gcc/arm-none-eabi/4.7.4/armv7-m/libgcc.a
LOAD /usr/local/Cellar/arm-none-eabi-gcc/20130916/bin/../lib/gcc/arm-none-eabi/4.7.4/../../../../arm-none-eabi/lib/armv7-m/libg.a
LOAD /usr/local/Cellar/arm-none-eabi-gcc/20130916/bin/../lib/gcc/arm-none-eabi/4.7.4/../../../../arm-none-eabi/lib/armv7-m/libc.a
LOAD /usr/local/Cellar/arm-none-eabi-gcc/20130916/bin/../lib/gcc/arm-none-eabi/4.7.4/../../../../arm-none-eabi/lib/armv7-m/libm.a
LOAD /usr/local/Cellar/arm-none-eabi-gcc/20130916/bin/../lib/gcc/arm-none-eabi/4.7.4/../../../../arm-none-eabi/lib/armv7-m/libnosys.a
END GROUP
                0x0000000020010000                _estack = 0x20010000
                0x0000000000000000                _Min_Heap_Size = 0x0
                0x0000000000000400                _Min_Stack_Size = 0x400
                0x00000000200008d8                PROVIDE (_Heap_Begin, _ebss)
                0x000000002000fc00                PROVIDE (_Heap_Limit, (_estack - _Min_Stack_Size))

.isr_vector     0x0000000008000000      0x1e4
                0x0000000008000000                . = ALIGN (0x4)
 *(.isr_vector)
 .isr_vector    0x0000000008000000      0x1e4 ./Src/User/startup_stm32f10x_hd.o
                0x0000000008000000                g_pfnVectors
                0x00000000080001e4                . = ALIGN (0x4)

.text           0x00000000080001e8     0x7740
                0x00000000080001e8                . = ALIGN (0x4)
 *(.text)
 .text          0x00000000080001e8      0x370 /usr/local/Cellar/arm-none-eabi-gcc/20130916/bin/../lib/gcc/arm-none-eabi/4.7.4/armv7-m/libgcc.a(_arm_addsubdf3.o)
                0x00000000080001e8                __aeabi_drsub
                0x00000000080001f0                __subdf3
                0x00000000080001f0                __aeabi_dsub
                0x00000000080001f4                __aeabi_dadd
                0x00000000080001f4                __adddf3
                0x000000000800046c                __aeabi_ui2d
                0x000000000800046c                __floatunsidf
                0x000000000800048c                __floatsidf
                0x000000000800048c                __aeabi_i2d
                0x00000000080004b0                __extendsfdf2
                0x00000000080004b0                __aeabi_f2d
                0x00000000080004ec                __aeabi_ul2d
                0x00000000080004ec                __floatundidf
                0x00000000080004fc                __aeabi_l2d
                0x00000000080004fc                __floatdidf
 .text          0x0000000008000558      0x424 /usr/local/Cellar/arm-none-eabi-gcc/20130916/bin/../lib/gcc/arm-none-eabi/4.7.4/armv7-m/libgcc.a(_arm_muldivdf3.o)
                0x0000000008000558                __aeabi_dmul
                0x0000000008000558                __muldf3
                0x00000000080007ac                __aeabi_ddiv
                0x00000000080007ac                __divdf3
 .text          0x000000000800097c      0x110 /usr/local/Cellar/arm-none-eabi-gcc/20130916/bin/../lib/gcc/arm-none-eabi/4.7.4/armv7-m/libgcc.a(_arm_cmpdf2.o)
                0x000000000800097c                __gtdf2
                0x000000000800097c                __gedf2
                0x0000000008000984                __ltdf2
                0x0000000008000984                __ledf2
                0x000000000800098c                __eqdf2
                0x000000000800098c                __nedf2
                0x000000000800098c                __cmpdf2
                0x0000000008000a08                __aeabi_cdrcmple
                0x0000000008000a18                __aeabi_cdcmple
                0x0000000008000a18                __aeabi_cdcmpeq
                0x0000000008000a28                __aeabi_dcmpeq
                0x0000000008000a3c                __aeabi_dcmplt
                0x0000000008000a50                __aeabi_dcmple
                0x0000000008000a64                __aeabi_dcmpge
                0x0000000008000a78                __aeabi_dcmpgt
 .text          0x0000000008000a8c       0x50 /usr/local/Cellar/arm-none-eabi-gcc/20130916/bin/../lib/gcc/arm-none-eabi/4.7.4/armv7-m/libgcc.a(_arm_fixdfsi.o)
                0x0000000008000a8c                __fixdfsi
                0x0000000008000a8c                __aeabi_d2iz
 .text          0x0000000008000adc       0x2c /usr/local/Cellar/arm-none-eabi-gcc/20130916/bin/../lib/gcc/arm-none-eabi/4.7.4/armv7-m/libgcc.a(_aeabi_uldivmod.o)
                0x0000000008000adc                __aeabi_uldivmod
 .text          0x0000000008000b08       0x60 /usr/local/Cellar/arm-none-eabi-gcc/20130916/bin/../lib/gcc/arm-none-eabi/4.7.4/armv7-m/libgcc.a(bpabi.o)
                0x0000000008000b08                __gnu_ldivmod_helper
                0x0000000008000b38                __gnu_uldivmod_helper
 .text          0x0000000008000b68        0x4 /usr/local/Cellar/arm-none-eabi-gcc/20130916/bin/../lib/gcc/arm-none-eabi/4.7.4/armv7-m/libgcc.a(_dvmd_tls.o)
                0x0000000008000b68                __aeabi_ldiv0
                0x0000000008000b68                __aeabi_idiv0
 .text          0x0000000008000b6c      0x2bc /usr/local/Cellar/arm-none-eabi-gcc/20130916/bin/../lib/gcc/arm-none-eabi/4.7.4/armv7-m/libgcc.a(_divdi3.o)
                0x0000000008000b6c                __divdi3
 .text          0x0000000008000e28      0x28c /usr/local/Cellar/arm-none-eabi-gcc/20130916/bin/../lib/gcc/arm-none-eabi/4.7.4/armv7-m/libgcc.a(_udivdi3.o)
                0x0000000008000e28                __udivdi3
 *(.text*)
 .text.NMI_Handler
                0x00000000080010b4        0xc ./Src/User/Interrupt.o
                0x00000000080010b4                NMI_Handler
 .text.HardFault_Handler
                0x00000000080010c0      0x298 ./Src/User/Interrupt.o
                0x00000000080010c0                HardFault_Handler
 .text.MemManage_Handler
                0x0000000008001358        0x8 ./Src/User/Interrupt.o
                0x0000000008001358                MemManage_Handler
 .text.BusFault_Handler
                0x0000000008001360        0x8 ./Src/User/Interrupt.o
                0x0000000008001360                BusFault_Handler
 .text.UsageFault_Handler
                0x0000000008001368        0x8 ./Src/User/Interrupt.o
                0x0000000008001368                UsageFault_Handler
 .text.SVC_Handler
                0x0000000008001370        0xc ./Src/User/Interrupt.o
                0x0000000008001370                SVC_Handler
 .text.DebugMon_Handler
                0x000000000800137c        0xc ./Src/User/Interrupt.o
                0x000000000800137c                DebugMon_Handler
 .text.PendSV_Handler
                0x0000000008001388        0xc ./Src/User/Interrupt.o
                0x0000000008001388                PendSV_Handler
 .text.SDIO_IRQHandler
                0x0000000008001394        0xc ./Src/User/Interrupt.o
                0x0000000008001394                SDIO_IRQHandler
 .text.USART1_IRQHandler
                0x00000000080013a0        0xc ./Src/User/Interrupt.o
                0x00000000080013a0                USART1_IRQHandler
 .text.EXTI9_5_IRQHandler
                0x00000000080013ac        0xc ./Src/User/Interrupt.o
                0x00000000080013ac                EXTI9_5_IRQHandler
 .text.Reset_Handler
                0x00000000080013b8       0x50 ./Src/User/startup_stm32f10x_hd.o
                0x00000000080013b8                Reset_Handler
 .text.Default_Handler
                0x0000000008001408        0x4 ./Src/User/startup_stm32f10x_hd.o
                0x0000000008001408                DMA2_Channel3_IRQHandler
                0x0000000008001408                TIM8_TRG_COM_IRQHandler
                0x0000000008001408                TIM8_CC_IRQHandler
                0x0000000008001408                TIM1_CC_IRQHandler
                0x0000000008001408                TIM6_IRQHandler
                0x0000000008001408                SysTick_Handler
                0x0000000008001408                PVD_IRQHandler
                0x0000000008001408                EXTI3_IRQHandler
                0x0000000008001408                EXTI0_IRQHandler
                0x0000000008001408                I2C2_EV_IRQHandler
                0x0000000008001408                ADC1_2_IRQHandler
                0x0000000008001408                SPI1_IRQHandler
                0x0000000008001408                TAMPER_IRQHandler
                0x0000000008001408                TIM8_UP_IRQHandler
                0x0000000008001408                DMA2_Channel2_IRQHandler
                0x0000000008001408                DMA1_Channel4_IRQHandler
                0x0000000008001408                USART3_IRQHandler
                0x0000000008001408                RTC_IRQHandler
                0x0000000008001408                DMA1_Channel7_IRQHandler
                0x0000000008001408                CAN1_RX1_IRQHandler
                0x0000000008001408                UART5_IRQHandler
                0x0000000008001408                ADC3_IRQHandler
                0x0000000008001408                TIM4_IRQHandler
                0x0000000008001408                DMA2_Channel1_IRQHandler
                0x0000000008001408                I2C1_EV_IRQHandler
                0x0000000008001408                DMA1_Channel6_IRQHandler
                0x0000000008001408                UART4_IRQHandler
                0x0000000008001408                TIM3_IRQHandler
                0x0000000008001408                RCC_IRQHandler
                0x0000000008001408                TIM1_TRG_COM_IRQHandler
                0x0000000008001408                DMA1_Channel1_IRQHandler
                0x0000000008001408                Default_Handler
                0x0000000008001408                EXTI15_10_IRQHandler
                0x0000000008001408                TIM7_IRQHandler
                0x0000000008001408                TIM5_IRQHandler
                0x0000000008001408                SPI2_IRQHandler
                0x0000000008001408                DMA1_Channel5_IRQHandler
                0x0000000008001408                EXTI4_IRQHandler
                0x0000000008001408                USB_LP_CAN1_RX0_IRQHandler
                0x0000000008001408                USB_HP_CAN1_TX_IRQHandler
                0x0000000008001408                DMA1_Channel3_IRQHandler
                0x0000000008001408                FSMC_IRQHandler
                0x0000000008001408                TIM1_UP_IRQHandler
                0x0000000008001408                WWDG_IRQHandler
                0x0000000008001408                TIM2_IRQHandler
                0x0000000008001408                TIM1_BRK_IRQHandler
                0x0000000008001408                EXTI1_IRQHandler
                0x0000000008001408                RTCAlarm_IRQHandler
                0x0000000008001408                DMA2_Channel4_5_IRQHandler
                0x0000000008001408                USART2_IRQHandler
                0x0000000008001408                I2C2_ER_IRQHandler
                0x0000000008001408                DMA1_Channel2_IRQHandler
                0x0000000008001408                TIM8_BRK_IRQHandler
                0x0000000008001408                CAN1_SCE_IRQHandler
                0x0000000008001408                FLASH_IRQHandler
                0x0000000008001408                SPI3_IRQHandler
                0x0000000008001408                I2C1_ER_IRQHandler
                0x0000000008001408                USBWakeUp_IRQHandler
                0x0000000008001408                EXTI2_IRQHandler
 .text.ITM_SendChar
                0x000000000800140c       0x60 ./Src/Lib/Debug/Src/ITM.o
 .text._write_trace_swo
                0x000000000800146c       0x44 ./Src/Lib/Debug/Src/ITM.o
                0x000000000800146c                _write_trace_swo
 .text._write   0x00000000080014b0       0x2c ./Src/Lib/Debug/Src/ITM.o
                0x00000000080014b0                _write
 .text._init    0x00000000080014dc        0xc ./Src/Lib/Debug/Src/ITM.o
                0x00000000080014dc                _init
 .text.SystemInit
                0x00000000080014e8       0xa8 ./Src/Lib/CMSIS/Src/system_stm32f10x.o
                0x00000000080014e8                SystemInit
 .text.SetSysClock
                0x0000000008001590        0xc ./Src/Lib/CMSIS/Src/system_stm32f10x.o
 .text.SetSysClockTo72
                0x000000000800159c      0x1ac ./Src/Lib/CMSIS/Src/system_stm32f10x.o
 .text.main     0x0000000008001748      0x11c ./Src/BeatOS_Main.o
                0x0000000008001748                main
 .text.__libc_init_array
                0x0000000008001864       0x94 /usr/local/Cellar/arm-none-eabi-gcc/20130916/bin/../lib/gcc/arm-none-eabi/4.7.4/../../../../arm-none-eabi/lib/armv7-m/libg.a(lib_a-init.o)
                0x0000000008001864                __libc_init_array
 .text.malloc   0x00000000080018f8       0x10 /usr/local/Cellar/arm-none-eabi-gcc/20130916/bin/../lib/gcc/arm-none-eabi/4.7.4/../../../../arm-none-eabi/lib/armv7-m/libg.a(lib_a-malloc.o)
                0x00000000080018f8                malloc
 .text.free     0x0000000008001908       0x10 /usr/local/Cellar/arm-none-eabi-gcc/20130916/bin/../lib/gcc/arm-none-eabi/4.7.4/../../../../arm-none-eabi/lib/armv7-m/libg.a(lib_a-malloc.o)
                0x0000000008001908                free
 .text._malloc_r
                0x0000000008001918      0x530 /usr/local/Cellar/arm-none-eabi-gcc/20130916/bin/../lib/gcc/arm-none-eabi/4.7.4/../../../../arm-none-eabi/lib/armv7-m/libg.a(lib_a-mallocr.o)
                0x0000000008001918                _malloc_r
 .text.memset   0x0000000008001e48      0x12c /usr/local/Cellar/arm-none-eabi-gcc/20130916/bin/../lib/gcc/arm-none-eabi/4.7.4/../../../../arm-none-eabi/lib/armv7-m/libg.a(lib_a-memset.o)
                0x0000000008001e48                memset
 .text.__malloc_lock
                0x0000000008001f74        0x4 /usr/local/Cellar/arm-none-eabi-gcc/20130916/bin/../lib/gcc/arm-none-eabi/4.7.4/../../../../arm-none-eabi/lib/armv7-m/libg.a(lib_a-mlock.o)
                0x0000000008001f74                __malloc_lock
 .text.__malloc_unlock
                0x0000000008001f78        0x4 /usr/local/Cellar/arm-none-eabi-gcc/20130916/bin/../lib/gcc/arm-none-eabi/4.7.4/../../../../arm-none-eabi/lib/armv7-m/libg.a(lib_a-mlock.o)
                0x0000000008001f78                __malloc_unlock
 .text.printf   0x0000000008001f7c       0x2c /usr/local/Cellar/arm-none-eabi-gcc/20130916/bin/../lib/gcc/arm-none-eabi/4.7.4/../../../../arm-none-eabi/lib/armv7-m/libg.a(lib_a-printf.o)
                0x0000000008001f7c                printf
 .text._puts_r  0x0000000008001fa8       0x68 /usr/local/Cellar/arm-none-eabi-gcc/20130916/bin/../lib/gcc/arm-none-eabi/4.7.4/../../../../arm-none-eabi/lib/armv7-m/libg.a(lib_a-puts.o)
                0x0000000008001fa8                _puts_r
 .text.puts     0x0000000008002010       0x10 /usr/local/Cellar/arm-none-eabi-gcc/20130916/bin/../lib/gcc/arm-none-eabi/4.7.4/../../../../arm-none-eabi/lib/armv7-m/libg.a(lib_a-puts.o)
                0x0000000008002010                puts
 .text._sbrk_r  0x0000000008002020       0x24 /usr/local/Cellar/arm-none-eabi-gcc/20130916/bin/../lib/gcc/arm-none-eabi/4.7.4/../../../../arm-none-eabi/lib/armv7-m/libg.a(lib_a-sbrkr.o)
                0x0000000008002020                _sbrk_r
 .text.strlen   0x0000000008002044       0x60 /usr/local/Cellar/arm-none-eabi-gcc/20130916/bin/../lib/gcc/arm-none-eabi/4.7.4/../../../../arm-none-eabi/lib/armv7-m/libg.a(lib_a-strlen.o)
                0x0000000008002044                strlen
 .text._vfprintf_r
                0x00000000080020a4     0x1c48 /usr/local/Cellar/arm-none-eabi-gcc/20130916/bin/../lib/gcc/arm-none-eabi/4.7.4/../../../../arm-none-eabi/lib/armv7-m/libg.a(lib_a-vfprintf.o)
                0x00000000080020a4                _vfprintf_r
 .text.__sbprintf
                0x0000000008003cec       0x80 /usr/local/Cellar/arm-none-eabi-gcc/20130916/bin/../lib/gcc/arm-none-eabi/4.7.4/../../../../arm-none-eabi/lib/armv7-m/libg.a(lib_a-vfprintf.o)
 .text.__swsetup_r
                0x0000000008003d6c       0xc4 /usr/local/Cellar/arm-none-eabi-gcc/20130916/bin/../lib/gcc/arm-none-eabi/4.7.4/../../../../arm-none-eabi/lib/armv7-m/libg.a(lib_a-wsetup.o)
                0x0000000008003d6c                __swsetup_r
 .text.quorem   0x0000000008003e30      0x2ec /usr/local/Cellar/arm-none-eabi-gcc/20130916/bin/../lib/gcc/arm-none-eabi/4.7.4/../../../../arm-none-eabi/lib/armv7-m/libg.a(lib_a-dtoa.o)
 *fill*         0x000000000800411c        0x4 00
 .text._dtoa_r  0x0000000008004120     0x11f8 /usr/local/Cellar/arm-none-eabi-gcc/20130916/bin/../lib/gcc/arm-none-eabi/4.7.4/../../../../arm-none-eabi/lib/armv7-m/libg.a(lib_a-dtoa.o)
                0x0000000008004120                _dtoa_r
 .text._fflush_r
                0x0000000008005318      0x164 /usr/local/Cellar/arm-none-eabi-gcc/20130916/bin/../lib/gcc/arm-none-eabi/4.7.4/../../../../arm-none-eabi/lib/armv7-m/libg.a(lib_a-fflush.o)
                0x0000000008005318                _fflush_r
 .text._cleanup_r
                0x000000000800547c        0xc /usr/local/Cellar/arm-none-eabi-gcc/20130916/bin/../lib/gcc/arm-none-eabi/4.7.4/../../../../arm-none-eabi/lib/armv7-m/libg.a(lib_a-findfp.o)
                0x000000000800547c                _cleanup_r
 .text.std.isra.0
                0x0000000008005488       0x50 /usr/local/Cellar/arm-none-eabi-gcc/20130916/bin/../lib/gcc/arm-none-eabi/4.7.4/../../../../arm-none-eabi/lib/armv7-m/libg.a(lib_a-findfp.o)
 .text.__sinit  0x00000000080054d8       0x4c /usr/local/Cellar/arm-none-eabi-gcc/20130916/bin/../lib/gcc/arm-none-eabi/4.7.4/../../../../arm-none-eabi/lib/armv7-m/libg.a(lib_a-findfp.o)
                0x00000000080054d8                __sinit
 .text.__sfp_lock_acquire
                0x0000000008005524        0x4 /usr/local/Cellar/arm-none-eabi-gcc/20130916/bin/../lib/gcc/arm-none-eabi/4.7.4/../../../../arm-none-eabi/lib/armv7-m/libg.a(lib_a-findfp.o)
                0x0000000008005524                __sfp_lock_acquire
 .text.__sfp_lock_release
                0x0000000008005528        0x4 /usr/local/Cellar/arm-none-eabi-gcc/20130916/bin/../lib/gcc/arm-none-eabi/4.7.4/../../../../arm-none-eabi/lib/armv7-m/libg.a(lib_a-findfp.o)
                0x0000000008005528                __sfp_lock_release
 .text._malloc_trim_r
                0x000000000800552c       0x98 /usr/local/Cellar/arm-none-eabi-gcc/20130916/bin/../lib/gcc/arm-none-eabi/4.7.4/../../../../arm-none-eabi/lib/armv7-m/libg.a(lib_a-freer.o)
                0x000000000800552c                _malloc_trim_r
 .text._free_r  0x00000000080055c4      0x194 /usr/local/Cellar/arm-none-eabi-gcc/20130916/bin/../lib/gcc/arm-none-eabi/4.7.4/../../../../arm-none-eabi/lib/armv7-m/libg.a(lib_a-freer.o)
                0x00000000080055c4                _free_r
 .text.__sfvwrite_r
                0x0000000008005758      0x314 /usr/local/Cellar/arm-none-eabi-gcc/20130916/bin/../lib/gcc/arm-none-eabi/4.7.4/../../../../arm-none-eabi/lib/armv7-m/libg.a(lib_a-fvwrite.o)
                0x0000000008005758                __sfvwrite_r
 .text._fwalk   0x0000000008005a6c       0xb8 /usr/local/Cellar/arm-none-eabi-gcc/20130916/bin/../lib/gcc/arm-none-eabi/4.7.4/../../../../arm-none-eabi/lib/armv7-m/libg.a(lib_a-fwalk.o)
                0x0000000008005a6c                _fwalk
 .text.__locale_charset
                0x0000000008005b24        0xc /usr/local/Cellar/arm-none-eabi-gcc/20130916/bin/../lib/gcc/arm-none-eabi/4.7.4/../../../../arm-none-eabi/lib/armv7-m/libg.a(lib_a-locale.o)
                0x0000000008005b24                __locale_charset
 .text.__locale_mb_cur_max
                0x0000000008005b30        0xc /usr/local/Cellar/arm-none-eabi-gcc/20130916/bin/../lib/gcc/arm-none-eabi/4.7.4/../../../../arm-none-eabi/lib/armv7-m/libg.a(lib_a-locale.o)
                0x0000000008005b30                __locale_mb_cur_max
 .text._localeconv_r
                0x0000000008005b3c        0xc /usr/local/Cellar/arm-none-eabi-gcc/20130916/bin/../lib/gcc/arm-none-eabi/4.7.4/../../../../arm-none-eabi/lib/armv7-m/libg.a(lib_a-locale.o)
                0x0000000008005b3c                _localeconv_r
 .text.__smakebuf_r
                0x0000000008005b48       0xe8 /usr/local/Cellar/arm-none-eabi-gcc/20130916/bin/../lib/gcc/arm-none-eabi/4.7.4/../../../../arm-none-eabi/lib/armv7-m/libg.a(lib_a-makebuf.o)
                0x0000000008005b48                __smakebuf_r
 .text.memchr   0x0000000008005c30      0x140 /usr/local/Cellar/arm-none-eabi-gcc/20130916/bin/../lib/gcc/arm-none-eabi/4.7.4/../../../../arm-none-eabi/lib/armv7-m/libg.a(lib_a-memchr.o)
                0x0000000008005c30                memchr
 .text.memcpy   0x0000000008005d70      0x15c /usr/local/Cellar/arm-none-eabi-gcc/20130916/bin/../lib/gcc/arm-none-eabi/4.7.4/../../../../arm-none-eabi/lib/armv7-m/libg.a(lib_a-memcpy.o)
                0x0000000008005d70                memcpy
 .text.memmove  0x0000000008005ecc      0x1b0 /usr/local/Cellar/arm-none-eabi-gcc/20130916/bin/../lib/gcc/arm-none-eabi/4.7.4/../../../../arm-none-eabi/lib/armv7-m/libg.a(lib_a-memmove.o)
                0x0000000008005ecc                memmove
 .text._Balloc  0x000000000800607c       0x4c /usr/local/Cellar/arm-none-eabi-gcc/20130916/bin/../lib/gcc/arm-none-eabi/4.7.4/../../../../arm-none-eabi/lib/armv7-m/libg.a(lib_a-mprec.o)
                0x000000000800607c                _Balloc
 .text._Bfree   0x00000000080060c8       0x14 /usr/local/Cellar/arm-none-eabi-gcc/20130916/bin/../lib/gcc/arm-none-eabi/4.7.4/../../../../arm-none-eabi/lib/armv7-m/libg.a(lib_a-mprec.o)
                0x00000000080060c8                _Bfree
 .text.__multadd
                0x00000000080060dc       0xfc /usr/local/Cellar/arm-none-eabi-gcc/20130916/bin/../lib/gcc/arm-none-eabi/4.7.4/../../../../arm-none-eabi/lib/armv7-m/libg.a(lib_a-mprec.o)
                0x00000000080060dc                __multadd
 .text.__hi0bits
                0x00000000080061d8       0x3c /usr/local/Cellar/arm-none-eabi-gcc/20130916/bin/../lib/gcc/arm-none-eabi/4.7.4/../../../../arm-none-eabi/lib/armv7-m/libg.a(lib_a-mprec.o)
                0x00000000080061d8                __hi0bits
 .text.__lo0bits
                0x0000000008006214       0x5c /usr/local/Cellar/arm-none-eabi-gcc/20130916/bin/../lib/gcc/arm-none-eabi/4.7.4/../../../../arm-none-eabi/lib/armv7-m/libg.a(lib_a-mprec.o)
                0x0000000008006214                __lo0bits
 .text.__i2b    0x0000000008006270       0x14 /usr/local/Cellar/arm-none-eabi-gcc/20130916/bin/../lib/gcc/arm-none-eabi/4.7.4/../../../../arm-none-eabi/lib/armv7-m/libg.a(lib_a-mprec.o)
                0x0000000008006270                __i2b
 .text.__multiply
                0x0000000008006284      0x2d0 /usr/local/Cellar/arm-none-eabi-gcc/20130916/bin/../lib/gcc/arm-none-eabi/4.7.4/../../../../arm-none-eabi/lib/armv7-m/libg.a(lib_a-mprec.o)
                0x0000000008006284                __multiply
 .text.__pow5mult
                0x0000000008006554       0x94 /usr/local/Cellar/arm-none-eabi-gcc/20130916/bin/../lib/gcc/arm-none-eabi/4.7.4/../../../../arm-none-eabi/lib/armv7-m/libg.a(lib_a-mprec.o)
                0x0000000008006554                __pow5mult
 .text.__lshift
                0x00000000080065e8      0x16c /usr/local/Cellar/arm-none-eabi-gcc/20130916/bin/../lib/gcc/arm-none-eabi/4.7.4/../../../../arm-none-eabi/lib/armv7-m/libg.a(lib_a-mprec.o)
                0x00000000080065e8                __lshift
 .text.__mcmp   0x0000000008006754       0x5c /usr/local/Cellar/arm-none-eabi-gcc/20130916/bin/../lib/gcc/arm-none-eabi/4.7.4/../../../../arm-none-eabi/lib/armv7-m/libg.a(lib_a-mprec.o)
                0x0000000008006754                __mcmp
 .text.__mdiff  0x00000000080067b0      0x218 /usr/local/Cellar/arm-none-eabi-gcc/20130916/bin/../lib/gcc/arm-none-eabi/4.7.4/../../../../arm-none-eabi/lib/armv7-m/libg.a(lib_a-mprec.o)
                0x00000000080067b0                __mdiff
 .text.__d2b    0x00000000080069c8       0xc0 /usr/local/Cellar/arm-none-eabi-gcc/20130916/bin/../lib/gcc/arm-none-eabi/4.7.4/../../../../arm-none-eabi/lib/armv7-m/libg.a(lib_a-mprec.o)
                0x00000000080069c8                __d2b
 .text._realloc_r
                0x0000000008006a88      0x3ec /usr/local/Cellar/arm-none-eabi-gcc/20130916/bin/../lib/gcc/arm-none-eabi/4.7.4/../../../../arm-none-eabi/lib/armv7-m/libg.a(lib_a-reallocr.o)
                0x0000000008006a88                _realloc_r
 .text.__fpclassifyd
                0x0000000008006e74       0x68 /usr/local/Cellar/arm-none-eabi-gcc/20130916/bin/../lib/gcc/arm-none-eabi/4.7.4/../../../../arm-none-eabi/lib/armv7-m/libg.a(lib_a-s_fpclassify.o)
                0x0000000008006e74                __fpclassifyd
 .text.__sread  0x0000000008006edc       0x24 /usr/local/Cellar/arm-none-eabi-gcc/20130916/bin/../lib/gcc/arm-none-eabi/4.7.4/../../../../arm-none-eabi/lib/armv7-m/libg.a(lib_a-stdio.o)
                0x0000000008006edc                __sread
 .text.__swrite
                0x0000000008006f00       0x44 /usr/local/Cellar/arm-none-eabi-gcc/20130916/bin/../lib/gcc/arm-none-eabi/4.7.4/../../../../arm-none-eabi/lib/armv7-m/libg.a(lib_a-stdio.o)
                0x0000000008006f00                __swrite
 .text.__sseek  0x0000000008006f44       0x24 /usr/local/Cellar/arm-none-eabi-gcc/20130916/bin/../lib/gcc/arm-none-eabi/4.7.4/../../../../arm-none-eabi/lib/armv7-m/libg.a(lib_a-stdio.o)
                0x0000000008006f44                __sseek
 .text.__sclose
                0x0000000008006f68        0x8 /usr/local/Cellar/arm-none-eabi-gcc/20130916/bin/../lib/gcc/arm-none-eabi/4.7.4/../../../../arm-none-eabi/lib/armv7-m/libg.a(lib_a-stdio.o)
                0x0000000008006f68                __sclose
 .text.__sprint_r
                0x0000000008006f70       0xc0 /usr/local/Cellar/arm-none-eabi-gcc/20130916/bin/../lib/gcc/arm-none-eabi/4.7.4/../../../../arm-none-eabi/lib/armv7-m/libg.a(lib_a-vfiprintf.o)
                0x0000000008006f70                __sprint_r
 .text._write_r
                0x0000000008007030       0x28 /usr/local/Cellar/arm-none-eabi-gcc/20130916/bin/../lib/gcc/arm-none-eabi/4.7.4/../../../../arm-none-eabi/lib/armv7-m/libg.a(lib_a-writer.o)
                0x0000000008007030                _write_r
 .text._calloc_r
                0x0000000008007058       0x60 /usr/local/Cellar/arm-none-eabi-gcc/20130916/bin/../lib/gcc/arm-none-eabi/4.7.4/../../../../arm-none-eabi/lib/armv7-m/libg.a(lib_a-callocr.o)
                0x0000000008007058                _calloc_r
 .text._close_r
                0x00000000080070b8       0x24 /usr/local/Cellar/arm-none-eabi-gcc/20130916/bin/../lib/gcc/arm-none-eabi/4.7.4/../../../../arm-none-eabi/lib/armv7-m/libg.a(lib_a-closer.o)
                0x00000000080070b8                _close_r
 .text._fclose_r
                0x00000000080070dc       0x94 /usr/local/Cellar/arm-none-eabi-gcc/20130916/bin/../lib/gcc/arm-none-eabi/4.7.4/../../../../arm-none-eabi/lib/armv7-m/libg.a(lib_a-fclose.o)
                0x00000000080070dc                _fclose_r
 .text.fclose   0x0000000008007170       0x10 /usr/local/Cellar/arm-none-eabi-gcc/20130916/bin/../lib/gcc/arm-none-eabi/4.7.4/../../../../arm-none-eabi/lib/armv7-m/libg.a(lib_a-fclose.o)
                0x0000000008007170                fclose
 .text._fputwc_r
                0x0000000008007180      0x1b0 /usr/local/Cellar/arm-none-eabi-gcc/20130916/bin/../lib/gcc/arm-none-eabi/4.7.4/../../../../arm-none-eabi/lib/armv7-m/libg.a(lib_a-fputwc.o)
                0x0000000008007180                _fputwc_r
 .text._fstat_r
                0x0000000008007330       0x28 /usr/local/Cellar/arm-none-eabi-gcc/20130916/bin/../lib/gcc/arm-none-eabi/4.7.4/../../../../arm-none-eabi/lib/armv7-m/libg.a(lib_a-fstatr.o)
                0x0000000008007330                _fstat_r
 .text._isatty_r
                0x0000000008007358       0x24 /usr/local/Cellar/arm-none-eabi-gcc/20130916/bin/../lib/gcc/arm-none-eabi/4.7.4/../../../../arm-none-eabi/lib/armv7-m/libg.a(lib_a-isattyr.o)
                0x0000000008007358                _isatty_r
 .text._lseek_r
                0x000000000800737c       0x28 /usr/local/Cellar/arm-none-eabi-gcc/20130916/bin/../lib/gcc/arm-none-eabi/4.7.4/../../../../arm-none-eabi/lib/armv7-m/libg.a(lib_a-lseekr.o)
                0x000000000800737c                _lseek_r
 .text._read_r  0x00000000080073a4       0x28 /usr/local/Cellar/arm-none-eabi-gcc/20130916/bin/../lib/gcc/arm-none-eabi/4.7.4/../../../../arm-none-eabi/lib/armv7-m/libg.a(lib_a-readr.o)
                0x00000000080073a4                _read_r
 .text.__swbuf_r
                0x00000000080073cc       0xbc /usr/local/Cellar/arm-none-eabi-gcc/20130916/bin/../lib/gcc/arm-none-eabi/4.7.4/../../../../arm-none-eabi/lib/armv7-m/libg.a(lib_a-wbuf.o)
                0x00000000080073cc                __swbuf_r
 .text._wcrtomb_r
                0x0000000008007488       0x50 /usr/local/Cellar/arm-none-eabi-gcc/20130916/bin/../lib/gcc/arm-none-eabi/4.7.4/../../../../arm-none-eabi/lib/armv7-m/libg.a(lib_a-wcrtomb.o)
                0x0000000008007488                _wcrtomb_r
 .text.__ascii_wctomb
                0x00000000080074d8       0x1c /usr/local/Cellar/arm-none-eabi-gcc/20130916/bin/../lib/gcc/arm-none-eabi/4.7.4/../../../../arm-none-eabi/lib/armv7-m/libg.a(lib_a-wctomb_r.o)
                0x00000000080074d8                __ascii_wctomb
 .text._close   0x00000000080074f4       0x14 /usr/local/Cellar/arm-none-eabi-gcc/20130916/bin/../lib/gcc/arm-none-eabi/4.7.4/../../../../arm-none-eabi/lib/armv7-m/libnosys.a(close.o)
                0x00000000080074f4                _close
 .text._fstat   0x0000000008007508       0x14 /usr/local/Cellar/arm-none-eabi-gcc/20130916/bin/../lib/gcc/arm-none-eabi/4.7.4/../../../../arm-none-eabi/lib/armv7-m/libnosys.a(fstat.o)
                0x0000000008007508                _fstat
 .text._isatty  0x000000000800751c       0x10 /usr/local/Cellar/arm-none-eabi-gcc/20130916/bin/../lib/gcc/arm-none-eabi/4.7.4/../../../../arm-none-eabi/lib/armv7-m/libnosys.a(isatty.o)
                0x000000000800751c                _isatty
 .text._lseek   0x000000000800752c       0x14 /usr/local/Cellar/arm-none-eabi-gcc/20130916/bin/../lib/gcc/arm-none-eabi/4.7.4/../../../../arm-none-eabi/lib/armv7-m/libnosys.a(lseek.o)
                0x000000000800752c                _lseek
 .text._read    0x0000000008007540       0x14 /usr/local/Cellar/arm-none-eabi-gcc/20130916/bin/../lib/gcc/arm-none-eabi/4.7.4/../../../../arm-none-eabi/lib/armv7-m/libnosys.a(read.o)
                0x0000000008007540                _read
 .text._sbrk    0x0000000008007554       0x34 /usr/local/Cellar/arm-none-eabi-gcc/20130916/bin/../lib/gcc/arm-none-eabi/4.7.4/../../../../arm-none-eabi/lib/armv7-m/libnosys.a(sbrk.o)
                0x0000000008007554                _sbrk
 *(.rodata)
 .rodata        0x0000000008007588      0x1e8 ./Src/User/Interrupt.o
 .rodata        0x0000000008007770       0x30 ./Src/BeatOS_Main.o
 *(.rodata*)
 .rodata.str1.4
                0x00000000080077a0        0x2 /usr/local/Cellar/arm-none-eabi-gcc/20130916/bin/../lib/gcc/arm-none-eabi/4.7.4/../../../../arm-none-eabi/lib/armv7-m/libg.a(lib_a-puts.o)
                                          0x4 (size before relaxing)
 *fill*         0x00000000080077a2        0x2 00
 .rodata.blanks.6735
                0x00000000080077a4       0x10 /usr/local/Cellar/arm-none-eabi-gcc/20130916/bin/../lib/gcc/arm-none-eabi/4.7.4/../../../../arm-none-eabi/lib/armv7-m/libg.a(lib_a-vfprintf.o)
 .rodata.str1.4
                0x00000000080077b4       0x42 /usr/local/Cellar/arm-none-eabi-gcc/20130916/bin/../lib/gcc/arm-none-eabi/4.7.4/../../../../arm-none-eabi/lib/armv7-m/libg.a(lib_a-vfprintf.o)
                                         0x44 (size before relaxing)
 *fill*         0x00000000080077f6        0x2 00
 .rodata.zeroes.6736
                0x00000000080077f8       0x10 /usr/local/Cellar/arm-none-eabi-gcc/20130916/bin/../lib/gcc/arm-none-eabi/4.7.4/../../../../arm-none-eabi/lib/armv7-m/libg.a(lib_a-vfprintf.o)
 .rodata.str1.4
                0x0000000008007808       0x10 /usr/local/Cellar/arm-none-eabi-gcc/20130916/bin/../lib/gcc/arm-none-eabi/4.7.4/../../../../arm-none-eabi/lib/armv7-m/libg.a(lib_a-dtoa.o)
                                         0x14 (size before relaxing)
 .rodata.str1.4
                0x0000000008007818        0x2 /usr/local/Cellar/arm-none-eabi-gcc/20130916/bin/../lib/gcc/arm-none-eabi/4.7.4/../../../../arm-none-eabi/lib/armv7-m/libg.a(lib_a-impure.o)
                                          0x4 (size before relaxing)
 *fill*         0x000000000800781a        0x2 00
 .rodata.str1.4
                0x000000000800781c        0xc /usr/local/Cellar/arm-none-eabi-gcc/20130916/bin/../lib/gcc/arm-none-eabi/4.7.4/../../../../arm-none-eabi/lib/armv7-m/libg.a(lib_a-locale.o)
                                         0x14 (size before relaxing)
 .rodata.p05.5242
                0x0000000008007828        0xc /usr/local/Cellar/arm-none-eabi-gcc/20130916/bin/../lib/gcc/arm-none-eabi/4.7.4/../../../../arm-none-eabi/lib/armv7-m/libg.a(lib_a-mprec.o)
 *fill*         0x0000000008007834        0x4 00
 .rodata.__mprec_tens
                0x0000000008007838       0xc8 /usr/local/Cellar/arm-none-eabi-gcc/20130916/bin/../lib/gcc/arm-none-eabi/4.7.4/../../../../arm-none-eabi/lib/armv7-m/libg.a(lib_a-mprec.o)
                0x0000000008007838                __mprec_tens
 .rodata.__mprec_bigtens
                0x0000000008007900       0x28 /usr/local/Cellar/arm-none-eabi-gcc/20130916/bin/../lib/gcc/arm-none-eabi/4.7.4/../../../../arm-none-eabi/lib/armv7-m/libg.a(lib_a-mprec.o)
                0x0000000008007900                __mprec_bigtens
 *(.glue_7)
 .glue_7        0x0000000000000000        0x0 linker stubs
 *(.glue_7t)
 .glue_7t       0x0000000000000000        0x0 linker stubs
 *(.init)
 *(.fini)
                0x0000000008007928                . = ALIGN (0x4)
                0x0000000008007928                _etext = .

.vfp11_veneer   0x0000000008007928        0x0
 .vfp11_veneer  0x0000000000000000        0x0 linker stubs

.v4_bx          0x0000000008007928        0x0
 .v4_bx         0x0000000000000000        0x0 linker stubs

.iplt           0x0000000008007928        0x0
 .iplt          0x0000000000000000        0x0 ./Src/User/Interrupt.o

.ARM.extab
 *(.ARM.extab* .gnu.linkonce.armextab.*)

.ARM            0x0000000008007928        0x8
                0x0000000008007928                __exidx_start = .
 *(.ARM.exidx*)
 .ARM.exidx     0x0000000008007928        0x8 /usr/local/Cellar/arm-none-eabi-gcc/20130916/bin/../lib/gcc/arm-none-eabi/4.7.4/armv7-m/libgcc.a(_divdi3.o)
 .ARM.exidx     0x0000000008007930        0x0 /usr/local/Cellar/arm-none-eabi-gcc/20130916/bin/../lib/gcc/arm-none-eabi/4.7.4/armv7-m/libgcc.a(_udivdi3.o)
                                          0x8 (size before relaxing)
                0x0000000008007930                __exidx_end = .

.rel.dyn        0x0000000008007930        0x0
 .rel.iplt      0x0000000000000000        0x0 ./Src/User/Interrupt.o

.ARM.attributes
                0x0000000008007930       0x31
 *(.ARM.attributes)
 .ARM.attributes
                0x0000000008007930       0x33 ./Src/User/Interrupt.o
 .ARM.attributes
                0x0000000008007963       0x21 ./Src/User/startup_stm32f10x_hd.o
 .ARM.attributes
                0x0000000008007984       0x33 ./Src/Lib/Debug/Src/ITM.o
 .ARM.attributes
                0x00000000080079b7       0x33 ./Src/Lib/CMSIS/Src/system_stm32f10x.o
 .ARM.attributes
                0x00000000080079ea       0x33 ./Src/BeatOS_Main.o
 .ARM.attributes
                0x0000000008007a1d       0x2d /usr/local/Cellar/arm-none-eabi-gcc/20130916/bin/../lib/gcc/arm-none-eabi/4.7.4/../../../../arm-none-eabi/lib/armv7-m/libg.a(lib_a-init.o)
 .ARM.attributes
                0x0000000008007a4a       0x2d /usr/local/Cellar/arm-none-eabi-gcc/20130916/bin/../lib/gcc/arm-none-eabi/4.7.4/../../../../arm-none-eabi/lib/armv7-m/libg.a(lib_a-malloc.o)
 .ARM.attributes
                0x0000000008007a77       0x2d /usr/local/Cellar/arm-none-eabi-gcc/20130916/bin/../lib/gcc/arm-none-eabi/4.7.4/../../../../arm-none-eabi/lib/armv7-m/libg.a(lib_a-mallocr.o)
 .ARM.attributes
                0x0000000008007aa4       0x2d /usr/local/Cellar/arm-none-eabi-gcc/20130916/bin/../lib/gcc/arm-none-eabi/4.7.4/../../../../arm-none-eabi/lib/armv7-m/libg.a(lib_a-memset.o)
 .ARM.attributes
                0x0000000008007ad1       0x2d /usr/local/Cellar/arm-none-eabi-gcc/20130916/bin/../lib/gcc/arm-none-eabi/4.7.4/../../../../arm-none-eabi/lib/armv7-m/libg.a(lib_a-mlock.o)
 .ARM.attributes
                0x0000000008007afe       0x2d /usr/local/Cellar/arm-none-eabi-gcc/20130916/bin/../lib/gcc/arm-none-eabi/4.7.4/../../../../arm-none-eabi/lib/armv7-m/libg.a(lib_a-printf.o)
 .ARM.attributes
                0x0000000008007b2b       0x2d /usr/local/Cellar/arm-none-eabi-gcc/20130916/bin/../lib/gcc/arm-none-eabi/4.7.4/../../../../arm-none-eabi/lib/armv7-m/libg.a(lib_a-puts.o)
 .ARM.attributes
                0x0000000008007b58       0x2d /usr/local/Cellar/arm-none-eabi-gcc/20130916/bin/../lib/gcc/arm-none-eabi/4.7.4/../../../../arm-none-eabi/lib/armv7-m/libg.a(lib_a-sbrkr.o)
 .ARM.attributes
                0x0000000008007b85       0x2d /usr/local/Cellar/arm-none-eabi-gcc/20130916/bin/../lib/gcc/arm-none-eabi/4.7.4/../../../../arm-none-eabi/lib/armv7-m/libg.a(lib_a-strlen.o)
 .ARM.attributes
                0x0000000008007bb2       0x2d /usr/local/Cellar/arm-none-eabi-gcc/20130916/bin/../lib/gcc/arm-none-eabi/4.7.4/../../../../arm-none-eabi/lib/armv7-m/libg.a(lib_a-vfprintf.o)
 .ARM.attributes
                0x0000000008007bdf       0x2d /usr/local/Cellar/arm-none-eabi-gcc/20130916/bin/../lib/gcc/arm-none-eabi/4.7.4/../../../../arm-none-eabi/lib/armv7-m/libg.a(lib_a-wsetup.o)
 .ARM.attributes
                0x0000000008007c0c       0x2d /usr/local/Cellar/arm-none-eabi-gcc/20130916/bin/../lib/gcc/arm-none-eabi/4.7.4/../../../../arm-none-eabi/lib/armv7-m/libg.a(lib_a-dtoa.o)
 .ARM.attributes
                0x0000000008007c39       0x2d /usr/local/Cellar/arm-none-eabi-gcc/20130916/bin/../lib/gcc/arm-none-eabi/4.7.4/../../../../arm-none-eabi/lib/armv7-m/libg.a(lib_a-fflush.o)
 .ARM.attributes
                0x0000000008007c66       0x2d /usr/local/Cellar/arm-none-eabi-gcc/20130916/bin/../lib/gcc/arm-none-eabi/4.7.4/../../../../arm-none-eabi/lib/armv7-m/libg.a(lib_a-findfp.o)
 .ARM.attributes
                0x0000000008007c93       0x2d /usr/local/Cellar/arm-none-eabi-gcc/20130916/bin/../lib/gcc/arm-none-eabi/4.7.4/../../../../arm-none-eabi/lib/armv7-m/libg.a(lib_a-freer.o)
 .ARM.attributes
                0x0000000008007cc0       0x2d /usr/local/Cellar/arm-none-eabi-gcc/20130916/bin/../lib/gcc/arm-none-eabi/4.7.4/../../../../arm-none-eabi/lib/armv7-m/libg.a(lib_a-fvwrite.o)
 .ARM.attributes
                0x0000000008007ced       0x2d /usr/local/Cellar/arm-none-eabi-gcc/20130916/bin/../lib/gcc/arm-none-eabi/4.7.4/../../../../arm-none-eabi/lib/armv7-m/libg.a(lib_a-fwalk.o)
 .ARM.attributes
                0x0000000008007d1a       0x2d /usr/local/Cellar/arm-none-eabi-gcc/20130916/bin/../lib/gcc/arm-none-eabi/4.7.4/../../../../arm-none-eabi/lib/armv7-m/libg.a(lib_a-impure.o)
 .ARM.attributes
                0x0000000008007d47       0x2d /usr/local/Cellar/arm-none-eabi-gcc/20130916/bin/../lib/gcc/arm-none-eabi/4.7.4/../../../../arm-none-eabi/lib/armv7-m/libg.a(lib_a-locale.o)
 .ARM.attributes
                0x0000000008007d74       0x2d /usr/local/Cellar/arm-none-eabi-gcc/20130916/bin/../lib/gcc/arm-none-eabi/4.7.4/../../../../arm-none-eabi/lib/armv7-m/libg.a(lib_a-makebuf.o)
 .ARM.attributes
                0x0000000008007da1       0x2d /usr/local/Cellar/arm-none-eabi-gcc/20130916/bin/../lib/gcc/arm-none-eabi/4.7.4/../../../../arm-none-eabi/lib/armv7-m/libg.a(lib_a-memchr.o)
 .ARM.attributes
                0x0000000008007dce       0x2d /usr/local/Cellar/arm-none-eabi-gcc/20130916/bin/../lib/gcc/arm-none-eabi/4.7.4/../../../../arm-none-eabi/lib/armv7-m/libg.a(lib_a-memcpy.o)
 .ARM.attributes
                0x0000000008007dfb       0x2d /usr/local/Cellar/arm-none-eabi-gcc/20130916/bin/../lib/gcc/arm-none-eabi/4.7.4/../../../../arm-none-eabi/lib/armv7-m/libg.a(lib_a-memmove.o)
 .ARM.attributes
                0x0000000008007e28       0x2d /usr/local/Cellar/arm-none-eabi-gcc/20130916/bin/../lib/gcc/arm-none-eabi/4.7.4/../../../../arm-none-eabi/lib/armv7-m/libg.a(lib_a-mprec.o)
 .ARM.attributes
                0x0000000008007e55       0x2d /usr/local/Cellar/arm-none-eabi-gcc/20130916/bin/../lib/gcc/arm-none-eabi/4.7.4/../../../../arm-none-eabi/lib/armv7-m/libg.a(lib_a-reallocr.o)
 .ARM.attributes
                0x0000000008007e82       0x2d /usr/local/Cellar/arm-none-eabi-gcc/20130916/bin/../lib/gcc/arm-none-eabi/4.7.4/../../../../arm-none-eabi/lib/armv7-m/libg.a(lib_a-reent.o)
 .ARM.attributes
                0x0000000008007eaf       0x2d /usr/local/Cellar/arm-none-eabi-gcc/20130916/bin/../lib/gcc/arm-none-eabi/4.7.4/../../../../arm-none-eabi/lib/armv7-m/libg.a(lib_a-s_fpclassify.o)
 .ARM.attributes
                0x0000000008007edc       0x2d /usr/local/Cellar/arm-none-eabi-gcc/20130916/bin/../lib/gcc/arm-none-eabi/4.7.4/../../../../arm-none-eabi/lib/armv7-m/libg.a(lib_a-stdio.o)
 .ARM.attributes
                0x0000000008007f09       0x2d /usr/local/Cellar/arm-none-eabi-gcc/20130916/bin/../lib/gcc/arm-none-eabi/4.7.4/../../../../arm-none-eabi/lib/armv7-m/libg.a(lib_a-vfiprintf.o)
 .ARM.attributes
                0x0000000008007f36       0x2d /usr/local/Cellar/arm-none-eabi-gcc/20130916/bin/../lib/gcc/arm-none-eabi/4.7.4/../../../../arm-none-eabi/lib/armv7-m/libg.a(lib_a-writer.o)
 .ARM.attributes
                0x0000000008007f63       0x2d /usr/local/Cellar/arm-none-eabi-gcc/20130916/bin/../lib/gcc/arm-none-eabi/4.7.4/../../../../arm-none-eabi/lib/armv7-m/libg.a(lib_a-callocr.o)
 .ARM.attributes
                0x0000000008007f90       0x2d /usr/local/Cellar/arm-none-eabi-gcc/20130916/bin/../lib/gcc/arm-none-eabi/4.7.4/../../../../arm-none-eabi/lib/armv7-m/libg.a(lib_a-closer.o)
 .ARM.attributes
                0x0000000008007fbd       0x2d /usr/local/Cellar/arm-none-eabi-gcc/20130916/bin/../lib/gcc/arm-none-eabi/4.7.4/../../../../arm-none-eabi/lib/armv7-m/libg.a(lib_a-fclose.o)
 .ARM.attributes
                0x0000000008007fea       0x2d /usr/local/Cellar/arm-none-eabi-gcc/20130916/bin/../lib/gcc/arm-none-eabi/4.7.4/../../../../arm-none-eabi/lib/armv7-m/libg.a(lib_a-fputwc.o)
 .ARM.attributes
                0x0000000008008017       0x2d /usr/local/Cellar/arm-none-eabi-gcc/20130916/bin/../lib/gcc/arm-none-eabi/4.7.4/../../../../arm-none-eabi/lib/armv7-m/libg.a(lib_a-fstatr.o)
 .ARM.attributes
                0x0000000008008044       0x2d /usr/local/Cellar/arm-none-eabi-gcc/20130916/bin/../lib/gcc/arm-none-eabi/4.7.4/../../../../arm-none-eabi/lib/armv7-m/libg.a(lib_a-isattyr.o)
 .ARM.attributes
                0x0000000008008071       0x2d /usr/local/Cellar/arm-none-eabi-gcc/20130916/bin/../lib/gcc/arm-none-eabi/4.7.4/../../../../arm-none-eabi/lib/armv7-m/libg.a(lib_a-lseekr.o)
 .ARM.attributes
                0x000000000800809e       0x2d /usr/local/Cellar/arm-none-eabi-gcc/20130916/bin/../lib/gcc/arm-none-eabi/4.7.4/../../../../arm-none-eabi/lib/armv7-m/libg.a(lib_a-readr.o)
 .ARM.attributes
                0x00000000080080cb       0x2d /usr/local/Cellar/arm-none-eabi-gcc/20130916/bin/../lib/gcc/arm-none-eabi/4.7.4/../../../../arm-none-eabi/lib/armv7-m/libg.a(lib_a-wbuf.o)
 .ARM.attributes
                0x00000000080080f8       0x2d /usr/local/Cellar/arm-none-eabi-gcc/20130916/bin/../lib/gcc/arm-none-eabi/4.7.4/../../../../arm-none-eabi/lib/armv7-m/libg.a(lib_a-wcrtomb.o)
 .ARM.attributes
                0x0000000008008125       0x2d /usr/local/Cellar/arm-none-eabi-gcc/20130916/bin/../lib/gcc/arm-none-eabi/4.7.4/../../../../arm-none-eabi/lib/armv7-m/libg.a(lib_a-wctomb_r.o)
 .ARM.attributes
                0x0000000008008152       0x1d /usr/local/Cellar/arm-none-eabi-gcc/20130916/bin/../lib/gcc/arm-none-eabi/4.7.4/armv7-m/libgcc.a(_arm_addsubdf3.o)
 .ARM.attributes
                0x000000000800816f       0x1d /usr/local/Cellar/arm-none-eabi-gcc/20130916/bin/../lib/gcc/arm-none-eabi/4.7.4/armv7-m/libgcc.a(_arm_muldivdf3.o)
 .ARM.attributes
                0x000000000800818c       0x1d /usr/local/Cellar/arm-none-eabi-gcc/20130916/bin/../lib/gcc/arm-none-eabi/4.7.4/armv7-m/libgcc.a(_arm_cmpdf2.o)
 .ARM.attributes
                0x00000000080081a9       0x1d /usr/local/Cellar/arm-none-eabi-gcc/20130916/bin/../lib/gcc/arm-none-eabi/4.7.4/armv7-m/libgcc.a(_arm_fixdfsi.o)
 .ARM.attributes
                0x00000000080081c6       0x1d /usr/local/Cellar/arm-none-eabi-gcc/20130916/bin/../lib/gcc/arm-none-eabi/4.7.4/armv7-m/libgcc.a(_aeabi_uldivmod.o)
 .ARM.attributes
                0x00000000080081e3       0x2d /usr/local/Cellar/arm-none-eabi-gcc/20130916/bin/../lib/gcc/arm-none-eabi/4.7.4/armv7-m/libgcc.a(bpabi.o)
 .ARM.attributes
                0x0000000008008210       0x1d /usr/local/Cellar/arm-none-eabi-gcc/20130916/bin/../lib/gcc/arm-none-eabi/4.7.4/armv7-m/libgcc.a(_dvmd_tls.o)
 .ARM.attributes
                0x000000000800822d       0x2d /usr/local/Cellar/arm-none-eabi-gcc/20130916/bin/../lib/gcc/arm-none-eabi/4.7.4/armv7-m/libgcc.a(_divdi3.o)
 .ARM.attributes
                0x000000000800825a       0x2d /usr/local/Cellar/arm-none-eabi-gcc/20130916/bin/../lib/gcc/arm-none-eabi/4.7.4/armv7-m/libgcc.a(_udivdi3.o)
 .ARM.attributes
                0x0000000008008287       0x2d /usr/local/Cellar/arm-none-eabi-gcc/20130916/bin/../lib/gcc/arm-none-eabi/4.7.4/../../../../arm-none-eabi/lib/armv7-m/libnosys.a(close.o)
 .ARM.attributes
                0x00000000080082b4       0x2d /usr/local/Cellar/arm-none-eabi-gcc/20130916/bin/../lib/gcc/arm-none-eabi/4.7.4/../../../../arm-none-eabi/lib/armv7-m/libnosys.a(fstat.o)
 .ARM.attributes
                0x00000000080082e1       0x2d /usr/local/Cellar/arm-none-eabi-gcc/20130916/bin/../lib/gcc/arm-none-eabi/4.7.4/../../../../arm-none-eabi/lib/armv7-m/libnosys.a(isatty.o)
 .ARM.attributes
                0x000000000800830e       0x2d /usr/local/Cellar/arm-none-eabi-gcc/20130916/bin/../lib/gcc/arm-none-eabi/4.7.4/../../../../arm-none-eabi/lib/armv7-m/libnosys.a(lseek.o)
 .ARM.attributes
                0x000000000800833b       0x2d /usr/local/Cellar/arm-none-eabi-gcc/20130916/bin/../lib/gcc/arm-none-eabi/4.7.4/../../../../arm-none-eabi/lib/armv7-m/libnosys.a(read.o)
 .ARM.attributes
                0x0000000008008368       0x2d /usr/local/Cellar/arm-none-eabi-gcc/20130916/bin/../lib/gcc/arm-none-eabi/4.7.4/../../../../arm-none-eabi/lib/armv7-m/libnosys.a(sbrk.o)

.preinit_array  0x0000000008007930        0x0
                0x0000000008007930                PROVIDE (__preinit_array_start, .)
 *(.preinit_array*)
                0x0000000008007930                PROVIDE (__preinit_array_end, .)

.init_array     0x0000000008007930        0x0
                0x0000000008007930                PROVIDE (__init_array_start, .)
 *(SORT(.init_array.*))
 *(.init_array*)
                0x0000000008007930                PROVIDE (__init_array_end, .)

.fini_array     0x0000000008007930        0x0
                0x0000000008007930                PROVIDE (__fini_array_start, .)
 *(.fini_array*)
 *(SORT(.fini_array.*))
                0x0000000008007930                PROVIDE (__fini_array_end, .)
                0x0000000008007930                _sidata = .

.data           0x0000000020000000      0x89c load address 0x0000000008007930
                0x0000000020000000                . = ALIGN (0x4)
                0x0000000020000000                _sdata = .
 *(.data)
 *(.data*)
 .data.__malloc_av_
                0x0000000020000000      0x408 /usr/local/Cellar/arm-none-eabi-gcc/20130916/bin/../lib/gcc/arm-none-eabi/4.7.4/../../../../arm-none-eabi/lib/armv7-m/libg.a(lib_a-mallocr.o)
                0x0000000020000000                __malloc_av_
 .data.__malloc_trim_threshold
                0x0000000020000408        0x4 /usr/local/Cellar/arm-none-eabi-gcc/20130916/bin/../lib/gcc/arm-none-eabi/4.7.4/../../../../arm-none-eabi/lib/armv7-m/libg.a(lib_a-mallocr.o)
                0x0000000020000408                __malloc_trim_threshold
 .data.__malloc_sbrk_base
                0x000000002000040c        0x4 /usr/local/Cellar/arm-none-eabi-gcc/20130916/bin/../lib/gcc/arm-none-eabi/4.7.4/../../../../arm-none-eabi/lib/armv7-m/libg.a(lib_a-mallocr.o)
                0x000000002000040c                __malloc_sbrk_base
 .data.impure_data
                0x0000000020000410      0x428 /usr/local/Cellar/arm-none-eabi-gcc/20130916/bin/../lib/gcc/arm-none-eabi/4.7.4/../../../../arm-none-eabi/lib/armv7-m/libg.a(lib_a-impure.o)
 .data._impure_ptr
                0x0000000020000838        0x4 /usr/local/Cellar/arm-none-eabi-gcc/20130916/bin/../lib/gcc/arm-none-eabi/4.7.4/../../../../arm-none-eabi/lib/armv7-m/libg.a(lib_a-impure.o)
                0x0000000020000838                _impure_ptr
 .data.lconv    0x000000002000083c       0x38 /usr/local/Cellar/arm-none-eabi-gcc/20130916/bin/../lib/gcc/arm-none-eabi/4.7.4/../../../../arm-none-eabi/lib/armv7-m/libg.a(lib_a-locale.o)
 .data.lc_ctype_charset
                0x0000000020000874       0x20 /usr/local/Cellar/arm-none-eabi-gcc/20130916/bin/../lib/gcc/arm-none-eabi/4.7.4/../../../../arm-none-eabi/lib/armv7-m/libg.a(lib_a-locale.o)
 .data.__mb_cur_max
                0x0000000020000894        0x4 /usr/local/Cellar/arm-none-eabi-gcc/20130916/bin/../lib/gcc/arm-none-eabi/4.7.4/../../../../arm-none-eabi/lib/armv7-m/libg.a(lib_a-locale.o)
                0x0000000020000894                __mb_cur_max
 .data.__wctomb
                0x0000000020000898        0x4 /usr/local/Cellar/arm-none-eabi-gcc/20130916/bin/../lib/gcc/arm-none-eabi/4.7.4/../../../../arm-none-eabi/lib/armv7-m/libg.a(lib_a-wctomb_r.o)
                0x0000000020000898                __wctomb
                0x000000002000089c                . = ALIGN (0x4)
                0x000000002000089c                _edata = .

.igot.plt       0x000000002000089c        0x0 load address 0x00000000080081cc
 .igot.plt      0x0000000000000000        0x0 ./Src/User/Interrupt.o
                0x000000002000089c                . = ALIGN (0x4)

.bss            0x000000002000089c       0x3c load address 0x00000000080081cc
                0x000000002000089c                _sbss = .
                0x000000002000089c                __bss_start__ = _sbss
 *(.bss)
 *(.bss*)
 .bss.__malloc_max_total_mem
                0x000000002000089c        0x4 /usr/local/Cellar/arm-none-eabi-gcc/20130916/bin/../lib/gcc/arm-none-eabi/4.7.4/../../../../arm-none-eabi/lib/armv7-m/libg.a(lib_a-mallocr.o)
                0x000000002000089c                __malloc_max_total_mem
 .bss.__malloc_max_sbrked_mem
                0x00000000200008a0        0x4 /usr/local/Cellar/arm-none-eabi-gcc/20130916/bin/../lib/gcc/arm-none-eabi/4.7.4/../../../../arm-none-eabi/lib/armv7-m/libg.a(lib_a-mallocr.o)
                0x00000000200008a0                __malloc_max_sbrked_mem
 .bss.__malloc_top_pad
                0x00000000200008a4        0x4 /usr/local/Cellar/arm-none-eabi-gcc/20130916/bin/../lib/gcc/arm-none-eabi/4.7.4/../../../../arm-none-eabi/lib/armv7-m/libg.a(lib_a-mallocr.o)
                0x00000000200008a4                __malloc_top_pad
 .bss.__malloc_current_mallinfo
                0x00000000200008a8       0x28 /usr/local/Cellar/arm-none-eabi-gcc/20130916/bin/../lib/gcc/arm-none-eabi/4.7.4/../../../../arm-none-eabi/lib/armv7-m/libg.a(lib_a-mallocr.o)
                0x00000000200008a8                __malloc_current_mallinfo
 .bss.heap_end.4231
                0x00000000200008d0        0x4 /usr/local/Cellar/arm-none-eabi-gcc/20130916/bin/../lib/gcc/arm-none-eabi/4.7.4/../../../../arm-none-eabi/lib/armv7-m/libnosys.a(sbrk.o)
 *(COMMON)
 COMMON         0x00000000200008d4        0x4 /usr/local/Cellar/arm-none-eabi-gcc/20130916/bin/../lib/gcc/arm-none-eabi/4.7.4/../../../../arm-none-eabi/lib/armv7-m/libg.a(lib_a-reent.o)
                0x00000000200008d4                errno
                0x00000000200008d8                . = ALIGN (0x4)
                0x00000000200008d8                _ebss = .
                0x00000000200008d8                __bss_end__ = _ebss
                0x00000000200008d8                PROVIDE (end, _ebss)
                0x00000000200008d8                PROVIDE (_end, _ebss)

._user_heap_stack
                0x00000000200008d8      0x400 load address 0x0000000008008208
                0x00000000200008d8                . = ALIGN (0x4)
                0x00000000200008d8                . = (. + _Min_Heap_Size)
                0x0000000020000cd8                . = (. + _Min_Stack_Size)
 *fill*         0x00000000200008d8      0x400 00
                0x0000000020000cd8                . = ALIGN (0x4)

.memory_b1_text
 *(.mb1text)
 *(.mb1text*)
 *(.mb1rodata)
 *(.mb1rodata*)

/DISCARD/
 libc.a(*)
 libm.a(*)
 libgcc.a(*)

.stab           0x0000000000000000       0x84
 *(.stab)
 .stab          0x0000000000000000       0x24 /usr/local/Cellar/arm-none-eabi-gcc/20130916/bin/../lib/gcc/arm-none-eabi/4.7.4/../../../../arm-none-eabi/lib/armv7-m/libnosys.a(close.o)
 .stab          0x0000000000000024       0x18 /usr/local/Cellar/arm-none-eabi-gcc/20130916/bin/../lib/gcc/arm-none-eabi/4.7.4/../../../../arm-none-eabi/lib/armv7-m/libnosys.a(fstat.o)
                                         0x24 (size before relaxing)
 .stab          0x000000000000003c       0x18 /usr/local/Cellar/arm-none-eabi-gcc/20130916/bin/../lib/gcc/arm-none-eabi/4.7.4/../../../../arm-none-eabi/lib/armv7-m/libnosys.a(isatty.o)
                                         0x24 (size before relaxing)
 .stab          0x0000000000000054       0x18 /usr/local/Cellar/arm-none-eabi-gcc/20130916/bin/../lib/gcc/arm-none-eabi/4.7.4/../../../../arm-none-eabi/lib/armv7-m/libnosys.a(lseek.o)
                                         0x24 (size before relaxing)
 .stab          0x000000000000006c       0x18 /usr/local/Cellar/arm-none-eabi-gcc/20130916/bin/../lib/gcc/arm-none-eabi/4.7.4/../../../../arm-none-eabi/lib/armv7-m/libnosys.a(read.o)
                                         0x24 (size before relaxing)

.stabstr        0x0000000000000000      0x117
 *(.stabstr)
 .stabstr       0x0000000000000000      0x117 /usr/local/Cellar/arm-none-eabi-gcc/20130916/bin/../lib/gcc/arm-none-eabi/4.7.4/../../../../arm-none-eabi/lib/armv7-m/libnosys.a(close.o)

.stab.excl
 *(.stab.excl)

.stab.exclstr
 *(.stab.exclstr)

.stab.index
 *(.stab.index)

.stab.indexstr
 *(.stab.indexstr)

.comment        0x0000000000000000       0x70
 *(.comment)
 .comment       0x0000000000000000       0x70 ./Src/User/Interrupt.o
                                         0x71 (size before relaxing)
 .comment       0x0000000000000000       0x71 ./Src/Lib/Debug/Src/ITM.o
 .comment       0x0000000000000000       0x71 ./Src/Lib/CMSIS/Src/system_stm32f10x.o
 .comment       0x0000000000000000       0x71 ./Src/BeatOS_Main.o

.debug
 *(.debug)

.line
 *(.line)

.debug_srcinfo
 *(.debug_srcinfo)

.debug_sfnames
 *(.debug_sfnames)

.debug_aranges  0x0000000000000000      0x128
 *(.debug_aranges)
 .debug_aranges
                0x0000000000000000       0x70 ./Src/User/Interrupt.o
 .debug_aranges
                0x0000000000000070       0x28 ./Src/User/startup_stm32f10x_hd.o
 .debug_aranges
                0x0000000000000098       0x38 ./Src/Lib/Debug/Src/ITM.o
 .debug_aranges
                0x00000000000000d0       0x38 ./Src/Lib/CMSIS/Src/system_stm32f10x.o
 .debug_aranges
                0x0000000000000108       0x20 ./Src/BeatOS_Main.o

.debug_pubnames
 *(.debug_pubnames)

.debug_info     0x0000000000000000      0xbdf
 *(.debug_info .gnu.linkonce.wi.*)
 .debug_info    0x0000000000000000      0x1bf ./Src/User/Interrupt.o
 .debug_info    0x00000000000001bf       0x7b ./Src/User/startup_stm32f10x_hd.o
 .debug_info    0x000000000000023a      0x44c ./Src/Lib/Debug/Src/ITM.o
 .debug_info    0x0000000000000686      0x488 ./Src/Lib/CMSIS/Src/system_stm32f10x.o
 .debug_info    0x0000000000000b0e       0xd1 ./Src/BeatOS_Main.o

.debug_abbrev   0x0000000000000000      0x411
 *(.debug_abbrev)
 .debug_abbrev  0x0000000000000000       0xa2 ./Src/User/Interrupt.o
 .debug_abbrev  0x00000000000000a2       0x12 ./Src/User/startup_stm32f10x_hd.o
 .debug_abbrev  0x00000000000000b4      0x157 ./Src/Lib/Debug/Src/ITM.o
 .debug_abbrev  0x000000000000020b      0x17e ./Src/Lib/CMSIS/Src/system_stm32f10x.o
 .debug_abbrev  0x0000000000000389       0x88 ./Src/BeatOS_Main.o

.debug_line     0x0000000000000000     0x19d2
 *(.debug_line)
 .debug_line    0x0000000000000000      0x6ad ./Src/User/Interrupt.o
 .debug_line    0x00000000000006ad       0x7f ./Src/User/startup_stm32f10x_hd.o
 .debug_line    0x000000000000072c      0x652 ./Src/Lib/Debug/Src/ITM.o
 .debug_line    0x0000000000000d7e      0x670 ./Src/Lib/CMSIS/Src/system_stm32f10x.o
 .debug_line    0x00000000000013ee      0x5e4 ./Src/BeatOS_Main.o

.debug_frame    0x0000000000000000     0x111c
 *(.debug_frame)
 .debug_frame   0x0000000000000000      0x120 ./Src/User/Interrupt.o
 .debug_frame   0x0000000000000120       0x84 ./Src/Lib/Debug/Src/ITM.o
 .debug_frame   0x00000000000001a4       0x80 ./Src/Lib/CMSIS/Src/system_stm32f10x.o
 .debug_frame   0x0000000000000224       0x30 ./Src/BeatOS_Main.o
 .debug_frame   0x0000000000000254       0x30 /usr/local/Cellar/arm-none-eabi-gcc/20130916/bin/../lib/gcc/arm-none-eabi/4.7.4/../../../../arm-none-eabi/lib/armv7-m/libg.a(lib_a-init.o)
 .debug_frame   0x0000000000000284       0x30 /usr/local/Cellar/arm-none-eabi-gcc/20130916/bin/../lib/gcc/arm-none-eabi/4.7.4/../../../../arm-none-eabi/lib/armv7-m/libg.a(lib_a-malloc.o)
 .debug_frame   0x00000000000002b4       0x38 /usr/local/Cellar/arm-none-eabi-gcc/20130916/bin/../lib/gcc/arm-none-eabi/4.7.4/../../../../arm-none-eabi/lib/armv7-m/libg.a(lib_a-mallocr.o)
 .debug_frame   0x00000000000002ec       0x2c /usr/local/Cellar/arm-none-eabi-gcc/20130916/bin/../lib/gcc/arm-none-eabi/4.7.4/../../../../arm-none-eabi/lib/armv7-m/libg.a(lib_a-memset.o)
 .debug_frame   0x0000000000000318       0x30 /usr/local/Cellar/arm-none-eabi-gcc/20130916/bin/../lib/gcc/arm-none-eabi/4.7.4/../../../../arm-none-eabi/lib/armv7-m/libg.a(lib_a-mlock.o)
 .debug_frame   0x0000000000000348       0x5c /usr/local/Cellar/arm-none-eabi-gcc/20130916/bin/../lib/gcc/arm-none-eabi/4.7.4/../../../../arm-none-eabi/lib/armv7-m/libg.a(lib_a-printf.o)
 .debug_frame   0x00000000000003a4       0x40 /usr/local/Cellar/arm-none-eabi-gcc/20130916/bin/../lib/gcc/arm-none-eabi/4.7.4/../../../../arm-none-eabi/lib/armv7-m/libg.a(lib_a-puts.o)
 .debug_frame   0x00000000000003e4       0x2c /usr/local/Cellar/arm-none-eabi-gcc/20130916/bin/../lib/gcc/arm-none-eabi/4.7.4/../../../../arm-none-eabi/lib/armv7-m/libg.a(lib_a-sbrkr.o)
 .debug_frame   0x0000000000000410       0x20 /usr/local/Cellar/arm-none-eabi-gcc/20130916/bin/../lib/gcc/arm-none-eabi/4.7.4/../../../../arm-none-eabi/lib/armv7-m/libg.a(lib_a-strlen.o)
 .debug_frame   0x0000000000000430       0x80 /usr/local/Cellar/arm-none-eabi-gcc/20130916/bin/../lib/gcc/arm-none-eabi/4.7.4/../../../../arm-none-eabi/lib/armv7-m/libg.a(lib_a-vfprintf.o)
 .debug_frame   0x00000000000004b0       0x2c /usr/local/Cellar/arm-none-eabi-gcc/20130916/bin/../lib/gcc/arm-none-eabi/4.7.4/../../../../arm-none-eabi/lib/armv7-m/libg.a(lib_a-wsetup.o)
 .debug_frame   0x00000000000004dc       0x64 /usr/local/Cellar/arm-none-eabi-gcc/20130916/bin/../lib/gcc/arm-none-eabi/4.7.4/../../../../arm-none-eabi/lib/armv7-m/libg.a(lib_a-dtoa.o)
 .debug_frame   0x0000000000000540       0x40 /usr/local/Cellar/arm-none-eabi-gcc/20130916/bin/../lib/gcc/arm-none-eabi/4.7.4/../../../../arm-none-eabi/lib/armv7-m/libg.a(lib_a-fflush.o)
 .debug_frame   0x0000000000000580      0x120 /usr/local/Cellar/arm-none-eabi-gcc/20130916/bin/../lib/gcc/arm-none-eabi/4.7.4/../../../../arm-none-eabi/lib/armv7-m/libg.a(lib_a-findfp.o)
 .debug_frame   0x00000000000006a0       0x50 /usr/local/Cellar/arm-none-eabi-gcc/20130916/bin/../lib/gcc/arm-none-eabi/4.7.4/../../../../arm-none-eabi/lib/armv7-m/libg.a(lib_a-freer.o)
 .debug_frame   0x00000000000006f0       0x38 /usr/local/Cellar/arm-none-eabi-gcc/20130916/bin/../lib/gcc/arm-none-eabi/4.7.4/../../../../arm-none-eabi/lib/armv7-m/libg.a(lib_a-fvwrite.o)
 .debug_frame   0x0000000000000728       0x5c /usr/local/Cellar/arm-none-eabi-gcc/20130916/bin/../lib/gcc/arm-none-eabi/4.7.4/../../../../arm-none-eabi/lib/armv7-m/libg.a(lib_a-fwalk.o)
 .debug_frame   0x0000000000000784       0xa0 /usr/local/Cellar/arm-none-eabi-gcc/20130916/bin/../lib/gcc/arm-none-eabi/4.7.4/../../../../arm-none-eabi/lib/armv7-m/libg.a(lib_a-locale.o)
 .debug_frame   0x0000000000000824       0x30 /usr/local/Cellar/arm-none-eabi-gcc/20130916/bin/../lib/gcc/arm-none-eabi/4.7.4/../../../../arm-none-eabi/lib/armv7-m/libg.a(lib_a-makebuf.o)
 .debug_frame   0x0000000000000854       0x2c /usr/local/Cellar/arm-none-eabi-gcc/20130916/bin/../lib/gcc/arm-none-eabi/4.7.4/../../../../arm-none-eabi/lib/armv7-m/libg.a(lib_a-memchr.o)
 .debug_frame   0x0000000000000880       0x30 /usr/local/Cellar/arm-none-eabi-gcc/20130916/bin/../lib/gcc/arm-none-eabi/4.7.4/../../../../arm-none-eabi/lib/armv7-m/libg.a(lib_a-memcpy.o)
 .debug_frame   0x00000000000008b0       0x30 /usr/local/Cellar/arm-none-eabi-gcc/20130916/bin/../lib/gcc/arm-none-eabi/4.7.4/../../../../arm-none-eabi/lib/armv7-m/libg.a(lib_a-memmove.o)
 .debug_frame   0x00000000000008e0      0x238 /usr/local/Cellar/arm-none-eabi-gcc/20130916/bin/../lib/gcc/arm-none-eabi/4.7.4/../../../../arm-none-eabi/lib/armv7-m/libg.a(lib_a-mprec.o)
 .debug_frame   0x0000000000000b18       0x38 /usr/local/Cellar/arm-none-eabi-gcc/20130916/bin/../lib/gcc/arm-none-eabi/4.7.4/../../../../arm-none-eabi/lib/armv7-m/libg.a(lib_a-reallocr.o)
 .debug_frame   0x0000000000000b50       0x6c /usr/local/Cellar/arm-none-eabi-gcc/20130916/bin/../lib/gcc/arm-none-eabi/4.7.4/../../../../arm-none-eabi/lib/armv7-m/libg.a(lib_a-reent.o)
 .debug_frame   0x0000000000000bbc       0x20 /usr/local/Cellar/arm-none-eabi-gcc/20130916/bin/../lib/gcc/arm-none-eabi/4.7.4/../../../../arm-none-eabi/lib/armv7-m/libg.a(lib_a-s_fpclassify.o)
 .debug_frame   0x0000000000000bdc       0x80 /usr/local/Cellar/arm-none-eabi-gcc/20130916/bin/../lib/gcc/arm-none-eabi/4.7.4/../../../../arm-none-eabi/lib/armv7-m/libg.a(lib_a-stdio.o)
 .debug_frame   0x0000000000000c5c       0xa8 /usr/local/Cellar/arm-none-eabi-gcc/20130916/bin/../lib/gcc/arm-none-eabi/4.7.4/../../../../arm-none-eabi/lib/armv7-m/libg.a(lib_a-vfiprintf.o)
 .debug_frame   0x0000000000000d04       0x2c /usr/local/Cellar/arm-none-eabi-gcc/20130916/bin/../lib/gcc/arm-none-eabi/4.7.4/../../../../arm-none-eabi/lib/armv7-m/libg.a(lib_a-writer.o)
 .debug_frame   0x0000000000000d30       0x28 /usr/local/Cellar/arm-none-eabi-gcc/20130916/bin/../lib/gcc/arm-none-eabi/4.7.4/../../../../arm-none-eabi/lib/armv7-m/libg.a(lib_a-callocr.o)
 .debug_frame   0x0000000000000d58       0x2c /usr/local/Cellar/arm-none-eabi-gcc/20130916/bin/../lib/gcc/arm-none-eabi/4.7.4/../../../../arm-none-eabi/lib/armv7-m/libg.a(lib_a-closer.o)
 .debug_frame   0x0000000000000d84       0x3c /usr/local/Cellar/arm-none-eabi-gcc/20130916/bin/../lib/gcc/arm-none-eabi/4.7.4/../../../../arm-none-eabi/lib/armv7-m/libg.a(lib_a-fclose.o)
 .debug_frame   0x0000000000000dc0       0x54 /usr/local/Cellar/arm-none-eabi-gcc/20130916/bin/../lib/gcc/arm-none-eabi/4.7.4/../../../../arm-none-eabi/lib/armv7-m/libg.a(lib_a-fputwc.o)
 .debug_frame   0x0000000000000e14       0x2c /usr/local/Cellar/arm-none-eabi-gcc/20130916/bin/../lib/gcc/arm-none-eabi/4.7.4/../../../../arm-none-eabi/lib/armv7-m/libg.a(lib_a-fstatr.o)
 .debug_frame   0x0000000000000e40       0x2c /usr/local/Cellar/arm-none-eabi-gcc/20130916/bin/../lib/gcc/arm-none-eabi/4.7.4/../../../../arm-none-eabi/lib/armv7-m/libg.a(lib_a-isattyr.o)
 .debug_frame   0x0000000000000e6c       0x2c /usr/local/Cellar/arm-none-eabi-gcc/20130916/bin/../lib/gcc/arm-none-eabi/4.7.4/../../../../arm-none-eabi/lib/armv7-m/libg.a(lib_a-lseekr.o)
 .debug_frame   0x0000000000000e98       0x2c /usr/local/Cellar/arm-none-eabi-gcc/20130916/bin/../lib/gcc/arm-none-eabi/4.7.4/../../../../arm-none-eabi/lib/armv7-m/libg.a(lib_a-readr.o)
 .debug_frame   0x0000000000000ec4       0x44 /usr/local/Cellar/arm-none-eabi-gcc/20130916/bin/../lib/gcc/arm-none-eabi/4.7.4/../../../../arm-none-eabi/lib/armv7-m/libg.a(lib_a-wbuf.o)
 .debug_frame   0x0000000000000f08       0x58 /usr/local/Cellar/arm-none-eabi-gcc/20130916/bin/../lib/gcc/arm-none-eabi/4.7.4/../../../../arm-none-eabi/lib/armv7-m/libg.a(lib_a-wcrtomb.o)
 .debug_frame   0x0000000000000f60       0x44 /usr/local/Cellar/arm-none-eabi-gcc/20130916/bin/../lib/gcc/arm-none-eabi/4.7.4/../../../../arm-none-eabi/lib/armv7-m/libg.a(lib_a-wctomb_r.o)
 .debug_frame   0x0000000000000fa4       0x50 /usr/local/Cellar/arm-none-eabi-gcc/20130916/bin/../lib/gcc/arm-none-eabi/4.7.4/armv7-m/libgcc.a(bpabi.o)
 .debug_frame   0x0000000000000ff4       0x34 /usr/local/Cellar/arm-none-eabi-gcc/20130916/bin/../lib/gcc/arm-none-eabi/4.7.4/armv7-m/libgcc.a(_divdi3.o)
 .debug_frame   0x0000000000001028       0x34 /usr/local/Cellar/arm-none-eabi-gcc/20130916/bin/../lib/gcc/arm-none-eabi/4.7.4/armv7-m/libgcc.a(_udivdi3.o)
 .debug_frame   0x000000000000105c       0x20 /usr/local/Cellar/arm-none-eabi-gcc/20130916/bin/../lib/gcc/arm-none-eabi/4.7.4/../../../../arm-none-eabi/lib/armv7-m/libnosys.a(close.o)
 .debug_frame   0x000000000000107c       0x20 /usr/local/Cellar/arm-none-eabi-gcc/20130916/bin/../lib/gcc/arm-none-eabi/4.7.4/../../../../arm-none-eabi/lib/armv7-m/libnosys.a(fstat.o)
 .debug_frame   0x000000000000109c       0x20 /usr/local/Cellar/arm-none-eabi-gcc/20130916/bin/../lib/gcc/arm-none-eabi/4.7.4/../../../../arm-none-eabi/lib/armv7-m/libnosys.a(isatty.o)
 .debug_frame   0x00000000000010bc       0x20 /usr/local/Cellar/arm-none-eabi-gcc/20130916/bin/../lib/gcc/arm-none-eabi/4.7.4/../../../../arm-none-eabi/lib/armv7-m/libnosys.a(lseek.o)
 .debug_frame   0x00000000000010dc       0x20 /usr/local/Cellar/arm-none-eabi-gcc/20130916/bin/../lib/gcc/arm-none-eabi/4.7.4/../../../../arm-none-eabi/lib/armv7-m/libnosys.a(read.o)
 .debug_frame   0x00000000000010fc       0x20 /usr/local/Cellar/arm-none-eabi-gcc/20130916/bin/../lib/gcc/arm-none-eabi/4.7.4/../../../../arm-none-eabi/lib/armv7-m/libnosys.a(sbrk.o)

.debug_str      0x0000000000000000    0x4f10d
 *(.debug_str)
 .debug_str     0x0000000000000000    0x4ed43 ./Src/User/Interrupt.o
                                      0x4eefb (size before relaxing)
 .debug_str     0x000000000004ed43      0x20f ./Src/Lib/Debug/Src/ITM.o
                                      0x4f021 (size before relaxing)
 .debug_str     0x000000000004ef52      0x18a ./Src/Lib/CMSIS/Src/system_stm32f10x.o
                                      0x4efbc (size before relaxing)
 .debug_str     0x000000000004f0dc       0x31 ./Src/BeatOS_Main.o
                                      0x4ee3a (size before relaxing)

.debug_loc      0x0000000000000000      0x3c4
 *(.debug_loc)
 .debug_loc     0x0000000000000000      0x1f0 ./Src/User/Interrupt.o
 .debug_loc     0x00000000000001f0       0xd4 ./Src/Lib/Debug/Src/ITM.o
 .debug_loc     0x00000000000002c4       0xc8 ./Src/Lib/CMSIS/Src/system_stm32f10x.o
 .debug_loc     0x000000000000038c       0x38 ./Src/BeatOS_Main.o

.debug_macinfo
 *(.debug_macinfo)

.debug_weaknames
 *(.debug_weaknames)

.debug_funcnames
 *(.debug_funcnames)

.debug_typenames
 *(.debug_typenames)

.debug_varnames
 *(.debug_varnames)
OUTPUT(BeatOS-STM32.elf elf32-littlearm)

.debug_ranges   0x0000000000000000       0xe0
 .debug_ranges  0x0000000000000000       0x60 ./Src/User/Interrupt.o
 .debug_ranges  0x0000000000000060       0x20 ./Src/User/startup_stm32f10x_hd.o
 .debug_ranges  0x0000000000000080       0x28 ./Src/Lib/Debug/Src/ITM.o
 .debug_ranges  0x00000000000000a8       0x28 ./Src/Lib/CMSIS/Src/system_stm32f10x.o
 .debug_ranges  0x00000000000000d0       0x10 ./Src/BeatOS_Main.o

.debug_macro    0x0000000000000000     0xd32a
 .debug_macro   0x0000000000000000      0x292 ./Src/User/Interrupt.o
 .debug_macro   0x0000000000000292      0x7f6 ./Src/User/Interrupt.o
 .debug_macro   0x0000000000000a88       0x16 ./Src/User/Interrupt.o
 .debug_macro   0x0000000000000a9e       0x16 ./Src/User/Interrupt.o
 .debug_macro   0x0000000000000ab4       0x3a ./Src/User/Interrupt.o
 .debug_macro   0x0000000000000aee       0x10 ./Src/User/Interrupt.o
 .debug_macro   0x0000000000000afe       0x2e ./Src/User/Interrupt.o
 .debug_macro   0x0000000000000b2c       0xa2 ./Src/User/Interrupt.o
 .debug_macro   0x0000000000000bce       0x10 ./Src/User/Interrupt.o
 .debug_macro   0x0000000000000bde       0x89 ./Src/User/Interrupt.o
 .debug_macro   0x0000000000000c67       0x10 ./Src/User/Interrupt.o
 .debug_macro   0x0000000000000c77       0x3a ./Src/User/Interrupt.o
 .debug_macro   0x0000000000000cb1       0x52 ./Src/User/Interrupt.o
 .debug_macro   0x0000000000000d03       0x19 ./Src/User/Interrupt.o
 .debug_macro   0x0000000000000d1c      0x16d ./Src/User/Interrupt.o
 .debug_macro   0x0000000000000e89       0x10 ./Src/User/Interrupt.o
 .debug_macro   0x0000000000000e99       0xf5 ./Src/User/Interrupt.o
 .debug_macro   0x0000000000000f8e       0x22 ./Src/User/Interrupt.o
 .debug_macro   0x0000000000000fb0       0x91 ./Src/User/Interrupt.o
 .debug_macro   0x0000000000001041       0x16 ./Src/User/Interrupt.o
 .debug_macro   0x0000000000001057      0x16d ./Src/User/Interrupt.o
 .debug_macro   0x00000000000011c4       0x10 ./Src/User/Interrupt.o
 .debug_macro   0x00000000000011d4       0x35 ./Src/User/Interrupt.o
 .debug_macro   0x0000000000001209       0x16 ./Src/User/Interrupt.o
 .debug_macro   0x000000000000121f       0x23 ./Src/User/Interrupt.o
 .debug_macro   0x0000000000001242       0x10 ./Src/User/Interrupt.o
 .debug_macro   0x0000000000001252       0x1c ./Src/User/Interrupt.o
 .debug_macro   0x000000000000126e       0x50 ./Src/User/Interrupt.o
 .debug_macro   0x00000000000012be       0x22 ./Src/User/Interrupt.o
 .debug_macro   0x00000000000012e0      0x214 ./Src/User/Interrupt.o
 .debug_macro   0x00000000000014f4      0x69f ./Src/User/Interrupt.o
 .debug_macro   0x0000000000001b93     0x7e6d ./Src/User/Interrupt.o
 .debug_macro   0x0000000000009a00      0x2e5 ./Src/User/Interrupt.o
 .debug_macro   0x0000000000009ce5      0x144 ./Src/User/Interrupt.o
 .debug_macro   0x0000000000009e29      0x3cf ./Src/User/Interrupt.o
 .debug_macro   0x000000000000a1f8       0xc8 ./Src/User/Interrupt.o
 .debug_macro   0x000000000000a2c0      0x17a ./Src/User/Interrupt.o
 .debug_macro   0x000000000000a43a       0xac ./Src/User/Interrupt.o
 .debug_macro   0x000000000000a4e6      0x3ad ./Src/User/Interrupt.o
 .debug_macro   0x000000000000a893       0x9a ./Src/User/Interrupt.o
 .debug_macro   0x000000000000a92d      0x2cf ./Src/User/Interrupt.o
 .debug_macro   0x000000000000abfc      0x279 ./Src/User/Interrupt.o
 .debug_macro   0x000000000000ae75      0x2ac ./Src/User/Interrupt.o
 .debug_macro   0x000000000000b121      0x2b1 ./Src/User/Interrupt.o
 .debug_macro   0x000000000000b3d2       0x64 ./Src/User/Interrupt.o
 .debug_macro   0x000000000000b436       0x82 ./Src/User/Interrupt.o
 .debug_macro   0x000000000000b4b8      0x3e2 ./Src/User/Interrupt.o
 .debug_macro   0x000000000000b89a       0x58 ./Src/User/Interrupt.o
 .debug_macro   0x000000000000b8f2      0x341 ./Src/User/Interrupt.o
 .debug_macro   0x000000000000bc33      0x2c4 ./Src/User/Interrupt.o
 .debug_macro   0x000000000000bef7      0x711 ./Src/User/Interrupt.o
 .debug_macro   0x000000000000c608      0x220 ./Src/User/Interrupt.o
 .debug_macro   0x000000000000c828       0x34 ./Src/User/Interrupt.o
 .debug_macro   0x000000000000c85c       0x8b ./Src/User/Interrupt.o
 .debug_macro   0x000000000000c8e7       0x35 ./Src/User/Interrupt.o
 .debug_macro   0x000000000000c91c      0x2a7 ./Src/Lib/Debug/Src/ITM.o
 .debug_macro   0x000000000000cbc3      0x20e ./Src/Lib/Debug/Src/ITM.o
 .debug_macro   0x000000000000cdd1       0x22 ./Src/Lib/Debug/Src/ITM.o
 .debug_macro   0x000000000000cdf3      0x295 ./Src/Lib/CMSIS/Src/system_stm32f10x.o
 .debug_macro   0x000000000000d088      0x2a2 ./Src/BeatOS_Main.o
