Archive member included because of file (symbol)

/usr/local/Cellar/arm-none-eabi-gcc/20130916/bin/../lib/gcc/arm-none-eabi/4.7.4/../../../../arm-none-eabi/lib/armv7-m/libg.a(lib_a-init.o)
                              ./Src/IO/startup_stm32f10x_hd.o (__libc_init_array)
/usr/local/Cellar/arm-none-eabi-gcc/20130916/bin/../lib/gcc/arm-none-eabi/4.7.4/../../../../arm-none-eabi/lib/armv7-m/libg.a(lib_a-printf.o)
                              ./Src/IO/Interrupt.o (printf)
/usr/local/Cellar/arm-none-eabi-gcc/20130916/bin/../lib/gcc/arm-none-eabi/4.7.4/../../../../arm-none-eabi/lib/armv7-m/libg.a(lib_a-puts.o)
                              ./Src/IO/Interrupt.o (puts)
/usr/local/Cellar/arm-none-eabi-gcc/20130916/bin/../lib/gcc/arm-none-eabi/4.7.4/../../../../arm-none-eabi/lib/armv7-m/libg.a(lib_a-strlen.o)
                              /usr/local/Cellar/arm-none-eabi-gcc/20130916/bin/../lib/gcc/arm-none-eabi/4.7.4/../../../../arm-none-eabi/lib/armv7-m/libg.a(lib_a-puts.o) (strlen)
/usr/local/Cellar/arm-none-eabi-gcc/20130916/bin/../lib/gcc/arm-none-eabi/4.7.4/../../../../arm-none-eabi/lib/armv7-m/libg.a(lib_a-vfprintf.o)
                              /usr/local/Cellar/arm-none-eabi-gcc/20130916/bin/../lib/gcc/arm-none-eabi/4.7.4/../../../../arm-none-eabi/lib/armv7-m/libg.a(lib_a-printf.o) (_vfprintf_r)
/usr/local/Cellar/arm-none-eabi-gcc/20130916/bin/../lib/gcc/arm-none-eabi/4.7.4/../../../../arm-none-eabi/lib/armv7-m/libg.a(lib_a-wsetup.o)
                              /usr/local/Cellar/arm-none-eabi-gcc/20130916/bin/../lib/gcc/arm-none-eabi/4.7.4/../../../../arm-none-eabi/lib/armv7-m/libg.a(lib_a-vfprintf.o) (__swsetup_r)
/usr/local/Cellar/arm-none-eabi-gcc/20130916/bin/../lib/gcc/arm-none-eabi/4.7.4/../../../../arm-none-eabi/lib/armv7-m/libg.a(lib_a-dtoa.o)
                              /usr/local/Cellar/arm-none-eabi-gcc/20130916/bin/../lib/gcc/arm-none-eabi/4.7.4/../../../../arm-none-eabi/lib/armv7-m/libg.a(lib_a-vfprintf.o) (_dtoa_r)
/usr/local/Cellar/arm-none-eabi-gcc/20130916/bin/../lib/gcc/arm-none-eabi/4.7.4/../../../../arm-none-eabi/lib/armv7-m/libg.a(lib_a-fflush.o)
                              /usr/local/Cellar/arm-none-eabi-gcc/20130916/bin/../lib/gcc/arm-none-eabi/4.7.4/../../../../arm-none-eabi/lib/armv7-m/libg.a(lib_a-vfprintf.o) (_fflush_r)
/usr/local/Cellar/arm-none-eabi-gcc/20130916/bin/../lib/gcc/arm-none-eabi/4.7.4/../../../../arm-none-eabi/lib/armv7-m/libg.a(lib_a-findfp.o)
                              /usr/local/Cellar/arm-none-eabi-gcc/20130916/bin/../lib/gcc/arm-none-eabi/4.7.4/../../../../arm-none-eabi/lib/armv7-m/libg.a(lib_a-vfprintf.o) (__sinit)
/usr/local/Cellar/arm-none-eabi-gcc/20130916/bin/../lib/gcc/arm-none-eabi/4.7.4/../../../../arm-none-eabi/lib/armv7-m/libg.a(lib_a-freer.o)
                              /usr/local/Cellar/arm-none-eabi-gcc/20130916/bin/../lib/gcc/arm-none-eabi/4.7.4/../../../../arm-none-eabi/lib/armv7-m/libg.a(lib_a-wsetup.o) (_free_r)
/usr/local/Cellar/arm-none-eabi-gcc/20130916/bin/../lib/gcc/arm-none-eabi/4.7.4/../../../../arm-none-eabi/lib/armv7-m/libg.a(lib_a-fvwrite.o)
                              /usr/local/Cellar/arm-none-eabi-gcc/20130916/bin/../lib/gcc/arm-none-eabi/4.7.4/../../../../arm-none-eabi/lib/armv7-m/libg.a(lib_a-puts.o) (__sfvwrite_r)
/usr/local/Cellar/arm-none-eabi-gcc/20130916/bin/../lib/gcc/arm-none-eabi/4.7.4/../../../../arm-none-eabi/lib/armv7-m/libg.a(lib_a-fwalk.o)
                              /usr/local/Cellar/arm-none-eabi-gcc/20130916/bin/../lib/gcc/arm-none-eabi/4.7.4/../../../../arm-none-eabi/lib/armv7-m/libg.a(lib_a-findfp.o) (_fwalk)
/usr/local/Cellar/arm-none-eabi-gcc/20130916/bin/../lib/gcc/arm-none-eabi/4.7.4/../../../../arm-none-eabi/lib/armv7-m/libg.a(lib_a-impure.o)
                              /usr/local/Cellar/arm-none-eabi-gcc/20130916/bin/../lib/gcc/arm-none-eabi/4.7.4/../../../../arm-none-eabi/lib/armv7-m/libg.a(lib_a-fflush.o) (_global_impure_ptr)
/usr/local/Cellar/arm-none-eabi-gcc/20130916/bin/../lib/gcc/arm-none-eabi/4.7.4/../../../../arm-none-eabi/lib/armv7-m/libg.a(lib_a-locale.o)
                              /usr/local/Cellar/arm-none-eabi-gcc/20130916/bin/../lib/gcc/arm-none-eabi/4.7.4/../../../../arm-none-eabi/lib/armv7-m/libg.a(lib_a-vfprintf.o) (_localeconv_r)
/usr/local/Cellar/arm-none-eabi-gcc/20130916/bin/../lib/gcc/arm-none-eabi/4.7.4/../../../../arm-none-eabi/lib/armv7-m/libg.a(lib_a-makebuf.o)
                              /usr/local/Cellar/arm-none-eabi-gcc/20130916/bin/../lib/gcc/arm-none-eabi/4.7.4/../../../../arm-none-eabi/lib/armv7-m/libg.a(lib_a-wsetup.o) (__smakebuf_r)
/usr/local/Cellar/arm-none-eabi-gcc/20130916/bin/../lib/gcc/arm-none-eabi/4.7.4/../../../../arm-none-eabi/lib/armv7-m/libg.a(lib_a-mallocr.o)
                              /usr/local/Cellar/arm-none-eabi-gcc/20130916/bin/../lib/gcc/arm-none-eabi/4.7.4/../../../../arm-none-eabi/lib/armv7-m/libg.a(lib_a-findfp.o) (_malloc_r)
[...]
Memory Configuration

Name             Origin             Length             Attributes
FLASH            0x0000000008000000 0x0000000000080000 xr
RAM              0x0000000020000000 0x0000000000010000 xrw
MEMORY_B1        0x0000000060000000 0x0000000000000000 xr
*default*        0x0000000000000000 0xffffffffffffffff

Linker script and memory map

LOAD ./Src/Lib/StdPeriph/Src/misc.o
LOAD ./Src/Lib/StdPeriph/Src/stm32f10x_adc.o
LOAD ./Src/Lib/StdPeriph/Src/stm32f10x_bkp.o
LOAD ./Src/Lib/StdPeriph/Src/stm32f10x_can.o
LOAD ./Src/Lib/StdPeriph/Src/stm32f10x_cec.o
LOAD ./Src/Lib/StdPeriph/Src/stm32f10x_crc.o
LOAD ./Src/Lib/StdPeriph/Src/stm32f10x_dac.o
LOAD ./Src/Lib/StdPeriph/Src/stm32f10x_dbgmcu.o
LOAD ./Src/Lib/StdPeriph/Src/stm32f10x_dma.o
LOAD ./Src/Lib/StdPeriph/Src/stm32f10x_exti.o
LOAD ./Src/Lib/StdPeriph/Src/stm32f10x_flash.o
LOAD ./Src/Lib/StdPeriph/Src/stm32f10x_fsmc.o
LOAD ./Src/Lib/StdPeriph/Src/stm32f10x_gpio.o
LOAD ./Src/Lib/StdPeriph/Src/stm32f10x_i2c.o
LOAD ./Src/Lib/StdPeriph/Src/stm32f10x_iwdg.o
LOAD ./Src/Lib/StdPeriph/Src/stm32f10x_pwr.o
LOAD ./Src/Lib/StdPeriph/Src/stm32f10x_rcc.o
LOAD ./Src/Lib/StdPeriph/Src/stm32f10x_rtc.o
LOAD ./Src/Lib/StdPeriph/Src/stm32f10x_sdio.o
LOAD ./Src/Lib/StdPeriph/Src/stm32f10x_spi.o
LOAD ./Src/Lib/StdPeriph/Src/stm32f10x_tim.o
LOAD ./Src/Lib/StdPeriph/Src/stm32f10x_usart.o
LOAD ./Src/Lib/StdPeriph/Src/stm32f10x_wwdg.o
LOAD ./Src/Lib/Debug/Src/ITM.o
LOAD ./Src/Lib/CMSIS/Src/core_cm3.o
LOAD ./Src/Lib/CMSIS/Src/startup_stm32f10x.o
LOAD ./Src/Lib/CMSIS/Src/system_stm32f10x.o
LOAD ./Src/IO/Interrupt.o
LOAD ./Src/IO/startup_stm32f10x_hd.o
LOAD ./Src/BeatOS_Main.o
START GROUP
LOAD /usr/local/Cellar/arm-none-eabi-gcc/20130916/bin/../lib/gcc/arm-none-eabi/4.7.4/armv7-m/libgcc.a
LOAD /usr/local/Cellar/arm-none-eabi-gcc/20130916/bin/../lib/gcc/arm-none-eabi/4.7.4/../../../../arm-none-eabi/lib/armv7-m/libg.a
LOAD /usr/local/Cellar/arm-none-eabi-gcc/20130916/bin/../lib/gcc/arm-none-eabi/4.7.4/../../../../arm-none-eabi/lib/armv7-m/libc.a
END GROUP
START GROUP
LOAD /usr/local/Cellar/arm-none-eabi-gcc/20130916/bin/../lib/gcc/arm-none-eabi/4.7.4/armv7-m/libgcc.a
LOAD /usr/local/Cellar/arm-none-eabi-gcc/20130916/bin/../lib/gcc/arm-none-eabi/4.7.4/../../../../arm-none-eabi/lib/armv7-m/libg.a
LOAD /usr/local/Cellar/arm-none-eabi-gcc/20130916/bin/../lib/gcc/arm-none-eabi/4.7.4/../../../../arm-none-eabi/lib/armv7-m/libc.a
LOAD /usr/local/Cellar/arm-none-eabi-gcc/20130916/bin/../lib/gcc/arm-none-eabi/4.7.4/../../../../arm-none-eabi/lib/armv7-m/libm.a
LOAD /usr/local/Cellar/arm-none-eabi-gcc/20130916/bin/../lib/gcc/arm-none-eabi/4.7.4/../../../../arm-none-eabi/lib/armv7-m/libnosys.a
END GROUP
                0x0000000020010000                _estack = 0x20010000
                0x0000000000000000                _Min_Heap_Size = 0x0
                0x0000000000000400                _Min_Stack_Size = 0x400
                0x0000000020000008                PROVIDE (_Heap_Begin, _ebss)
                0x000000002000fc00                PROVIDE (_Heap_Limit, (_estack - _Min_Stack_Size))

.isr_vector     0x0000000008000000      0x1e4
                0x0000000008000000                . = ALIGN (0x4)
 *(.isr_vector)
 .isr_vector    0x0000000008000000      0x1e4 ./Src/IO/startup_stm32f10x_hd.o
                0x0000000008000000                g_pfnVectors
                0x00000000080001e4                . = ALIGN (0x4)

.text           0x00000000080001e4      0x6ec
                0x00000000080001e4                . = ALIGN (0x4)
 *(.text)
 *(.text*)
 .text.GPIO_Init
                0x00000000080001e4      0x3dc ./Src/Lib/StdPeriph/Src/stm32f10x_gpio.o
                0x00000000080001e4                GPIO_Init
 .text.GPIO_SetBits
                0x00000000080005c0        0x4 ./Src/Lib/StdPeriph/Src/stm32f10x_gpio.o
                0x00000000080005c0                GPIO_SetBits
 .text.GPIO_ResetBits
                0x00000000080005c4        0x4 ./Src/Lib/StdPeriph/Src/stm32f10x_gpio.o
                0x00000000080005c4                GPIO_ResetBits
 .text.RCC_APB2PeriphClockCmd
                0x00000000080005c8       0x1c ./Src/Lib/StdPeriph/Src/stm32f10x_rcc.o
                0x00000000080005c8                RCC_APB2PeriphClockCmd
 .text._init    0x00000000080005e4        0x4 ./Src/Lib/Debug/Src/ITM.o
                0x00000000080005e4                _init
 .text.SystemInit
                0x00000000080005e8      0x120 ./Src/Lib/CMSIS/Src/system_stm32f10x.o
                0x00000000080005e8                SystemInit
 .text.NMI_Handler
                0x0000000008000708        0x4 ./Src/IO/Interrupt.o
                0x0000000008000708                NMI_Handler
 .text.MemManage_Handler
                0x000000000800070c        0x4 ./Src/IO/Interrupt.o
                0x000000000800070c                MemManage_Handler
 .text.BusFault_Handler
                0x0000000008000710        0x4 ./Src/IO/Interrupt.o
                0x0000000008000710                BusFault_Handler
 .text.UsageFault_Handler
                0x0000000008000714        0x4 ./Src/IO/Interrupt.o
                0x0000000008000714                UsageFault_Handler
 .text.SVC_Handler
                0x0000000008000718        0x4 ./Src/IO/Interrupt.o
                0x0000000008000718                SVC_Handler
 .text.DebugMon_Handler
                0x000000000800071c        0x4 ./Src/IO/Interrupt.o
                0x000000000800071c                DebugMon_Handler
 .text.PendSV_Handler
                0x0000000008000720        0x4 ./Src/IO/Interrupt.o
                0x0000000008000720                PendSV_Handler
 .text.SDIO_IRQHandler
                0x0000000008000724        0x4 ./Src/IO/Interrupt.o
                0x0000000008000724                SDIO_IRQHandler
 .text.USART1_IRQHandler
                0x0000000008000728        0x4 ./Src/IO/Interrupt.o
                0x0000000008000728                USART1_IRQHandler
 .text.EXTI9_5_IRQHandler
                0x000000000800072c        0x4 ./Src/IO/Interrupt.o
                0x000000000800072c                EXTI9_5_IRQHandler
 .text.Reset_Handler
                0x0000000008000730       0x50 ./Src/IO/startup_stm32f10x_hd.o
                0x0000000008000730                Reset_Handler
 .text.Default_Handler
                0x0000000008000780        0x4 ./Src/IO/startup_stm32f10x_hd.o
                0x0000000008000780                DMA2_Channel3_IRQHandler
                0x0000000008000780                TIM8_TRG_COM_IRQHandler
                0x0000000008000780                TIM8_CC_IRQHandler
                0x0000000008000780                TIM1_CC_IRQHandler
                0x0000000008000780                HardFault_Handler
                0x0000000008000780                TIM6_IRQHandler
                0x0000000008000780                PVD_IRQHandler
                0x0000000008000780                EXTI3_IRQHandler
                0x0000000008000780                EXTI0_IRQHandler
                0x0000000008000780                I2C2_EV_IRQHandler
                0x0000000008000780                ADC1_2_IRQHandler
                0x0000000008000780                SPI1_IRQHandler
                0x0000000008000780                TAMPER_IRQHandler
                0x0000000008000780                TIM8_UP_IRQHandler
                0x0000000008000780                DMA2_Channel2_IRQHandler
                0x0000000008000780                DMA1_Channel4_IRQHandler
                0x0000000008000780                USART3_IRQHandler
                0x0000000008000780                RTC_IRQHandler
                0x0000000008000780                DMA1_Channel7_IRQHandler
                0x0000000008000780                CAN1_RX1_IRQHandler
                0x0000000008000780                UART5_IRQHandler
                0x0000000008000780                ADC3_IRQHandler
                0x0000000008000780                TIM4_IRQHandler
                0x0000000008000780                DMA2_Channel1_IRQHandler
                0x0000000008000780                I2C1_EV_IRQHandler
                0x0000000008000780                DMA1_Channel6_IRQHandler
                0x0000000008000780                UART4_IRQHandler
                0x0000000008000780                TIM3_IRQHandler
                0x0000000008000780                RCC_IRQHandler
                0x0000000008000780                TIM1_TRG_COM_IRQHandler
                0x0000000008000780                DMA1_Channel1_IRQHandler
                0x0000000008000780                Default_Handler
                0x0000000008000780                EXTI15_10_IRQHandler
                0x0000000008000780                TIM7_IRQHandler
                0x0000000008000780                TIM5_IRQHandler
                0x0000000008000780                SPI2_IRQHandler
                0x0000000008000780                DMA1_Channel5_IRQHandler
                0x0000000008000780                EXTI4_IRQHandler
                0x0000000008000780                USB_LP_CAN1_RX0_IRQHandler
                0x0000000008000780                USB_HP_CAN1_TX_IRQHandler
                0x0000000008000780                DMA1_Channel3_IRQHandler
                0x0000000008000780                FSMC_IRQHandler
                0x0000000008000780                TIM1_UP_IRQHandler
                0x0000000008000780                WWDG_IRQHandler
                0x0000000008000780                TIM2_IRQHandler
                0x0000000008000780                TIM1_BRK_IRQHandler
                0x0000000008000780                EXTI1_IRQHandler
                0x0000000008000780                RTCAlarm_IRQHandler
                0x0000000008000780                DMA2_Channel4_5_IRQHandler
                0x0000000008000780                USART2_IRQHandler
                0x0000000008000780                I2C2_ER_IRQHandler
                0x0000000008000780                DMA1_Channel2_IRQHandler
                0x0000000008000780                TIM8_BRK_IRQHandler
                0x0000000008000780                CAN1_SCE_IRQHandler
                0x0000000008000780                FLASH_IRQHandler
                0x0000000008000780                SPI3_IRQHandler
                0x0000000008000780                I2C1_ER_IRQHandler
                0x0000000008000780                USBWakeUp_IRQHandler
                0x0000000008000780                EXTI2_IRQHandler
 .text.startup.main
                0x0000000008000784       0xa4 ./Src/BeatOS_Main.o
                0x0000000008000784                main
 .text.SysTick_Handler
                0x0000000008000828       0x14 ./Src/BeatOS_Main.o
                0x0000000008000828                SysTick_Handler
 .text.__libc_init_array
                0x000000000800083c       0x94 /usr/local/Cellar/arm-none-eabi-gcc/20130916/bin/../lib/gcc/arm-none-eabi/4.7.4/../../../../arm-none-eabi/lib/armv7-m/libg.a(lib_a-init.o)
                0x000000000800083c                __libc_init_array
 *(.rodata)
 *(.rodata*)
 *(.glue_7)
 .glue_7        0x0000000000000000        0x0 linker stubs
 *(.glue_7t)
 .glue_7t       0x0000000000000000        0x0 linker stubs
 *(.init)
 *(.fini)
                0x00000000080008d0                . = ALIGN (0x4)
                0x00000000080008d0                _etext = .

.vfp11_veneer   0x00000000080008d0        0x0
 .vfp11_veneer  0x0000000000000000        0x0 linker stubs

.v4_bx          0x00000000080008d0        0x0
 .v4_bx         0x0000000000000000        0x0 linker stubs

.iplt           0x00000000080008d0        0x0
 .iplt          0x0000000000000000        0x0 ./Src/Lib/StdPeriph/Src/misc.o

.rel.dyn        0x00000000080008d0        0x0
 .rel.iplt      0x0000000000000000        0x0 ./Src/Lib/StdPeriph/Src/misc.o

.ARM.extab
 *(.ARM.extab* .gnu.linkonce.armextab.*)

.ARM            0x00000000080008d0        0x0
                0x00000000080008d0                __exidx_start = .
 *(.ARM.exidx*)
                0x00000000080008d0                __exidx_end = .

.ARM.attributes
                0x00000000080008d0       0x31
 *(.ARM.attributes)
 .ARM.attributes
                0x00000000080008d0       0x33 ./Src/Lib/StdPeriph/Src/stm32f10x_gpio.o
 .ARM.attributes
                0x0000000008000903       0x33 ./Src/Lib/StdPeriph/Src/stm32f10x_rcc.o
 .ARM.attributes
                0x0000000008000936       0x33 ./Src/Lib/Debug/Src/ITM.o
 .ARM.attributes
                0x0000000008000969       0x33 ./Src/Lib/CMSIS/Src/system_stm32f10x.o
 .ARM.attributes
                0x000000000800099c       0x33 ./Src/IO/Interrupt.o
 .ARM.attributes
                0x00000000080009cf       0x21 ./Src/IO/startup_stm32f10x_hd.o
 .ARM.attributes
                0x00000000080009f0       0x33 ./Src/BeatOS_Main.o
 .ARM.attributes
                0x0000000008000a23       0x2d /usr/local/Cellar/arm-none-eabi-gcc/20130916/bin/../lib/gcc/arm-none-eabi/4.7.4/../../../../arm-none-eabi/lib/armv7-m/libg.a(lib_a-init.o)

.preinit_array  0x00000000080008d0        0x0
                0x00000000080008d0                PROVIDE (__preinit_array_start, .)
 *(.preinit_array*)
                0x00000000080008d0                PROVIDE (__preinit_array_end, .)

.init_array     0x00000000080008d0        0x0
                0x00000000080008d0                PROVIDE (__init_array_start, .)
 *(SORT(.init_array.*))
 *(.init_array*)
                0x00000000080008d0                PROVIDE (__init_array_end, .)

.fini_array     0x00000000080008d0        0x0
                0x00000000080008d0                PROVIDE (__fini_array_start, .)
 *(.fini_array*)
 *(SORT(.fini_array.*))
                0x00000000080008d0                PROVIDE (__fini_array_end, .)
                0x00000000080008d0                _sidata = .

.data           0x0000000020000000        0x4 load address 0x00000000080008d0
                0x0000000020000000                . = ALIGN (0x4)
                0x0000000020000000                _sdata = .
 *(.data)
 *(.data*)
 .data.SystemCoreClock
                0x0000000020000000        0x4 ./Src/Lib/CMSIS/Src/system_stm32f10x.o
                0x0000000020000000                SystemCoreClock
                0x0000000020000004                . = ALIGN (0x4)
                0x0000000020000004                _edata = .

.igot.plt       0x0000000020000004        0x0 load address 0x00000000080008d4
 .igot.plt      0x0000000000000000        0x0 ./Src/Lib/StdPeriph/Src/misc.o
                0x0000000020000004                . = ALIGN (0x4)

.bss            0x0000000020000004        0x4 load address 0x00000000080008d4
                0x0000000020000004                _sbss = .
                0x0000000020000004                __bss_start__ = _sbss
 *(.bss)
 *(.bss*)
 .bss.uwTimingDelay
                0x0000000020000004        0x4 ./Src/BeatOS_Main.o
 *(COMMON)
                0x0000000020000008                . = ALIGN (0x4)
                0x0000000020000008                _ebss = .
                0x0000000020000008                __bss_end__ = _ebss
                0x0000000020000008                PROVIDE (end, _ebss)
                0x0000000020000008                PROVIDE (_end, _ebss)

._user_heap_stack
                0x0000000020000008      0x400 load address 0x00000000080008d8
                0x0000000020000008                . = ALIGN (0x4)
                0x0000000020000008                . = (. + _Min_Heap_Size)
                0x0000000020000408                . = (. + _Min_Stack_Size)
 *fill*         0x0000000020000008      0x400 00
                0x0000000020000408                . = ALIGN (0x4)

.memory_b1_text
 *(.mb1text)
 *(.mb1text*)
 *(.mb1rodata)
 *(.mb1rodata*)

/DISCARD/
 libc.a(*)
 libm.a(*)
 libgcc.a(*)

.stab
 *(.stab)

.stabstr        0x0000000000000000      0x117
 *(.stabstr)
 .stabstr       0x0000000000000000      0x117 /usr/local/Cellar/arm-none-eabi-gcc/20130916/bin/../lib/gcc/arm-none-eabi/4.7.4/../../../../arm-none-eabi/lib/armv7-m/libnosys.a(close.o)

.stab.excl
 *(.stab.excl)

.stab.exclstr
 *(.stab.exclstr)

.stab.index
 *(.stab.index)

.stab.indexstr
 *(.stab.indexstr)

.comment        0x0000000000000000       0x70
 *(.comment)
 .comment       0x0000000000000000       0x70 ./Src/Lib/StdPeriph/Src/stm32f10x_gpio.o
                                         0x71 (size before relaxing)
 .comment       0x0000000000000000       0x71 ./Src/Lib/StdPeriph/Src/stm32f10x_rcc.o
 .comment       0x0000000000000000       0x71 ./Src/Lib/Debug/Src/ITM.o
 .comment       0x0000000000000000       0x71 ./Src/Lib/CMSIS/Src/system_stm32f10x.o
 .comment       0x0000000000000000       0x71 ./Src/IO/Interrupt.o
 .comment       0x0000000000000000       0x71 ./Src/BeatOS_Main.o

.debug
 *(.debug)

.line
 *(.line)

.debug_srcinfo
 *(.debug_srcinfo)

.debug_sfnames
 *(.debug_sfnames)

.debug_aranges  0x0000000000000000      0x2d8
 *(.debug_aranges)
 .debug_aranges
                0x0000000000000000       0xa8 ./Src/Lib/StdPeriph/Src/stm32f10x_gpio.o
 .debug_aranges
                0x00000000000000a8      0x118 ./Src/Lib/StdPeriph/Src/stm32f10x_rcc.o
 .debug_aranges
                0x00000000000001c0       0x30 ./Src/Lib/Debug/Src/ITM.o
 .debug_aranges
                0x00000000000001f0       0x28 ./Src/Lib/CMSIS/Src/system_stm32f10x.o
 .debug_aranges
                0x0000000000000218       0x70 ./Src/IO/Interrupt.o
 .debug_aranges
                0x0000000000000288       0x28 ./Src/IO/startup_stm32f10x_hd.o
 .debug_aranges
                0x00000000000002b0       0x28 ./Src/BeatOS_Main.o

.debug_pubnames
 *(.debug_pubnames)

.debug_info     0x0000000000000000     0x2898
 *(.debug_info .gnu.linkonce.wi.*)
 .debug_info    0x0000000000000000      0x8da ./Src/Lib/StdPeriph/Src/stm32f10x_gpio.o
 .debug_info    0x00000000000008da      0x9b5 ./Src/Lib/StdPeriph/Src/stm32f10x_rcc.o
 .debug_info    0x000000000000128f      0x18b ./Src/Lib/Debug/Src/ITM.o
 .debug_info    0x000000000000141a      0x4a7 ./Src/Lib/CMSIS/Src/system_stm32f10x.o
 .debug_info    0x00000000000018c1      0x66e ./Src/IO/Interrupt.o
 .debug_info    0x0000000000001f2f       0x7c ./Src/IO/startup_stm32f10x_hd.o
 .debug_info    0x0000000000001fab      0x8ed ./Src/BeatOS_Main.o

.debug_abbrev   0x0000000000000000      0xb1b
 *(.debug_abbrev)
 .debug_abbrev  0x0000000000000000      0x221 ./Src/Lib/StdPeriph/Src/stm32f10x_gpio.o
 .debug_abbrev  0x0000000000000221      0x28f ./Src/Lib/StdPeriph/Src/stm32f10x_rcc.o
 .debug_abbrev  0x00000000000004b0      0x100 ./Src/Lib/Debug/Src/ITM.o
 .debug_abbrev  0x00000000000005b0      0x19b ./Src/Lib/CMSIS/Src/system_stm32f10x.o
 .debug_abbrev  0x000000000000074b      0x137 ./Src/IO/Interrupt.o
 .debug_abbrev  0x0000000000000882       0x12 ./Src/IO/startup_stm32f10x_hd.o
 .debug_abbrev  0x0000000000000894      0x287 ./Src/BeatOS_Main.o

.debug_line     0x0000000000000000      0xef4
 *(.debug_line)
 .debug_line    0x0000000000000000      0x466 ./Src/Lib/StdPeriph/Src/stm32f10x_gpio.o
 .debug_line    0x0000000000000466      0x3fc ./Src/Lib/StdPeriph/Src/stm32f10x_rcc.o
 .debug_line    0x0000000000000862       0xba ./Src/Lib/Debug/Src/ITM.o
 .debug_line    0x000000000000091c      0x184 ./Src/Lib/CMSIS/Src/system_stm32f10x.o
 .debug_line    0x0000000000000aa0      0x20c ./Src/IO/Interrupt.o
 .debug_line    0x0000000000000cac       0x7d ./Src/IO/startup_stm32f10x_hd.o
 .debug_line    0x0000000000000d29      0x1cb ./Src/BeatOS_Main.o

.debug_frame    0x0000000000000000      0x54c
 *(.debug_frame)
 .debug_frame   0x0000000000000000      0x160 ./Src/Lib/StdPeriph/Src/stm32f10x_gpio.o
 .debug_frame   0x0000000000000160      0x21c ./Src/Lib/StdPeriph/Src/stm32f10x_rcc.o
 .debug_frame   0x000000000000037c       0x58 ./Src/Lib/Debug/Src/ITM.o
 .debug_frame   0x00000000000003d4       0x34 ./Src/Lib/CMSIS/Src/system_stm32f10x.o
 .debug_frame   0x0000000000000408       0xd8 ./Src/IO/Interrupt.o
 .debug_frame   0x00000000000004e0       0x3c ./Src/BeatOS_Main.o
 .debug_frame   0x000000000000051c       0x30 /usr/local/Cellar/arm-none-eabi-gcc/20130916/bin/../lib/gcc/arm-none-eabi/4.7.4/../../../../arm-none-eabi/lib/armv7-m/libg.a(lib_a-init.o)

.debug_str      0x0000000000000000     0x1015
 *(.debug_str)
 .debug_str     0x0000000000000000      0x4be ./Src/Lib/StdPeriph/Src/stm32f10x_gpio.o
                                        0x4f7 (size before relaxing)
 .debug_str     0x00000000000004be      0x423 ./Src/Lib/StdPeriph/Src/stm32f10x_rcc.o
                                        0x5e1 (size before relaxing)
 .debug_str     0x00000000000008e1       0x39 ./Src/Lib/Debug/Src/ITM.o
                                        0x158 (size before relaxing)
 .debug_str     0x000000000000091a       0xe7 ./Src/Lib/CMSIS/Src/system_stm32f10x.o
                                        0x2a3 (size before relaxing)
 .debug_str     0x0000000000000a01      0x14d ./Src/IO/Interrupt.o
                                        0x284 (size before relaxing)
 .debug_str     0x0000000000000b4e      0x4c7 ./Src/BeatOS_Main.o
                                        0x7ec (size before relaxing)

.debug_loc      0x0000000000000000     0x22dc
 *(.debug_loc)
 .debug_loc     0x0000000000000000     0x163d ./Src/Lib/StdPeriph/Src/stm32f10x_gpio.o
 .debug_loc     0x000000000000163d      0x88d ./Src/Lib/StdPeriph/Src/stm32f10x_rcc.o
 .debug_loc     0x0000000000001eca      0x1a5 ./Src/Lib/Debug/Src/ITM.o
 .debug_loc     0x000000000000206f      0x13a ./Src/Lib/CMSIS/Src/system_stm32f10x.o
 .debug_loc     0x00000000000021a9       0xaa ./Src/IO/Interrupt.o
 .debug_loc     0x0000000000002253       0x89 ./Src/BeatOS_Main.o

.debug_macinfo
 *(.debug_macinfo)

.debug_weaknames
 *(.debug_weaknames)

.debug_funcnames
 *(.debug_funcnames)

.debug_typenames
 *(.debug_typenames)

.debug_varnames
 *(.debug_varnames)
OUTPUT(BeatOS-STM32.elf elf32-littlearm)

.debug_ranges   0x0000000000000000      0x350
 .debug_ranges  0x0000000000000000       0x98 ./Src/Lib/StdPeriph/Src/stm32f10x_gpio.o
 .debug_ranges  0x0000000000000098      0x138 ./Src/Lib/StdPeriph/Src/stm32f10x_rcc.o
 .debug_ranges  0x00000000000001d0       0x20 ./Src/Lib/Debug/Src/ITM.o
 .debug_ranges  0x00000000000001f0       0x90 ./Src/Lib/CMSIS/Src/system_stm32f10x.o
 .debug_ranges  0x0000000000000280       0x60 ./Src/IO/Interrupt.o
 .debug_ranges  0x00000000000002e0       0x20 ./Src/IO/startup_stm32f10x_hd.o
 .debug_ranges  0x0000000000000300       0x50 ./Src/BeatOS_Main.o
